<?xml version="1.0" encoding="UTF-8" ?>
<testsuites name="vitest tests" tests="30" failures="14" errors="0" time="28.549913903">
    <testsuite name="src/components/cathedra/TemaDetailPage.advanced.test.tsx" timestamp="2026-04-25T04:40:18.854Z" hostname="sandbox-pool-77c949f697-6mpfs" tests="4" failures="0" errors="0" skipped="0" time="0.605892632">
        <testcase classname="src/components/cathedra/TemaDetailPage.advanced.test.tsx" name="TemaDetailPage - Advanced Integration Tests &gt; validates accessibility roles and attributes for Tabs" time="0.198308576">
            <system-out>
[STATS] {&quot;calls&quot;:0,&quot;tabs&quot;:{}}

            </system-out>
            <system-err>
⚠️ React Router Future Flag Warning: React Router will begin wrapping state updates in `React.startTransition` in v7. You can use the `v7_startTransition` future flag to opt-in early. For more information, see https://reactrouter.com/v6/upgrading/future#v7_starttransition.
⚠️ React Router Future Flag Warning: Relative route resolution within Splat routes is changing in v7. You can use the `v7_relativeSplatPath` future flag to opt-in early. For more information, see https://reactrouter.com/v6/upgrading/future#v7_relativesplatpath.

            </system-err>
        </testcase>
        <testcase classname="src/components/cathedra/TemaDetailPage.advanced.test.tsx" name="TemaDetailPage - Advanced Integration Tests &gt; ensures skeleton is correctly placed within active tab content" time="0.16337311">
            <system-out>
[STATS] {&quot;calls&quot;:2,&quot;tabs&quot;:{&quot;SkelLoc&quot;:2}}

            </system-out>
        </testcase>
        <testcase classname="src/components/cathedra/TemaDetailPage.advanced.test.tsx" name="TemaDetailPage - Advanced Integration Tests &gt; verifies that category limits are maintained" time="0.138708591">
            <system-out>
[STATS] {&quot;calls&quot;:1,&quot;tabs&quot;:{&quot;Limits&quot;:1}}

            </system-out>
        </testcase>
        <testcase classname="src/components/cathedra/TemaDetailPage.advanced.test.tsx" name="TemaDetailPage - Advanced Integration Tests &gt; simulates fetch abort and ensures UI stability" time="0.103520456">
            <system-out>
[STATS] {&quot;calls&quot;:2,&quot;tabs&quot;:{&quot;Abort&quot;:2}}

            </system-out>
        </testcase>
    </testsuite>
    <testsuite name="src/components/cathedra/TemaDetailPage.keyboard.test.tsx" timestamp="2026-04-25T04:40:18.863Z" hostname="sandbox-pool-77c949f697-6mpfs" tests="3" failures="0" errors="0" skipped="0" time="0.621257063">
        <testcase classname="src/components/cathedra/TemaDetailPage.keyboard.test.tsx" name="TemaDetailPage - Keyboard Navigation Integration Tests &gt; navigates between tabs using Arrow keys and validates content updates" time="0.454026715">
            <system-err>
⚠️ React Router Future Flag Warning: React Router will begin wrapping state updates in `React.startTransition` in v7. You can use the `v7_startTransition` future flag to opt-in early. For more information, see https://reactrouter.com/v6/upgrading/future#v7_starttransition.
⚠️ React Router Future Flag Warning: Relative route resolution within Splat routes is changing in v7. You can use the `v7_relativeSplatPath` future flag to opt-in early. For more information, see https://reactrouter.com/v6/upgrading/future#v7_relativesplatpath.

Warning: An update to ForwardRef inside a test was not wrapped in act(...).

When testing, code that causes React state updates should be wrapped into act(...):

act(() =&gt; {
  /* fire events that update state */
});
/* assert on the output */

This ensures that you&apos;re testing the behavior the user would see in the browser. Learn more at https://reactjs.org/link/wrap-tests-with-act
    at file:///dev-server/node_modules/.bun/@radix-ui+react-roving-focus@1.1.10+b41f8805ee63d2ff/node_modules/@radix-ui/react-roving-focus/dist/index.mjs:32:5
    at file:///dev-server/node_modules/.bun/@radix-ui+react-slot@1.2.3+0e2fb8dbc083adda/node_modules/@radix-ui/react-slot/dist/index.mjs:33:13
    at file:///dev-server/node_modules/.bun/@radix-ui+react-slot@1.2.3+0e2fb8dbc083adda/node_modules/@radix-ui/react-slot/dist/index.mjs:9:13
    at file:///dev-server/node_modules/.bun/@radix-ui+react-collection@1.1.7+b41f8805ee63d2ff/node_modules/@radix-ui/react-collection/dist/index.mjs:27:15
    at Provider (file:///dev-server/node_modules/.bun/@radix-ui+react-context@1.1.2+0e2fb8dbc083adda/node_modules/@radix-ui/react-context/dist/index.mjs:27:15)
    at CollectionProvider (file:///dev-server/node_modules/.bun/@radix-ui+react-collection@1.1.7+b41f8805ee63d2ff/node_modules/@radix-ui/react-collection/dist/index.mjs:17:13)
    at file:///dev-server/node_modules/.bun/@radix-ui+react-roving-focus@1.1.10+b41f8805ee63d2ff/node_modules/@radix-ui/react-roving-focus/dist/index.mjs:26:68
    at file:///dev-server/node_modules/.bun/@radix-ui+react-tabs@1.1.12+b41f8805ee63d2ff/node_modules/@radix-ui/react-tabs/dist/index.mjs:67:13
    at /dev-server/src/components/ui/tabs.tsx:10:68
    at div
    at file:///dev-server/node_modules/.bun/@radix-ui+react-primitive@2.1.3+b41f8805ee63d2ff/node_modules/@radix-ui/react-primitive/dist/index.mjs:28:13
    at Provider (file:///dev-server/node_modules/.bun/@radix-ui+react-context@1.1.2+0e2fb8dbc083adda/node_modules/@radix-ui/react-context/dist/index.mjs:27:15)
    at file:///dev-server/node_modules/.bun/@radix-ui+react-tabs@1.1.12+b41f8805ee63d2ff/node_modules/@radix-ui/react-tabs/dist/index.mjs:24:7
    at div
    at div
    at div
    at TemaDetailPage (/dev-server/src/components/cathedra/TemaDetailPage.tsx:219:44)
    at RenderedRoute (/dev-server/node_modules/.bun/react-router@6.30.1+f4eacebf2041cd4f/node_modules/react-router/dist/umd/react-router.development.js:539:7)
    at Routes (/dev-server/node_modules/.bun/react-router@6.30.1+f4eacebf2041cd4f/node_modules/react-router/dist/umd/react-router.development.js:1273:7)
    at Router (/dev-server/node_modules/.bun/react-router@6.30.1+f4eacebf2041cd4f/node_modules/react-router/dist/umd/react-router.development.js:1207:17)
    at MemoryRouter (/dev-server/node_modules/.bun/react-router@6.30.1+f4eacebf2041cd4f/node_modules/react-router/dist/umd/react-router.development.js:1101:7)
    at QueryClientProvider (file:///dev-server/node_modules/.bun/@tanstack+react-query@5.96.2+f4eacebf2041cd4f/node_modules/@tanstack/react-query/build/modern/QueryClientProvider.js:20:3)
    at _HelmetProvider (/dev-server/node_modules/.bun/react-helmet-async@3.0.0+f4eacebf2041cd4f/node_modules/react-helmet-async/lib/index.esm.js:460:5)

            </system-err>
        </testcase>
        <testcase classname="src/components/cathedra/TemaDetailPage.keyboard.test.tsx" name="TemaDetailPage - Keyboard Navigation Integration Tests &gt; handles error state and retry button via keyboard" time="0.08458653">
        </testcase>
        <testcase classname="src/components/cathedra/TemaDetailPage.keyboard.test.tsx" name="TemaDetailPage - Keyboard Navigation Integration Tests &gt; shows skeletons during keyboard-triggered navigation" time="0.079428982">
            <system-err>
Warning: An update to ForwardRef inside a test was not wrapped in act(...).

When testing, code that causes React state updates should be wrapped into act(...):

act(() =&gt; {
  /* fire events that update state */
});
/* assert on the output */

This ensures that you&apos;re testing the behavior the user would see in the browser. Learn more at https://reactjs.org/link/wrap-tests-with-act
    at file:///dev-server/node_modules/.bun/@radix-ui+react-roving-focus@1.1.10+b41f8805ee63d2ff/node_modules/@radix-ui/react-roving-focus/dist/index.mjs:32:5
    at file:///dev-server/node_modules/.bun/@radix-ui+react-slot@1.2.3+0e2fb8dbc083adda/node_modules/@radix-ui/react-slot/dist/index.mjs:33:13
    at file:///dev-server/node_modules/.bun/@radix-ui+react-slot@1.2.3+0e2fb8dbc083adda/node_modules/@radix-ui/react-slot/dist/index.mjs:9:13
    at file:///dev-server/node_modules/.bun/@radix-ui+react-collection@1.1.7+b41f8805ee63d2ff/node_modules/@radix-ui/react-collection/dist/index.mjs:27:15
    at Provider (file:///dev-server/node_modules/.bun/@radix-ui+react-context@1.1.2+0e2fb8dbc083adda/node_modules/@radix-ui/react-context/dist/index.mjs:27:15)
    at CollectionProvider (file:///dev-server/node_modules/.bun/@radix-ui+react-collection@1.1.7+b41f8805ee63d2ff/node_modules/@radix-ui/react-collection/dist/index.mjs:17:13)
    at file:///dev-server/node_modules/.bun/@radix-ui+react-roving-focus@1.1.10+b41f8805ee63d2ff/node_modules/@radix-ui/react-roving-focus/dist/index.mjs:26:68
    at file:///dev-server/node_modules/.bun/@radix-ui+react-tabs@1.1.12+b41f8805ee63d2ff/node_modules/@radix-ui/react-tabs/dist/index.mjs:67:13
    at /dev-server/src/components/ui/tabs.tsx:10:68
    at div
    at file:///dev-server/node_modules/.bun/@radix-ui+react-primitive@2.1.3+b41f8805ee63d2ff/node_modules/@radix-ui/react-primitive/dist/index.mjs:28:13
    at Provider (file:///dev-server/node_modules/.bun/@radix-ui+react-context@1.1.2+0e2fb8dbc083adda/node_modules/@radix-ui/react-context/dist/index.mjs:27:15)
    at file:///dev-server/node_modules/.bun/@radix-ui+react-tabs@1.1.12+b41f8805ee63d2ff/node_modules/@radix-ui/react-tabs/dist/index.mjs:24:7
    at div
    at div
    at div
    at TemaDetailPage (/dev-server/src/components/cathedra/TemaDetailPage.tsx:219:44)
    at RenderedRoute (/dev-server/node_modules/.bun/react-router@6.30.1+f4eacebf2041cd4f/node_modules/react-router/dist/umd/react-router.development.js:539:7)
    at Routes (/dev-server/node_modules/.bun/react-router@6.30.1+f4eacebf2041cd4f/node_modules/react-router/dist/umd/react-router.development.js:1273:7)
    at Router (/dev-server/node_modules/.bun/react-router@6.30.1+f4eacebf2041cd4f/node_modules/react-router/dist/umd/react-router.development.js:1207:17)
    at MemoryRouter (/dev-server/node_modules/.bun/react-router@6.30.1+f4eacebf2041cd4f/node_modules/react-router/dist/umd/react-router.development.js:1101:7)
    at QueryClientProvider (file:///dev-server/node_modules/.bun/@tanstack+react-query@5.96.2+f4eacebf2041cd4f/node_modules/@tanstack/react-query/build/modern/QueryClientProvider.js:20:3)
    at _HelmetProvider (/dev-server/node_modules/.bun/react-helmet-async@3.0.0+f4eacebf2041cd4f/node_modules/react-helmet-async/lib/index.esm.js:460:5)

            </system-err>
        </testcase>
    </testsuite>
    <testsuite name="src/components/cathedra/TemaDetailPage.test.tsx" timestamp="2026-04-25T04:40:18.867Z" hostname="sandbox-pool-77c949f697-6mpfs" tests="23" failures="14" errors="0" skipped="0" time="27.322764208">
        <testcase classname="src/components/cathedra/TemaDetailPage.test.tsx" name="TemaDetailPage - Integration Tests &gt; displays error message with &quot;Try Again&quot; button when fetch fails" time="0.2568507">
            <system-out>
[STATS] {&quot;calls&quot;:0,&quot;tabs&quot;:{}}

            </system-out>
            <system-err>
⚠️ React Router Future Flag Warning: React Router will begin wrapping state updates in `React.startTransition` in v7. You can use the `v7_startTransition` future flag to opt-in early. For more information, see https://reactrouter.com/v6/upgrading/future#v7_starttransition.
⚠️ React Router Future Flag Warning: Relative route resolution within Splat routes is changing in v7. You can use the `v7_relativeSplatPath` future flag to opt-in early. For more information, see https://reactrouter.com/v6/upgrading/future#v7_relativesplatpath.

            </system-err>
        </testcase>
        <testcase classname="src/components/cathedra/TemaDetailPage.test.tsx" name="TemaDetailPage - Integration Tests &gt; renders specific empty states for each category and ensures no leaking labels" time="2.060760719">
            <system-out>
[STATS] {&quot;calls&quot;:0,&quot;tabs&quot;:{}}

            </system-out>
            <failure message="Unable to find an element with the text: /Conteúdo da Tradição em aprofundamento/i. This could be because the text is broken up by multiple elements. In this case, you can provide a function for your text matcher to make your matcher more flexible.

Ignored nodes: comments, script, style
[36m&lt;body&gt;[39m
  [36m&lt;div&gt;[39m
    [36m&lt;div[39m
      [33mclass[39m=[32m&quot;space-y-12 animate-in fade-in slide-in-from-bottom-4 duration-700 max-w-5xl mx-auto pb-24 px-4 relative&quot;[39m
    [36m&gt;[39m
      [36m&lt;div[39m
        [33mclass[39m=[32m&quot;fixed inset-0 bg-gradient-to-b from-blue-500/10 via-background to-background -z-10 pointer-events-none opacity-40&quot;[39m
      [36m/&gt;[39m
      [36m&lt;nav[39m
        [33mclass[39m=[32m&quot;flex items-center gap-3 text-[10px] font-black uppercase tracking-[0.2em] text-muted-foreground/50 mb-8 overflow-x-auto whitespace-nowrap pb-2 scrollbar-none&quot;[39m
      [36m&gt;[39m
        [36m&lt;button[39m
          [33mclass[39m=[32m&quot;hover:text-primary transition-colors flex items-center gap-1&quot;[39m
        [36m&gt;[39m
          [36m&lt;svg[39m
            [33mclass[39m=[32m&quot;lucide lucide-chevron-left w-3 h-3&quot;[39m
            [33mfill[39m=[32m&quot;none&quot;[39m
            [33mheight[39m=[32m&quot;24&quot;[39m
            [33mstroke[39m=[32m&quot;currentColor&quot;[39m
            [33mstroke-linecap[39m=[32m&quot;round&quot;[39m
            [33mstroke-linejoin[39m=[32m&quot;round&quot;[39m
            [33mstroke-width[39m=[32m&quot;2&quot;[39m
            [33mviewBox[39m=[32m&quot;0 0 24 24&quot;[39m
            [33mwidth[39m=[32m&quot;24&quot;[39m
            [33mxmlns[39m=[32m&quot;http://www.w3.org/2000/svg&quot;[39m
          [36m&gt;[39m
            [36m&lt;path[39m
              [33md[39m=[32m&quot;m15 18-6-6 6-6&quot;[39m
            [36m/&gt;[39m
          [36m&lt;/svg&gt;[39m
          [0m Início[0m
        [36m&lt;/button&gt;[39m
        [36m&lt;span[39m
          [33mclass[39m=[32m&quot;opacity-30&quot;[39m
        [36m&gt;[39m
          [0m/[0m
        [36m&lt;/span&gt;[39m
        [36m&lt;button[39m
          [33mclass[39m=[32m&quot;hover:text-primary transition-colors&quot;[39m
        [36m&gt;[39m
          [0mTemas[0m
        [36m&lt;/button&gt;[39m
        [36m&lt;span[39m
          [33mclass[39m=[32m&quot;opacity-30&quot;[39m
        [36m&gt;[39m
          [0m/[0m
        [36m&lt;/span&gt;[39m
        [36m&lt;button[39m
          [33mclass[39m=[32m&quot;hover:text-primary transition-colors&quot;[39m
        [36m&gt;[39m
          [0mfundamentos[0m
        [36m&lt;/button&gt;[39m
        [36m&lt;span[39m
          [33mclass[39m=[32m&quot;opacity-30&quot;[39m
        [36m&gt;[39m
          [0m/[0m
        [36m&lt;/span&gt;[39m
        [36m&lt;span[39m
          [33mclass[39m=[32m&quot;text-primary/80&quot;[39m
        [36m&gt;[39m
          [0mVazio[0m
        [36m&lt;/span&gt;[39m
      [36m&lt;/nav&gt;[39m
      [36m&lt;header[39m
        [33mclass[39m=[32m&quot;space-y-6&quot;[39m
      [36m&gt;[39m
        [36m&lt;div[39m
          [33mclass[39m=[32m&quot;flex flex-col sm:flex-row sm:items-center justify-between gap-6&quot;[39m
        [36m&gt;[39m
          [36m&lt;div[39m
            [33mclass[39m=[32m&quot;flex items-center gap-4&quot;[39m
          [36m&gt;[39m
            [36m&lt;div[39m
              [33mclass[39m=[32m&quot;w-16 h-16 rounded-[2rem] bg-primary/10 flex items-center justify-center text-primary shadow-inner border border-primary/20&quot;[39m
            [36m&gt;[39m
              [36m&lt;svg[39m
                [33mclass[39m=[32m&quot;lucide lucide-orbit w-8 h-8&quot;[39m
                [33mfill[39m=[32m&quot;none&quot;[39m
                [33mheight[39m=[32m&quot;24&quot;[39m
                [33mstroke[39m=[32m&quot;currentColor&quot;[39m
                [33mstroke-linecap[39m=[32m&quot;round&quot;[39m
                [33mstroke-linejoin[39m=[32m&quot;round&quot;[39m
                [33mstroke-width[39m=[32m&quot;2&quot;[39m
                [33mviewBox[39m=[32m&quot;0 0 24 24&quot;[39m
                [33mwidth[39m=[32m&quot;24&quot;[39m
                [33mxmlns[39m=[32m&quot;http://www.w3.org/2000/svg&quot;[39m
              [36m&gt;[39m
                [36m&lt;circle[39m
                  [33mcx[39m=[32m&quot;12&quot;[39m
                  [33mcy[39m=[32m&quot;12&quot;[39m
                  [33mr[39m=[32m&quot;3&quot;[39m
                [36m/&gt;[39m
                [36m&lt;circle[39m
                  [33mcx[39m=[32m&quot;19&quot;[39m
                  [33mcy[39m=[32m&quot;5&quot;[39m
                  [33mr[39m=[32m&quot;2&quot;[39m
                [36m/&gt;[39m
                [36m&lt;circle[39m
                  [33mcx[39m=[32m&quot;5&quot;[39m
                  [33mcy[39m=[32m&quot;19&quot;[39m
                  [33mr[39m=[32m&quot;2&quot;[39m
                [36m/&gt;[39m
                [36m&lt;path[39m
                  [33md[39m=[32m&quot;M10.4 21.9a10 10 0 0 0 9.941-15.416&quot;[39m
                [36m/&gt;[39m
                [36m&lt;path[39m
                  [33md[39m=[32m&quot;M13.5 2.1a10 10 0 0 0-9.841 15.416&quot;[39m
                [36m/&gt;[39m
              [36m&lt;/svg&gt;[39m
            [36m&lt;/div&gt;[39m
            [36m&lt;div&gt;[39m
              [36m&lt;div[39m
                [33mclass[39m=[32m&quot;flex items-center gap-2 mb-1&quot;[39m
              [36m&gt;[39m
                [36m&lt;span[39m
                  [33mclass[39m=[32m&quot;text-[10px] font-black uppercase tracking-[0.3em] text-primary/60&quot;[39m
                [36m&gt;[39m
                  [0mfundamentos[0m
                [36m&lt;/span&gt;[39m
                [36m&lt;div[39m
                  [33mclass[39m=[32m&quot;w-1 h-1 rounded-full bg-primary/30&quot;[39m
                [36m/&gt;[39m
                [36m&lt;div[39m
                  [33mclass[39m=[32m&quot;inline-flex items-center rounded-full border px-2.5 py-0.5 transition-colors focus:outline-none focus:ring-2 focus:ring-ring focus:ring-offset-2 text-[9px] font-black uppercase tracking-widest border-primary/20 text-primary/70&quot;[39m
                [36m&gt;[39m
                  [0mNexus[0m
                [36m&lt;/div&gt;[39m
              [36m&lt;/div&gt;[39m
              [36m&lt;h1[39m
                [33mclass[39m=[32m&quot;text-4xl sm:text-5xl font-black tracking-tight text-foreground&quot;[39m
              [36m&gt;[39m
                [0mVazio[0m
              [36m&lt;/h1&gt;[39m
            [36m&lt;/div&gt;[39m
          [36m&lt;/div&gt;[39m
          [36m&lt;button[39m
            [33mclass[39m=[32m&quot;inline-flex items-center justify-center gap-2.5 whitespace-nowrap text-sm focus-visible:outline-none focus-visible:ring-2 focus-visible:ring-ring disabled:pointer-events-none disabled:opacity-50 [&amp;_svg]:pointer-events-none [&amp;_svg]:size-5 [&amp;_svg]:shrink-0 hover:shadow-md hover:bg-primary/90 py-3 rounded-2xl h-14 px-8 bg-primary text-primary-foreground font-black uppercase tracking-widest shadow-xl shadow-primary/20 hover:scale-[1.02] active:scale-[0.98] transition-all group overflow-hidden relative&quot;[39m
          [36m&gt;[39m
            [36m&lt;div[39m
              [33mclass[39m=[32m&quot;absolute inset-0 bg-gradient-to-r from-white/0 via-white/10 to-white/0 -translate-x-full group-hover:animate-shimmer&quot;[39m
            [36m/&gt;[39m
            [36m&lt;svg[39m
              [33mclass[39m=[32m&quot;lucide lucide-sparkles w-5 h-5 mr-2 group-hover:rotate-12 transition-transform&quot;[39m
              [33mfill[39m=[32m&quot;none&quot;[39m
              [33mheight[39m=[32m&quot;24&quot;[39m
              [33mstroke[39m=[32m&quot;currentColor&quot;[39m
              [33mstroke-linecap[39m=[32m&quot;r...

Ignored nodes: comments, script, style
[36m&lt;body&gt;[39m
  [36m&lt;div&gt;[39m
    [36m&lt;div[39m
      [33mclass[39m=[32m&quot;space-y-12 animate-in fade-in slide-in-from-bottom-4 duration-700 max-w-5xl mx-auto pb-24 px-4 relative&quot;[39m
    [36m&gt;[39m
      [36m&lt;div[39m
        [33mclass[39m=[32m&quot;fixed inset-0 bg-gradient-to-b from-blue-500/10 via-background to-background -z-10 pointer-events-none opacity-40&quot;[39m
      [36m/&gt;[39m
      [36m&lt;nav[39m
        [33mclass[39m=[32m&quot;flex items-center gap-3 text-[10px] font-black uppercase tracking-[0.2em] text-muted-foreground/50 mb-8 overflow-x-auto whitespace-nowrap pb-2 scrollbar-none&quot;[39m
      [36m&gt;[39m
        [36m&lt;button[39m
          [33mclass[39m=[32m&quot;hover:text-primary transition-colors flex items-center gap-1&quot;[39m
        [36m&gt;[39m
          [36m&lt;svg[39m
            [33mclass[39m=[32m&quot;lucide lucide-chevron-left w-3 h-3&quot;[39m
            [33mfill[39m=[32m&quot;none&quot;[39m
            [33mheight[39m=[32m&quot;24&quot;[39m
            [33mstroke[39m=[32m&quot;currentColor&quot;[39m
            [33mstroke-linecap[39m=[32m&quot;round&quot;[39m
            [33mstroke-linejoin[39m=[32m&quot;round&quot;[39m
            [33mstroke-width[39m=[32m&quot;2&quot;[39m
            [33mviewBox[39m=[32m&quot;0 0 24 24&quot;[39m
            [33mwidth[39m=[32m&quot;24&quot;[39m
            [33mxmlns[39m=[32m&quot;http://www.w3.org/2000/svg&quot;[39m
          [36m&gt;[39m
            [36m&lt;path[39m
              [33md[39m=[32m&quot;m15 18-6-6 6-6&quot;[39m
            [36m/&gt;[39m
          [36m&lt;/svg&gt;[39m
          [0m Início[0m
        [36m&lt;/button&gt;[39m
        [36m&lt;span[39m
          [33mclass[39m=[32m&quot;opacity-30&quot;[39m
        [36m&gt;[39m
          [0m/[0m
        [36m&lt;/span&gt;[39m
        [36m&lt;button[39m
          [33mclass[39m=[32m&quot;hover:text-primary transition-colors&quot;[39m
        [36m&gt;[39m
          [0mTemas[0m
        [36m&lt;/button&gt;[39m
        [36m&lt;span[39m
          [33mclass[39m=[32m&quot;opacity-30&quot;[39m
        [36m&gt;[39m
          [0m/[0m
        [36m&lt;/span&gt;[39m
        [36m&lt;button[39m
          [33mclass[39m=[32m&quot;hover:text-primary transition-colors&quot;[39m
        [36m&gt;[39m
          [0mfundamentos[0m
        [36m&lt;/button&gt;[39m
        [36m&lt;span[39m
          [33mclass[39m=[32m&quot;opacity-30&quot;[39m
        [36m&gt;[39m
          [0m/[0m
        [36m&lt;/span&gt;[39m
        [36m&lt;span[39m
          [33mclass[39m=[32m&quot;text-primary/80&quot;[39m
        [36m&gt;[39m
          [0mVazio[0m
        [36m&lt;/span&gt;[39m
      [36m&lt;/nav&gt;[39m
      [36m&lt;header[39m
        [33mclass[39m=[32m&quot;space-y-6&quot;[39m
      [36m&gt;[39m
        [36m&lt;div[39m
          [33mclass[39m=[32m&quot;flex flex-col sm:flex-row sm:items-center justify-between gap-6&quot;[39m
        [36m&gt;[39m
          [36m&lt;div[39m
            [33mclass[39m=[32m&quot;flex items-center gap-4&quot;[39m
          [36m&gt;[39m
            [36m&lt;div[39m
              [33mclass[39m=[32m&quot;w-16 h-16 rounded-[2rem] bg-primary/10 flex items-center justify-center text-primary shadow-inner border border-primary/20&quot;[39m
            [36m&gt;[39m
              [36m&lt;svg[39m
                [33mclass[39m=[32m&quot;lucide lucide-orbit w-8 h-8&quot;[39m
                [33mfill[39m=[32m&quot;none&quot;[39m
                [33mheight[39m=[32m&quot;24&quot;[39m
                [33mstroke[39m=[32m&quot;currentColor&quot;[39m
                [33mstroke-linecap[39m=[32m&quot;round&quot;[39m
                [33mstroke-linejoin[39m=[32m&quot;round&quot;[39m
                [33mstroke-width[39m=[32m&quot;2&quot;[39m
                [33mviewBox[39m=[32m&quot;0 0 24 24&quot;[39m
                [33mwidth[39m=[32m&quot;24&quot;[39m
                [33mxmlns[39m=[32m&quot;http://www.w3.org/2000/svg&quot;[39m
              [36m&gt;[39m
                [36m&lt;circle[39m
                  [33mcx[39m=[32m&quot;12&quot;[39m
                  [33mcy[39m=[32m&quot;12&quot;[39m
                  [33mr[39m=[32m&quot;3&quot;[39m
                [36m/&gt;[39m
                [36m&lt;circle[39m
                  [33mcx[39m=[32m&quot;19&quot;[39m
                  [33mcy[39m=[32m&quot;5&quot;[39m
                  [33mr[39m=[32m&quot;2&quot;[39m
                [36m/&gt;[39m
                [36m&lt;circle[39m
                  [33mcx[39m=[32m&quot;5&quot;[39m
                  [33mcy[39m=[32m&quot;19&quot;[39m
                  [33mr[39m=[32m&quot;2&quot;[39m
                [36m/&gt;[39m
                [36m&lt;path[39m
                  [33md[39m=[32m&quot;M10.4 21.9a10 10 0 0 0 9.941-15.416&quot;[39m
                [36m/&gt;[39m
                [36m&lt;path[39m
                  [33md[39m=[32m&quot;M13.5 2.1a10 10 0 0 0-9.841 15.416&quot;[39m
                [36m/&gt;[39m
              [36m&lt;/svg&gt;[39m
            [36m&lt;/div&gt;[39m
            [36m&lt;div&gt;[39m
              [36m&lt;div[39m
                [33mclass[39m=[32m&quot;flex items-center gap-2 mb-1&quot;[39m
              [36m&gt;[39m
                [36m&lt;span[39m
                  [33mclass[39m=[32m&quot;text-[10px] font-black uppercase tracking-[0.3em] text-primary/60&quot;[39m
                [36m&gt;[39m
                  [0mfundamentos[0m
                [36m&lt;/span&gt;[39m
                [36m&lt;div[39m
                  [33mclass[39m=[32m&quot;w-1 h-1 rounded-full bg-primary/30&quot;[39m
                [36m/&gt;[39m
                [36m&lt;div[39m
                  [33mclass[39m=[32m&quot;inline-flex items-center rounded-full border px-2.5 py-0.5 transition-colors focus:outline-none focus:ring-2 focus:ring-ring focus:ring-offset-2 text-[9px] font-black uppercase tracking-widest border-primary/20 text-primary/70&quot;[39m
                [36m&gt;[39m
                  [0mNexus[0m
                [36m&lt;/div&gt;[39m
              [36m&lt;/div&gt;[39m
              [36m&lt;h1[39m
                [33mclass[39m=[32m&quot;text-4xl sm:text-5xl font-black tracking-tight text-foreground&quot;[39m
              [36m&gt;[39m
                [0mVazio[0m
              [36m&lt;/h1&gt;[39m
            [36m&lt;/div&gt;[39m
          [36m&lt;/div&gt;[39m
          [36m&lt;button[39m
            [33mclass[39m=[32m&quot;inline-flex items-center justify-center gap-2.5 whitespace-nowrap text-sm focus-visible:outline-none focus-visible:ring-2 focus-visible:ring-ring disabled:pointer-events-none disabled:opacity-50 [&amp;_svg]:pointer-events-none [&amp;_svg]:size-5 [&amp;_svg]:shrink-0 hover:shadow-md hover:bg-primary/90 py-3 rounded-2xl h-14 px-8 bg-primary text-primary-foreground font-black uppercase tracking-widest shadow-xl shadow-primary/20 hover:scale-[1.02] active:scale-[0.98] transition-all group overflow-hidden relative&quot;[39m
          [36m&gt;[39m
            [36m&lt;div[39m
              [33mclass[39m=[32m&quot;absolute inset-0 bg-gradient-to-r from-white/0 via-white/10 to-white/0 -translate-x-full group-hover:animate-shimmer&quot;[39m
            [36m/&gt;[39m
            [36m&lt;svg[39m
              [33mclass[39m=[32m&quot;lucide lucide-sparkles w-5 h-5 mr-2 group-hover:rotate-12 transition-transform&quot;[39m
              [33mfill[39m=[32m&quot;none&quot;[39m
              [33mheight[39m=[32m&quot;24&quot;[39m
              [33mstroke[39m=[32m&quot;currentColor&quot;[39m
              [33mstroke-linecap[39m=[32m&quot;r..." type="TestingLibraryElementError">
TestingLibraryElementError: Unable to find an element with the text: /Conteúdo da Tradição em aprofundamento/i. This could be because the text is broken up by multiple elements. In this case, you can provide a function for your text matcher to make your matcher more flexible.

Ignored nodes: comments, script, style
&lt;body&gt;
  &lt;div&gt;
    &lt;div
      class=&quot;space-y-12 animate-in fade-in slide-in-from-bottom-4 duration-700 max-w-5xl mx-auto pb-24 px-4 relative&quot;
    &gt;
      &lt;div
        class=&quot;fixed inset-0 bg-gradient-to-b from-blue-500/10 via-background to-background -z-10 pointer-events-none opacity-40&quot;
      /&gt;
      &lt;nav
        class=&quot;flex items-center gap-3 text-[10px] font-black uppercase tracking-[0.2em] text-muted-foreground/50 mb-8 overflow-x-auto whitespace-nowrap pb-2 scrollbar-none&quot;
      &gt;
        &lt;button
          class=&quot;hover:text-primary transition-colors flex items-center gap-1&quot;
        &gt;
          &lt;svg
            class=&quot;lucide lucide-chevron-left w-3 h-3&quot;
            fill=&quot;none&quot;
            height=&quot;24&quot;
            stroke=&quot;currentColor&quot;
            stroke-linecap=&quot;round&quot;
            stroke-linejoin=&quot;round&quot;
            stroke-width=&quot;2&quot;
            viewBox=&quot;0 0 24 24&quot;
            width=&quot;24&quot;
            xmlns=&quot;http://www.w3.org/2000/svg&quot;
          &gt;
            &lt;path
              d=&quot;m15 18-6-6 6-6&quot;
            /&gt;
          &lt;/svg&gt;
           Início
        &lt;/button&gt;
        &lt;span
          class=&quot;opacity-30&quot;
        &gt;
          /
        &lt;/span&gt;
        &lt;button
          class=&quot;hover:text-primary transition-colors&quot;
        &gt;
          Temas
        &lt;/button&gt;
        &lt;span
          class=&quot;opacity-30&quot;
        &gt;
          /
        &lt;/span&gt;
        &lt;button
          class=&quot;hover:text-primary transition-colors&quot;
        &gt;
          fundamentos
        &lt;/button&gt;
        &lt;span
          class=&quot;opacity-30&quot;
        &gt;
          /
        &lt;/span&gt;
        &lt;span
          class=&quot;text-primary/80&quot;
        &gt;
          Vazio
        &lt;/span&gt;
      &lt;/nav&gt;
      &lt;header
        class=&quot;space-y-6&quot;
      &gt;
        &lt;div
          class=&quot;flex flex-col sm:flex-row sm:items-center justify-between gap-6&quot;
        &gt;
          &lt;div
            class=&quot;flex items-center gap-4&quot;
          &gt;
            &lt;div
              class=&quot;w-16 h-16 rounded-[2rem] bg-primary/10 flex items-center justify-center text-primary shadow-inner border border-primary/20&quot;
            &gt;
              &lt;svg
                class=&quot;lucide lucide-orbit w-8 h-8&quot;
                fill=&quot;none&quot;
                height=&quot;24&quot;
                stroke=&quot;currentColor&quot;
                stroke-linecap=&quot;round&quot;
                stroke-linejoin=&quot;round&quot;
                stroke-width=&quot;2&quot;
                viewBox=&quot;0 0 24 24&quot;
                width=&quot;24&quot;
                xmlns=&quot;http://www.w3.org/2000/svg&quot;
              &gt;
                &lt;circle
                  cx=&quot;12&quot;
                  cy=&quot;12&quot;
                  r=&quot;3&quot;
                /&gt;
                &lt;circle
                  cx=&quot;19&quot;
                  cy=&quot;5&quot;
                  r=&quot;2&quot;
                /&gt;
                &lt;circle
                  cx=&quot;5&quot;
                  cy=&quot;19&quot;
                  r=&quot;2&quot;
                /&gt;
                &lt;path
                  d=&quot;M10.4 21.9a10 10 0 0 0 9.941-15.416&quot;
                /&gt;
                &lt;path
                  d=&quot;M13.5 2.1a10 10 0 0 0-9.841 15.416&quot;
                /&gt;
              &lt;/svg&gt;
            &lt;/div&gt;
            &lt;div&gt;
              &lt;div
                class=&quot;flex items-center gap-2 mb-1&quot;
              &gt;
                &lt;span
                  class=&quot;text-[10px] font-black uppercase tracking-[0.3em] text-primary/60&quot;
                &gt;
                  fundamentos
                &lt;/span&gt;
                &lt;div
                  class=&quot;w-1 h-1 rounded-full bg-primary/30&quot;
                /&gt;
                &lt;div
                  class=&quot;inline-flex items-center rounded-full border px-2.5 py-0.5 transition-colors focus:outline-none focus:ring-2 focus:ring-ring focus:ring-offset-2 text-[9px] font-black uppercase tracking-widest border-primary/20 text-primary/70&quot;
                &gt;
                  Nexus
                &lt;/div&gt;
              &lt;/div&gt;
              &lt;h1
                class=&quot;text-4xl sm:text-5xl font-black tracking-tight text-foreground&quot;
              &gt;
                Vazio
              &lt;/h1&gt;
            &lt;/div&gt;
          &lt;/div&gt;
          &lt;button
            class=&quot;inline-flex items-center justify-center gap-2.5 whitespace-nowrap text-sm focus-visible:outline-none focus-visible:ring-2 focus-visible:ring-ring disabled:pointer-events-none disabled:opacity-50 [&amp;_svg]:pointer-events-none [&amp;_svg]:size-5 [&amp;_svg]:shrink-0 hover:shadow-md hover:bg-primary/90 py-3 rounded-2xl h-14 px-8 bg-primary text-primary-foreground font-black uppercase tracking-widest shadow-xl shadow-primary/20 hover:scale-[1.02] active:scale-[0.98] transition-all group overflow-hidden relative&quot;
          &gt;
            &lt;div
              class=&quot;absolute inset-0 bg-gradient-to-r from-white/0 via-white/10 to-white/0 -translate-x-full group-hover:animate-shimmer&quot;
            /&gt;
            &lt;svg
              class=&quot;lucide lucide-sparkles w-5 h-5 mr-2 group-hover:rotate-12 transition-transform&quot;
              fill=&quot;none&quot;
              height=&quot;24&quot;
              stroke=&quot;currentColor&quot;
              stroke-linecap=&quot;r...

Ignored nodes: comments, script, style
&lt;body&gt;
  &lt;div&gt;
    &lt;div
      class=&quot;space-y-12 animate-in fade-in slide-in-from-bottom-4 duration-700 max-w-5xl mx-auto pb-24 px-4 relative&quot;
    &gt;
      &lt;div
        class=&quot;fixed inset-0 bg-gradient-to-b from-blue-500/10 via-background to-background -z-10 pointer-events-none opacity-40&quot;
      /&gt;
      &lt;nav
        class=&quot;flex items-center gap-3 text-[10px] font-black uppercase tracking-[0.2em] text-muted-foreground/50 mb-8 overflow-x-auto whitespace-nowrap pb-2 scrollbar-none&quot;
      &gt;
        &lt;button
          class=&quot;hover:text-primary transition-colors flex items-center gap-1&quot;
        &gt;
          &lt;svg
            class=&quot;lucide lucide-chevron-left w-3 h-3&quot;
            fill=&quot;none&quot;
            height=&quot;24&quot;
            stroke=&quot;currentColor&quot;
            stroke-linecap=&quot;round&quot;
            stroke-linejoin=&quot;round&quot;
            stroke-width=&quot;2&quot;
            viewBox=&quot;0 0 24 24&quot;
            width=&quot;24&quot;
            xmlns=&quot;http://www.w3.org/2000/svg&quot;
          &gt;
            &lt;path
              d=&quot;m15 18-6-6 6-6&quot;
            /&gt;
          &lt;/svg&gt;
           Início
        &lt;/button&gt;
        &lt;span
          class=&quot;opacity-30&quot;
        &gt;
          /
        &lt;/span&gt;
        &lt;button
          class=&quot;hover:text-primary transition-colors&quot;
        &gt;
          Temas
        &lt;/button&gt;
        &lt;span
          class=&quot;opacity-30&quot;
        &gt;
          /
        &lt;/span&gt;
        &lt;button
          class=&quot;hover:text-primary transition-colors&quot;
        &gt;
          fundamentos
        &lt;/button&gt;
        &lt;span
          class=&quot;opacity-30&quot;
        &gt;
          /
        &lt;/span&gt;
        &lt;span
          class=&quot;text-primary/80&quot;
        &gt;
          Vazio
        &lt;/span&gt;
      &lt;/nav&gt;
      &lt;header
        class=&quot;space-y-6&quot;
      &gt;
        &lt;div
          class=&quot;flex flex-col sm:flex-row sm:items-center justify-between gap-6&quot;
        &gt;
          &lt;div
            class=&quot;flex items-center gap-4&quot;
          &gt;
            &lt;div
              class=&quot;w-16 h-16 rounded-[2rem] bg-primary/10 flex items-center justify-center text-primary shadow-inner border border-primary/20&quot;
            &gt;
              &lt;svg
                class=&quot;lucide lucide-orbit w-8 h-8&quot;
                fill=&quot;none&quot;
                height=&quot;24&quot;
                stroke=&quot;currentColor&quot;
                stroke-linecap=&quot;round&quot;
                stroke-linejoin=&quot;round&quot;
                stroke-width=&quot;2&quot;
                viewBox=&quot;0 0 24 24&quot;
                width=&quot;24&quot;
                xmlns=&quot;http://www.w3.org/2000/svg&quot;
              &gt;
                &lt;circle
                  cx=&quot;12&quot;
                  cy=&quot;12&quot;
                  r=&quot;3&quot;
                /&gt;
                &lt;circle
                  cx=&quot;19&quot;
                  cy=&quot;5&quot;
                  r=&quot;2&quot;
                /&gt;
                &lt;circle
                  cx=&quot;5&quot;
                  cy=&quot;19&quot;
                  r=&quot;2&quot;
                /&gt;
                &lt;path
                  d=&quot;M10.4 21.9a10 10 0 0 0 9.941-15.416&quot;
                /&gt;
                &lt;path
                  d=&quot;M13.5 2.1a10 10 0 0 0-9.841 15.416&quot;
                /&gt;
              &lt;/svg&gt;
            &lt;/div&gt;
            &lt;div&gt;
              &lt;div
                class=&quot;flex items-center gap-2 mb-1&quot;
              &gt;
                &lt;span
                  class=&quot;text-[10px] font-black uppercase tracking-[0.3em] text-primary/60&quot;
                &gt;
                  fundamentos
                &lt;/span&gt;
                &lt;div
                  class=&quot;w-1 h-1 rounded-full bg-primary/30&quot;
                /&gt;
                &lt;div
                  class=&quot;inline-flex items-center rounded-full border px-2.5 py-0.5 transition-colors focus:outline-none focus:ring-2 focus:ring-ring focus:ring-offset-2 text-[9px] font-black uppercase tracking-widest border-primary/20 text-primary/70&quot;
                &gt;
                  Nexus
                &lt;/div&gt;
              &lt;/div&gt;
              &lt;h1
                class=&quot;text-4xl sm:text-5xl font-black tracking-tight text-foreground&quot;
              &gt;
                Vazio
              &lt;/h1&gt;
            &lt;/div&gt;
          &lt;/div&gt;
          &lt;button
            class=&quot;inline-flex items-center justify-center gap-2.5 whitespace-nowrap text-sm focus-visible:outline-none focus-visible:ring-2 focus-visible:ring-ring disabled:pointer-events-none disabled:opacity-50 [&amp;_svg]:pointer-events-none [&amp;_svg]:size-5 [&amp;_svg]:shrink-0 hover:shadow-md hover:bg-primary/90 py-3 rounded-2xl h-14 px-8 bg-primary text-primary-foreground font-black uppercase tracking-widest shadow-xl shadow-primary/20 hover:scale-[1.02] active:scale-[0.98] transition-all group overflow-hidden relative&quot;
          &gt;
            &lt;div
              class=&quot;absolute inset-0 bg-gradient-to-r from-white/0 via-white/10 to-white/0 -translate-x-full group-hover:animate-shimmer&quot;
            /&gt;
            &lt;svg
              class=&quot;lucide lucide-sparkles w-5 h-5 mr-2 group-hover:rotate-12 transition-transform&quot;
              fill=&quot;none&quot;
              height=&quot;24&quot;
              stroke=&quot;currentColor&quot;
              stroke-linecap=&quot;r...
 ❯ waitForWrapper node_modules/.bun/@testing-library+dom@10.4.1/node_modules/@testing-library/dom/dist/wait-for.js:163:27
 ❯ findByText node_modules/.bun/@testing-library+dom@10.4.1/node_modules/@testing-library/dom/dist/query-helpers.js:86:33
 ❯ src/components/cathedra/TemaDetailPage.test.tsx:114:25
            </failure>
        </testcase>
        <testcase classname="src/components/cathedra/TemaDetailPage.test.tsx" name="TemaDetailPage - Integration Tests &gt; completes loading state even when fetch returns undefined" time="0.031812342">
            <system-out>
[STATS] {&quot;calls&quot;:0,&quot;tabs&quot;:{}}

            </system-out>
        </testcase>
        <testcase classname="src/components/cathedra/TemaDetailPage.test.tsx" name="TemaDetailPage - Integration Tests &gt; renders robust fallbacks for partially filled objects" time="0.04463358">
            <system-out>
[STATS] {&quot;calls&quot;:0,&quot;tabs&quot;:{}}

            </system-out>
        </testcase>
        <testcase classname="src/components/cathedra/TemaDetailPage.test.tsx" name="TemaDetailPage - Integration Tests &gt; shows loading skeleton only in the active tab content area" time="1.067047673">
            <system-out>
[STATS] {&quot;calls&quot;:0,&quot;tabs&quot;:{}}

            </system-out>
        </testcase>
        <testcase classname="src/components/cathedra/TemaDetailPage.test.tsx" name="TemaDetailPage - Integration Tests &gt; verifies retry flow: error -&gt; retry -&gt; success/fallback" time="0.077875248">
            <system-out>
[STATS] {&quot;calls&quot;:0,&quot;tabs&quot;:{}}

            </system-out>
        </testcase>
        <testcase classname="src/components/cathedra/TemaDetailPage.test.tsx" name="TemaDetailPage - Integration Tests &gt; handles fetch exception by showing global error UI across all tabs" time="0.198013957">
            <system-out>
[STATS] {&quot;calls&quot;:0,&quot;tabs&quot;:{}}

            </system-out>
        </testcase>
        <testcase classname="src/components/cathedra/TemaDetailPage.test.tsx" name="TemaDetailPage - Integration Tests &gt; ensures no content leakage when switching between content and empty categories" time="1.047535096">
            <system-out>
[STATS] {&quot;calls&quot;:0,&quot;tabs&quot;:{}}

            </system-out>
            <failure message="[2mexpect([22m[31melement[39m[2m).not.toBeInTheDocument()[22m

[31mexpected document not to contain element, found &lt;p
  class=&quot;text-base sm:text-lg text-foreground/80 leading-relaxed font-serif&quot;
&gt;
  &quot;Bible Content&quot;
&lt;/p&gt; instead[39m" type="Error">
Error: expect(element).not.toBeInTheDocument()

expected document not to contain element, found &lt;p
  class=&quot;text-base sm:text-lg text-foreground/80 leading-relaxed font-serif&quot;
&gt;
  &quot;Bible Content&quot;
&lt;/p&gt; instead
 ❯ src/components/cathedra/TemaDetailPage.test.tsx:260:54
            </failure>
        </testcase>
        <testcase classname="src/components/cathedra/TemaDetailPage.test.tsx" name="TemaDetailPage - Integration Tests &gt; handles rapid multi-switch without skeleton accumulation" time="4.045373246">
            <system-out>
[STATS] {&quot;calls&quot;:0,&quot;tabs&quot;:{}}

            </system-out>
            <failure message="Unable to find an element with the text: /Journey Data/i. This could be because the text is broken up by multiple elements. In this case, you can provide a function for your text matcher to make your matcher more flexible.

Ignored nodes: comments, script, style
[36m&lt;body&gt;[39m
  [36m&lt;div&gt;[39m
    [36m&lt;div[39m
      [33mclass[39m=[32m&quot;space-y-12 animate-in fade-in slide-in-from-bottom-4 duration-700 max-w-5xl mx-auto pb-24 px-4 relative&quot;[39m
    [36m&gt;[39m
      [36m&lt;div[39m
        [33mclass[39m=[32m&quot;fixed inset-0 bg-gradient-to-b from-blue-500/10 via-background to-background -z-10 pointer-events-none opacity-40&quot;[39m
      [36m/&gt;[39m
      [36m&lt;nav[39m
        [33mclass[39m=[32m&quot;flex items-center gap-3 text-[10px] font-black uppercase tracking-[0.2em] text-muted-foreground/50 mb-8 overflow-x-auto whitespace-nowrap pb-2 scrollbar-none&quot;[39m
      [36m&gt;[39m
        [36m&lt;button[39m
          [33mclass[39m=[32m&quot;hover:text-primary transition-colors flex items-center gap-1&quot;[39m
        [36m&gt;[39m
          [36m&lt;svg[39m
            [33mclass[39m=[32m&quot;lucide lucide-chevron-left w-3 h-3&quot;[39m
            [33mfill[39m=[32m&quot;none&quot;[39m
            [33mheight[39m=[32m&quot;24&quot;[39m
            [33mstroke[39m=[32m&quot;currentColor&quot;[39m
            [33mstroke-linecap[39m=[32m&quot;round&quot;[39m
            [33mstroke-linejoin[39m=[32m&quot;round&quot;[39m
            [33mstroke-width[39m=[32m&quot;2&quot;[39m
            [33mviewBox[39m=[32m&quot;0 0 24 24&quot;[39m
            [33mwidth[39m=[32m&quot;24&quot;[39m
            [33mxmlns[39m=[32m&quot;http://www.w3.org/2000/svg&quot;[39m
          [36m&gt;[39m
            [36m&lt;path[39m
              [33md[39m=[32m&quot;m15 18-6-6 6-6&quot;[39m
            [36m/&gt;[39m
          [36m&lt;/svg&gt;[39m
          [0m Início[0m
        [36m&lt;/button&gt;[39m
        [36m&lt;span[39m
          [33mclass[39m=[32m&quot;opacity-30&quot;[39m
        [36m&gt;[39m
          [0m/[0m
        [36m&lt;/span&gt;[39m
        [36m&lt;button[39m
          [33mclass[39m=[32m&quot;hover:text-primary transition-colors&quot;[39m
        [36m&gt;[39m
          [0mTemas[0m
        [36m&lt;/button&gt;[39m
        [36m&lt;span[39m
          [33mclass[39m=[32m&quot;opacity-30&quot;[39m
        [36m&gt;[39m
          [0m/[0m
        [36m&lt;/span&gt;[39m
        [36m&lt;button[39m
          [33mclass[39m=[32m&quot;hover:text-primary transition-colors&quot;[39m
        [36m&gt;[39m
          [0mfundamentos[0m
        [36m&lt;/button&gt;[39m
        [36m&lt;span[39m
          [33mclass[39m=[32m&quot;opacity-30&quot;[39m
        [36m&gt;[39m
          [0m/[0m
        [36m&lt;/span&gt;[39m
        [36m&lt;span[39m
          [33mclass[39m=[32m&quot;text-primary/80&quot;[39m
        [36m&gt;[39m
          [0mRapidSwitch[0m
        [36m&lt;/span&gt;[39m
      [36m&lt;/nav&gt;[39m
      [36m&lt;header[39m
        [33mclass[39m=[32m&quot;space-y-6&quot;[39m
      [36m&gt;[39m
        [36m&lt;div[39m
          [33mclass[39m=[32m&quot;flex flex-col sm:flex-row sm:items-center justify-between gap-6&quot;[39m
        [36m&gt;[39m
          [36m&lt;div[39m
            [33mclass[39m=[32m&quot;flex items-center gap-4&quot;[39m
          [36m&gt;[39m
            [36m&lt;div[39m
              [33mclass[39m=[32m&quot;w-16 h-16 rounded-[2rem] bg-primary/10 flex items-center justify-center text-primary shadow-inner border border-primary/20&quot;[39m
            [36m&gt;[39m
              [36m&lt;svg[39m
                [33mclass[39m=[32m&quot;lucide lucide-hash w-8 h-8&quot;[39m
                [33mfill[39m=[32m&quot;none&quot;[39m
                [33mheight[39m=[32m&quot;24&quot;[39m
                [33mstroke[39m=[32m&quot;currentColor&quot;[39m
                [33mstroke-linecap[39m=[32m&quot;round&quot;[39m
                [33mstroke-linejoin[39m=[32m&quot;round&quot;[39m
                [33mstroke-width[39m=[32m&quot;2&quot;[39m
                [33mviewBox[39m=[32m&quot;0 0 24 24&quot;[39m
                [33mwidth[39m=[32m&quot;24&quot;[39m
                [33mxmlns[39m=[32m&quot;http://www.w3.org/2000/svg&quot;[39m
              [36m&gt;[39m
                [36m&lt;line[39m
                  [33mx1[39m=[32m&quot;4&quot;[39m
                  [33mx2[39m=[32m&quot;20&quot;[39m
                  [33my1[39m=[32m&quot;9&quot;[39m
                  [33my2[39m=[32m&quot;9&quot;[39m
                [36m/&gt;[39m
                [36m&lt;line[39m
                  [33mx1[39m=[32m&quot;4&quot;[39m
                  [33mx2[39m=[32m&quot;20&quot;[39m
                  [33my1[39m=[32m&quot;15&quot;[39m
                  [33my2[39m=[32m&quot;15&quot;[39m
                [36m/&gt;[39m
                [36m&lt;line[39m
                  [33mx1[39m=[32m&quot;10&quot;[39m
                  [33mx2[39m=[32m&quot;8&quot;[39m
                  [33my1[39m=[32m&quot;3&quot;[39m
                  [33my2[39m=[32m&quot;21&quot;[39m
                [36m/&gt;[39m
                [36m&lt;line[39m
                  [33mx1[39m=[32m&quot;16&quot;[39m
                  [33mx2[39m=[32m&quot;14&quot;[39m
                  [33my1[39m=[32m&quot;3&quot;[39m
                  [33my2[39m=[32m&quot;21&quot;[39m
                [36m/&gt;[39m
              [36m&lt;/svg&gt;[39m
            [36m&lt;/div&gt;[39m
            [36m&lt;div&gt;[39m
              [36m&lt;div[39m
                [33mclass[39m=[32m&quot;flex items-center gap-2 mb-1&quot;[39m
              [36m&gt;[39m
                [36m&lt;span[39m
                  [33mclass[39m=[32m&quot;text-[10px] font-black uppercase tracking-[0.3em] text-primary/60&quot;[39m
                [36m&gt;[39m
                  [0mfundamentos[0m
                [36m&lt;/span&gt;[39m
                [36m&lt;div[39m
                  [33mclass[39m=[32m&quot;w-1 h-1 rounded-full bg-primary/30&quot;[39m
                [36m/&gt;[39m
                [36m&lt;div[39m
                  [33mclass[39m=[32m&quot;inline-flex items-center rounded-full border px-2.5 py-0.5 transition-colors focus:outline-none focus:ring-2 focus:ring-ring focus:ring-offset-2 text-[9px] font-black uppercase tracking-widest border-primary/20 text-primary/70&quot;[39m
                [36m&gt;[39m
                  [0mNexus[0m
                [36m&lt;/div&gt;[39m
              [36m&lt;/div&gt;[39m
              [36m&lt;h1[39m
                [33mclass[39m=[32m&quot;text-4xl sm:text-5xl font-black tracking-tight text-foreground&quot;[39m
              [36m&gt;[39m
                [0mRapidSwitch[0m
              [36m&lt;/h1&gt;[39m
            [36m&lt;/div&gt;[39m
          [36m&lt;/div&gt;[39m
          [36m&lt;button[39m
            [33mclass[39m=[32m&quot;inline-flex items-center justify-center gap-2.5 whitespace-nowrap text-sm focus-visible:outline-none focus-visible:ring-2 focus-visible:ring-ring disabled:pointer-events-none disabled:opacity-50 [&amp;_svg]:pointer-events-none [&amp;_svg]:size-5 [&amp;_svg]:shrink-0 hover:shadow-md hover:bg-primary/90 py-3 rounded-2xl h-14 px-8 bg-primary text-primary-foreground font-black uppercase tracking-widest shadow-xl shadow-primary/20 hover:scale-[1.02] active:scale-[0.98] transition-all group overflow-hidden relative&quot;[39m
          [36m&gt;[39m
            [36m&lt;div[39m
              [33mclass[39m=[32m&quot;absolute inset-0 bg-gradient-to-r from-white/0 via-white/10 to-white/0 -translate-x-full group-hover:animate-shimmer&quot;[39m
            [36m/&gt;[39m
            [36m&lt;svg[39m
              [33mclass[39m=[32m&quot;lucide lucide-sparkles w-5 h-5 mr-2 group-hover:rotate-12 transition-transform&quot;[39m
              [33mfill[39m=[32m&quot;none&quot;[39m
              [33mheight[39m=[32m...

Ignored nodes: comments, script, style
[36m&lt;body&gt;[39m
  [36m&lt;div&gt;[39m
    [36m&lt;div[39m
      [33mclass[39m=[32m&quot;space-y-12 animate-in fade-in slide-in-from-bottom-4 duration-700 max-w-5xl mx-auto pb-24 px-4 relative&quot;[39m
    [36m&gt;[39m
      [36m&lt;div[39m
        [33mclass[39m=[32m&quot;fixed inset-0 bg-gradient-to-b from-blue-500/10 via-background to-background -z-10 pointer-events-none opacity-40&quot;[39m
      [36m/&gt;[39m
      [36m&lt;nav[39m
        [33mclass[39m=[32m&quot;flex items-center gap-3 text-[10px] font-black uppercase tracking-[0.2em] text-muted-foreground/50 mb-8 overflow-x-auto whitespace-nowrap pb-2 scrollbar-none&quot;[39m
      [36m&gt;[39m
        [36m&lt;button[39m
          [33mclass[39m=[32m&quot;hover:text-primary transition-colors flex items-center gap-1&quot;[39m
        [36m&gt;[39m
          [36m&lt;svg[39m
            [33mclass[39m=[32m&quot;lucide lucide-chevron-left w-3 h-3&quot;[39m
            [33mfill[39m=[32m&quot;none&quot;[39m
            [33mheight[39m=[32m&quot;24&quot;[39m
            [33mstroke[39m=[32m&quot;currentColor&quot;[39m
            [33mstroke-linecap[39m=[32m&quot;round&quot;[39m
            [33mstroke-linejoin[39m=[32m&quot;round&quot;[39m
            [33mstroke-width[39m=[32m&quot;2&quot;[39m
            [33mviewBox[39m=[32m&quot;0 0 24 24&quot;[39m
            [33mwidth[39m=[32m&quot;24&quot;[39m
            [33mxmlns[39m=[32m&quot;http://www.w3.org/2000/svg&quot;[39m
          [36m&gt;[39m
            [36m&lt;path[39m
              [33md[39m=[32m&quot;m15 18-6-6 6-6&quot;[39m
            [36m/&gt;[39m
          [36m&lt;/svg&gt;[39m
          [0m Início[0m
        [36m&lt;/button&gt;[39m
        [36m&lt;span[39m
          [33mclass[39m=[32m&quot;opacity-30&quot;[39m
        [36m&gt;[39m
          [0m/[0m
        [36m&lt;/span&gt;[39m
        [36m&lt;button[39m
          [33mclass[39m=[32m&quot;hover:text-primary transition-colors&quot;[39m
        [36m&gt;[39m
          [0mTemas[0m
        [36m&lt;/button&gt;[39m
        [36m&lt;span[39m
          [33mclass[39m=[32m&quot;opacity-30&quot;[39m
        [36m&gt;[39m
          [0m/[0m
        [36m&lt;/span&gt;[39m
        [36m&lt;button[39m
          [33mclass[39m=[32m&quot;hover:text-primary transition-colors&quot;[39m
        [36m&gt;[39m
          [0mfundamentos[0m
        [36m&lt;/button&gt;[39m
        [36m&lt;span[39m
          [33mclass[39m=[32m&quot;opacity-30&quot;[39m
        [36m&gt;[39m
          [0m/[0m
        [36m&lt;/span&gt;[39m
        [36m&lt;span[39m
          [33mclass[39m=[32m&quot;text-primary/80&quot;[39m
        [36m&gt;[39m
          [0mRapidSwitch[0m
        [36m&lt;/span&gt;[39m
      [36m&lt;/nav&gt;[39m
      [36m&lt;header[39m
        [33mclass[39m=[32m&quot;space-y-6&quot;[39m
      [36m&gt;[39m
        [36m&lt;div[39m
          [33mclass[39m=[32m&quot;flex flex-col sm:flex-row sm:items-center justify-between gap-6&quot;[39m
        [36m&gt;[39m
          [36m&lt;div[39m
            [33mclass[39m=[32m&quot;flex items-center gap-4&quot;[39m
          [36m&gt;[39m
            [36m&lt;div[39m
              [33mclass[39m=[32m&quot;w-16 h-16 rounded-[2rem] bg-primary/10 flex items-center justify-center text-primary shadow-inner border border-primary/20&quot;[39m
            [36m&gt;[39m
              [36m&lt;svg[39m
                [33mclass[39m=[32m&quot;lucide lucide-hash w-8 h-8&quot;[39m
                [33mfill[39m=[32m&quot;none&quot;[39m
                [33mheight[39m=[32m&quot;24&quot;[39m
                [33mstroke[39m=[32m&quot;currentColor&quot;[39m
                [33mstroke-linecap[39m=[32m&quot;round&quot;[39m
                [33mstroke-linejoin[39m=[32m&quot;round&quot;[39m
                [33mstroke-width[39m=[32m&quot;2&quot;[39m
                [33mviewBox[39m=[32m&quot;0 0 24 24&quot;[39m
                [33mwidth[39m=[32m&quot;24&quot;[39m
                [33mxmlns[39m=[32m&quot;http://www.w3.org/2000/svg&quot;[39m
              [36m&gt;[39m
                [36m&lt;line[39m
                  [33mx1[39m=[32m&quot;4&quot;[39m
                  [33mx2[39m=[32m&quot;20&quot;[39m
                  [33my1[39m=[32m&quot;9&quot;[39m
                  [33my2[39m=[32m&quot;9&quot;[39m
                [36m/&gt;[39m
                [36m&lt;line[39m
                  [33mx1[39m=[32m&quot;4&quot;[39m
                  [33mx2[39m=[32m&quot;20&quot;[39m
                  [33my1[39m=[32m&quot;15&quot;[39m
                  [33my2[39m=[32m&quot;15&quot;[39m
                [36m/&gt;[39m
                [36m&lt;line[39m
                  [33mx1[39m=[32m&quot;10&quot;[39m
                  [33mx2[39m=[32m&quot;8&quot;[39m
                  [33my1[39m=[32m&quot;3&quot;[39m
                  [33my2[39m=[32m&quot;21&quot;[39m
                [36m/&gt;[39m
                [36m&lt;line[39m
                  [33mx1[39m=[32m&quot;16&quot;[39m
                  [33mx2[39m=[32m&quot;14&quot;[39m
                  [33my1[39m=[32m&quot;3&quot;[39m
                  [33my2[39m=[32m&quot;21&quot;[39m
                [36m/&gt;[39m
              [36m&lt;/svg&gt;[39m
            [36m&lt;/div&gt;[39m
            [36m&lt;div&gt;[39m
              [36m&lt;div[39m
                [33mclass[39m=[32m&quot;flex items-center gap-2 mb-1&quot;[39m
              [36m&gt;[39m
                [36m&lt;span[39m
                  [33mclass[39m=[32m&quot;text-[10px] font-black uppercase tracking-[0.3em] text-primary/60&quot;[39m
                [36m&gt;[39m
                  [0mfundamentos[0m
                [36m&lt;/span&gt;[39m
                [36m&lt;div[39m
                  [33mclass[39m=[32m&quot;w-1 h-1 rounded-full bg-primary/30&quot;[39m
                [36m/&gt;[39m
                [36m&lt;div[39m
                  [33mclass[39m=[32m&quot;inline-flex items-center rounded-full border px-2.5 py-0.5 transition-colors focus:outline-none focus:ring-2 focus:ring-ring focus:ring-offset-2 text-[9px] font-black uppercase tracking-widest border-primary/20 text-primary/70&quot;[39m
                [36m&gt;[39m
                  [0mNexus[0m
                [36m&lt;/div&gt;[39m
              [36m&lt;/div&gt;[39m
              [36m&lt;h1[39m
                [33mclass[39m=[32m&quot;text-4xl sm:text-5xl font-black tracking-tight text-foreground&quot;[39m
              [36m&gt;[39m
                [0mRapidSwitch[0m
              [36m&lt;/h1&gt;[39m
            [36m&lt;/div&gt;[39m
          [36m&lt;/div&gt;[39m
          [36m&lt;button[39m
            [33mclass[39m=[32m&quot;inline-flex items-center justify-center gap-2.5 whitespace-nowrap text-sm focus-visible:outline-none focus-visible:ring-2 focus-visible:ring-ring disabled:pointer-events-none disabled:opacity-50 [&amp;_svg]:pointer-events-none [&amp;_svg]:size-5 [&amp;_svg]:shrink-0 hover:shadow-md hover:bg-primary/90 py-3 rounded-2xl h-14 px-8 bg-primary text-primary-foreground font-black uppercase tracking-widest shadow-xl shadow-primary/20 hover:scale-[1.02] active:scale-[0.98] transition-all group overflow-hidden relative&quot;[39m
          [36m&gt;[39m
            [36m&lt;div[39m
              [33mclass[39m=[32m&quot;absolute inset-0 bg-gradient-to-r from-white/0 via-white/10 to-white/0 -translate-x-full group-hover:animate-shimmer&quot;[39m
            [36m/&gt;[39m
            [36m&lt;svg[39m
              [33mclass[39m=[32m&quot;lucide lucide-sparkles w-5 h-5 mr-2 group-hover:rotate-12 transition-transform&quot;[39m
              [33mfill[39m=[32m&quot;none&quot;[39m
              [33mheight[39m=[32m..." type="TestingLibraryElementError">
TestingLibraryElementError: Unable to find an element with the text: /Journey Data/i. This could be because the text is broken up by multiple elements. In this case, you can provide a function for your text matcher to make your matcher more flexible.

Ignored nodes: comments, script, style
&lt;body&gt;
  &lt;div&gt;
    &lt;div
      class=&quot;space-y-12 animate-in fade-in slide-in-from-bottom-4 duration-700 max-w-5xl mx-auto pb-24 px-4 relative&quot;
    &gt;
      &lt;div
        class=&quot;fixed inset-0 bg-gradient-to-b from-blue-500/10 via-background to-background -z-10 pointer-events-none opacity-40&quot;
      /&gt;
      &lt;nav
        class=&quot;flex items-center gap-3 text-[10px] font-black uppercase tracking-[0.2em] text-muted-foreground/50 mb-8 overflow-x-auto whitespace-nowrap pb-2 scrollbar-none&quot;
      &gt;
        &lt;button
          class=&quot;hover:text-primary transition-colors flex items-center gap-1&quot;
        &gt;
          &lt;svg
            class=&quot;lucide lucide-chevron-left w-3 h-3&quot;
            fill=&quot;none&quot;
            height=&quot;24&quot;
            stroke=&quot;currentColor&quot;
            stroke-linecap=&quot;round&quot;
            stroke-linejoin=&quot;round&quot;
            stroke-width=&quot;2&quot;
            viewBox=&quot;0 0 24 24&quot;
            width=&quot;24&quot;
            xmlns=&quot;http://www.w3.org/2000/svg&quot;
          &gt;
            &lt;path
              d=&quot;m15 18-6-6 6-6&quot;
            /&gt;
          &lt;/svg&gt;
           Início
        &lt;/button&gt;
        &lt;span
          class=&quot;opacity-30&quot;
        &gt;
          /
        &lt;/span&gt;
        &lt;button
          class=&quot;hover:text-primary transition-colors&quot;
        &gt;
          Temas
        &lt;/button&gt;
        &lt;span
          class=&quot;opacity-30&quot;
        &gt;
          /
        &lt;/span&gt;
        &lt;button
          class=&quot;hover:text-primary transition-colors&quot;
        &gt;
          fundamentos
        &lt;/button&gt;
        &lt;span
          class=&quot;opacity-30&quot;
        &gt;
          /
        &lt;/span&gt;
        &lt;span
          class=&quot;text-primary/80&quot;
        &gt;
          RapidSwitch
        &lt;/span&gt;
      &lt;/nav&gt;
      &lt;header
        class=&quot;space-y-6&quot;
      &gt;
        &lt;div
          class=&quot;flex flex-col sm:flex-row sm:items-center justify-between gap-6&quot;
        &gt;
          &lt;div
            class=&quot;flex items-center gap-4&quot;
          &gt;
            &lt;div
              class=&quot;w-16 h-16 rounded-[2rem] bg-primary/10 flex items-center justify-center text-primary shadow-inner border border-primary/20&quot;
            &gt;
              &lt;svg
                class=&quot;lucide lucide-hash w-8 h-8&quot;
                fill=&quot;none&quot;
                height=&quot;24&quot;
                stroke=&quot;currentColor&quot;
                stroke-linecap=&quot;round&quot;
                stroke-linejoin=&quot;round&quot;
                stroke-width=&quot;2&quot;
                viewBox=&quot;0 0 24 24&quot;
                width=&quot;24&quot;
                xmlns=&quot;http://www.w3.org/2000/svg&quot;
              &gt;
                &lt;line
                  x1=&quot;4&quot;
                  x2=&quot;20&quot;
                  y1=&quot;9&quot;
                  y2=&quot;9&quot;
                /&gt;
                &lt;line
                  x1=&quot;4&quot;
                  x2=&quot;20&quot;
                  y1=&quot;15&quot;
                  y2=&quot;15&quot;
                /&gt;
                &lt;line
                  x1=&quot;10&quot;
                  x2=&quot;8&quot;
                  y1=&quot;3&quot;
                  y2=&quot;21&quot;
                /&gt;
                &lt;line
                  x1=&quot;16&quot;
                  x2=&quot;14&quot;
                  y1=&quot;3&quot;
                  y2=&quot;21&quot;
                /&gt;
              &lt;/svg&gt;
            &lt;/div&gt;
            &lt;div&gt;
              &lt;div
                class=&quot;flex items-center gap-2 mb-1&quot;
              &gt;
                &lt;span
                  class=&quot;text-[10px] font-black uppercase tracking-[0.3em] text-primary/60&quot;
                &gt;
                  fundamentos
                &lt;/span&gt;
                &lt;div
                  class=&quot;w-1 h-1 rounded-full bg-primary/30&quot;
                /&gt;
                &lt;div
                  class=&quot;inline-flex items-center rounded-full border px-2.5 py-0.5 transition-colors focus:outline-none focus:ring-2 focus:ring-ring focus:ring-offset-2 text-[9px] font-black uppercase tracking-widest border-primary/20 text-primary/70&quot;
                &gt;
                  Nexus
                &lt;/div&gt;
              &lt;/div&gt;
              &lt;h1
                class=&quot;text-4xl sm:text-5xl font-black tracking-tight text-foreground&quot;
              &gt;
                RapidSwitch
              &lt;/h1&gt;
            &lt;/div&gt;
          &lt;/div&gt;
          &lt;button
            class=&quot;inline-flex items-center justify-center gap-2.5 whitespace-nowrap text-sm focus-visible:outline-none focus-visible:ring-2 focus-visible:ring-ring disabled:pointer-events-none disabled:opacity-50 [&amp;_svg]:pointer-events-none [&amp;_svg]:size-5 [&amp;_svg]:shrink-0 hover:shadow-md hover:bg-primary/90 py-3 rounded-2xl h-14 px-8 bg-primary text-primary-foreground font-black uppercase tracking-widest shadow-xl shadow-primary/20 hover:scale-[1.02] active:scale-[0.98] transition-all group overflow-hidden relative&quot;
          &gt;
            &lt;div
              class=&quot;absolute inset-0 bg-gradient-to-r from-white/0 via-white/10 to-white/0 -translate-x-full group-hover:animate-shimmer&quot;
            /&gt;
            &lt;svg
              class=&quot;lucide lucide-sparkles w-5 h-5 mr-2 group-hover:rotate-12 transition-transform&quot;
              fill=&quot;none&quot;
              height=...

Ignored nodes: comments, script, style
&lt;body&gt;
  &lt;div&gt;
    &lt;div
      class=&quot;space-y-12 animate-in fade-in slide-in-from-bottom-4 duration-700 max-w-5xl mx-auto pb-24 px-4 relative&quot;
    &gt;
      &lt;div
        class=&quot;fixed inset-0 bg-gradient-to-b from-blue-500/10 via-background to-background -z-10 pointer-events-none opacity-40&quot;
      /&gt;
      &lt;nav
        class=&quot;flex items-center gap-3 text-[10px] font-black uppercase tracking-[0.2em] text-muted-foreground/50 mb-8 overflow-x-auto whitespace-nowrap pb-2 scrollbar-none&quot;
      &gt;
        &lt;button
          class=&quot;hover:text-primary transition-colors flex items-center gap-1&quot;
        &gt;
          &lt;svg
            class=&quot;lucide lucide-chevron-left w-3 h-3&quot;
            fill=&quot;none&quot;
            height=&quot;24&quot;
            stroke=&quot;currentColor&quot;
            stroke-linecap=&quot;round&quot;
            stroke-linejoin=&quot;round&quot;
            stroke-width=&quot;2&quot;
            viewBox=&quot;0 0 24 24&quot;
            width=&quot;24&quot;
            xmlns=&quot;http://www.w3.org/2000/svg&quot;
          &gt;
            &lt;path
              d=&quot;m15 18-6-6 6-6&quot;
            /&gt;
          &lt;/svg&gt;
           Início
        &lt;/button&gt;
        &lt;span
          class=&quot;opacity-30&quot;
        &gt;
          /
        &lt;/span&gt;
        &lt;button
          class=&quot;hover:text-primary transition-colors&quot;
        &gt;
          Temas
        &lt;/button&gt;
        &lt;span
          class=&quot;opacity-30&quot;
        &gt;
          /
        &lt;/span&gt;
        &lt;button
          class=&quot;hover:text-primary transition-colors&quot;
        &gt;
          fundamentos
        &lt;/button&gt;
        &lt;span
          class=&quot;opacity-30&quot;
        &gt;
          /
        &lt;/span&gt;
        &lt;span
          class=&quot;text-primary/80&quot;
        &gt;
          RapidSwitch
        &lt;/span&gt;
      &lt;/nav&gt;
      &lt;header
        class=&quot;space-y-6&quot;
      &gt;
        &lt;div
          class=&quot;flex flex-col sm:flex-row sm:items-center justify-between gap-6&quot;
        &gt;
          &lt;div
            class=&quot;flex items-center gap-4&quot;
          &gt;
            &lt;div
              class=&quot;w-16 h-16 rounded-[2rem] bg-primary/10 flex items-center justify-center text-primary shadow-inner border border-primary/20&quot;
            &gt;
              &lt;svg
                class=&quot;lucide lucide-hash w-8 h-8&quot;
                fill=&quot;none&quot;
                height=&quot;24&quot;
                stroke=&quot;currentColor&quot;
                stroke-linecap=&quot;round&quot;
                stroke-linejoin=&quot;round&quot;
                stroke-width=&quot;2&quot;
                viewBox=&quot;0 0 24 24&quot;
                width=&quot;24&quot;
                xmlns=&quot;http://www.w3.org/2000/svg&quot;
              &gt;
                &lt;line
                  x1=&quot;4&quot;
                  x2=&quot;20&quot;
                  y1=&quot;9&quot;
                  y2=&quot;9&quot;
                /&gt;
                &lt;line
                  x1=&quot;4&quot;
                  x2=&quot;20&quot;
                  y1=&quot;15&quot;
                  y2=&quot;15&quot;
                /&gt;
                &lt;line
                  x1=&quot;10&quot;
                  x2=&quot;8&quot;
                  y1=&quot;3&quot;
                  y2=&quot;21&quot;
                /&gt;
                &lt;line
                  x1=&quot;16&quot;
                  x2=&quot;14&quot;
                  y1=&quot;3&quot;
                  y2=&quot;21&quot;
                /&gt;
              &lt;/svg&gt;
            &lt;/div&gt;
            &lt;div&gt;
              &lt;div
                class=&quot;flex items-center gap-2 mb-1&quot;
              &gt;
                &lt;span
                  class=&quot;text-[10px] font-black uppercase tracking-[0.3em] text-primary/60&quot;
                &gt;
                  fundamentos
                &lt;/span&gt;
                &lt;div
                  class=&quot;w-1 h-1 rounded-full bg-primary/30&quot;
                /&gt;
                &lt;div
                  class=&quot;inline-flex items-center rounded-full border px-2.5 py-0.5 transition-colors focus:outline-none focus:ring-2 focus:ring-ring focus:ring-offset-2 text-[9px] font-black uppercase tracking-widest border-primary/20 text-primary/70&quot;
                &gt;
                  Nexus
                &lt;/div&gt;
              &lt;/div&gt;
              &lt;h1
                class=&quot;text-4xl sm:text-5xl font-black tracking-tight text-foreground&quot;
              &gt;
                RapidSwitch
              &lt;/h1&gt;
            &lt;/div&gt;
          &lt;/div&gt;
          &lt;button
            class=&quot;inline-flex items-center justify-center gap-2.5 whitespace-nowrap text-sm focus-visible:outline-none focus-visible:ring-2 focus-visible:ring-ring disabled:pointer-events-none disabled:opacity-50 [&amp;_svg]:pointer-events-none [&amp;_svg]:size-5 [&amp;_svg]:shrink-0 hover:shadow-md hover:bg-primary/90 py-3 rounded-2xl h-14 px-8 bg-primary text-primary-foreground font-black uppercase tracking-widest shadow-xl shadow-primary/20 hover:scale-[1.02] active:scale-[0.98] transition-all group overflow-hidden relative&quot;
          &gt;
            &lt;div
              class=&quot;absolute inset-0 bg-gradient-to-r from-white/0 via-white/10 to-white/0 -translate-x-full group-hover:animate-shimmer&quot;
            /&gt;
            &lt;svg
              class=&quot;lucide lucide-sparkles w-5 h-5 mr-2 group-hover:rotate-12 transition-transform&quot;
              fill=&quot;none&quot;
              height=...
 ❯ waitForWrapper node_modules/.bun/@testing-library+dom@10.4.1/node_modules/@testing-library/dom/dist/wait-for.js:163:27
 ❯ findByText node_modules/.bun/@testing-library+dom@10.4.1/node_modules/@testing-library/dom/dist/query-helpers.js:86:33
 ❯ src/components/cathedra/TemaDetailPage.test.tsx:287:25
            </failure>
        </testcase>
        <testcase classname="src/components/cathedra/TemaDetailPage.test.tsx" name="TemaDetailPage - Integration Tests &gt; ensures only the latest resolved request updates the UI (race condition protection)" time="3.040999485">
            <system-out>
[STATS] {&quot;calls&quot;:0,&quot;tabs&quot;:{}}

            </system-out>
            <failure message="Unable to find an element with the text: /Magisterium Wins/i. This could be because the text is broken up by multiple elements. In this case, you can provide a function for your text matcher to make your matcher more flexible.

Ignored nodes: comments, script, style
[36m&lt;body&gt;[39m
  [36m&lt;div&gt;[39m
    [36m&lt;div[39m
      [33mclass[39m=[32m&quot;space-y-12 animate-in fade-in slide-in-from-bottom-4 duration-700 max-w-5xl mx-auto pb-24 px-4 relative&quot;[39m
    [36m&gt;[39m
      [36m&lt;div[39m
        [33mclass[39m=[32m&quot;fixed inset-0 bg-gradient-to-b from-blue-500/10 via-background to-background -z-10 pointer-events-none opacity-40&quot;[39m
      [36m/&gt;[39m
      [36m&lt;nav[39m
        [33mclass[39m=[32m&quot;flex items-center gap-3 text-[10px] font-black uppercase tracking-[0.2em] text-muted-foreground/50 mb-8 overflow-x-auto whitespace-nowrap pb-2 scrollbar-none&quot;[39m
      [36m&gt;[39m
        [36m&lt;button[39m
          [33mclass[39m=[32m&quot;hover:text-primary transition-colors flex items-center gap-1&quot;[39m
        [36m&gt;[39m
          [36m&lt;svg[39m
            [33mclass[39m=[32m&quot;lucide lucide-chevron-left w-3 h-3&quot;[39m
            [33mfill[39m=[32m&quot;none&quot;[39m
            [33mheight[39m=[32m&quot;24&quot;[39m
            [33mstroke[39m=[32m&quot;currentColor&quot;[39m
            [33mstroke-linecap[39m=[32m&quot;round&quot;[39m
            [33mstroke-linejoin[39m=[32m&quot;round&quot;[39m
            [33mstroke-width[39m=[32m&quot;2&quot;[39m
            [33mviewBox[39m=[32m&quot;0 0 24 24&quot;[39m
            [33mwidth[39m=[32m&quot;24&quot;[39m
            [33mxmlns[39m=[32m&quot;http://www.w3.org/2000/svg&quot;[39m
          [36m&gt;[39m
            [36m&lt;path[39m
              [33md[39m=[32m&quot;m15 18-6-6 6-6&quot;[39m
            [36m/&gt;[39m
          [36m&lt;/svg&gt;[39m
          [0m Início[0m
        [36m&lt;/button&gt;[39m
        [36m&lt;span[39m
          [33mclass[39m=[32m&quot;opacity-30&quot;[39m
        [36m&gt;[39m
          [0m/[0m
        [36m&lt;/span&gt;[39m
        [36m&lt;button[39m
          [33mclass[39m=[32m&quot;hover:text-primary transition-colors&quot;[39m
        [36m&gt;[39m
          [0mTemas[0m
        [36m&lt;/button&gt;[39m
        [36m&lt;span[39m
          [33mclass[39m=[32m&quot;opacity-30&quot;[39m
        [36m&gt;[39m
          [0m/[0m
        [36m&lt;/span&gt;[39m
        [36m&lt;button[39m
          [33mclass[39m=[32m&quot;hover:text-primary transition-colors&quot;[39m
        [36m&gt;[39m
          [0mfundamentos[0m
        [36m&lt;/button&gt;[39m
        [36m&lt;span[39m
          [33mclass[39m=[32m&quot;opacity-30&quot;[39m
        [36m&gt;[39m
          [0m/[0m
        [36m&lt;/span&gt;[39m
        [36m&lt;span[39m
          [33mclass[39m=[32m&quot;text-primary/80&quot;[39m
        [36m&gt;[39m
          [0mRace[0m
        [36m&lt;/span&gt;[39m
      [36m&lt;/nav&gt;[39m
      [36m&lt;header[39m
        [33mclass[39m=[32m&quot;space-y-6&quot;[39m
      [36m&gt;[39m
        [36m&lt;div[39m
          [33mclass[39m=[32m&quot;flex flex-col sm:flex-row sm:items-center justify-between gap-6&quot;[39m
        [36m&gt;[39m
          [36m&lt;div[39m
            [33mclass[39m=[32m&quot;flex items-center gap-4&quot;[39m
          [36m&gt;[39m
            [36m&lt;div[39m
              [33mclass[39m=[32m&quot;w-16 h-16 rounded-[2rem] bg-primary/10 flex items-center justify-center text-primary shadow-inner border border-primary/20&quot;[39m
            [36m&gt;[39m
              [36m&lt;svg[39m
                [33mclass[39m=[32m&quot;lucide lucide-hash w-8 h-8&quot;[39m
                [33mfill[39m=[32m&quot;none&quot;[39m
                [33mheight[39m=[32m&quot;24&quot;[39m
                [33mstroke[39m=[32m&quot;currentColor&quot;[39m
                [33mstroke-linecap[39m=[32m&quot;round&quot;[39m
                [33mstroke-linejoin[39m=[32m&quot;round&quot;[39m
                [33mstroke-width[39m=[32m&quot;2&quot;[39m
                [33mviewBox[39m=[32m&quot;0 0 24 24&quot;[39m
                [33mwidth[39m=[32m&quot;24&quot;[39m
                [33mxmlns[39m=[32m&quot;http://www.w3.org/2000/svg&quot;[39m
              [36m&gt;[39m
                [36m&lt;line[39m
                  [33mx1[39m=[32m&quot;4&quot;[39m
                  [33mx2[39m=[32m&quot;20&quot;[39m
                  [33my1[39m=[32m&quot;9&quot;[39m
                  [33my2[39m=[32m&quot;9&quot;[39m
                [36m/&gt;[39m
                [36m&lt;line[39m
                  [33mx1[39m=[32m&quot;4&quot;[39m
                  [33mx2[39m=[32m&quot;20&quot;[39m
                  [33my1[39m=[32m&quot;15&quot;[39m
                  [33my2[39m=[32m&quot;15&quot;[39m
                [36m/&gt;[39m
                [36m&lt;line[39m
                  [33mx1[39m=[32m&quot;10&quot;[39m
                  [33mx2[39m=[32m&quot;8&quot;[39m
                  [33my1[39m=[32m&quot;3&quot;[39m
                  [33my2[39m=[32m&quot;21&quot;[39m
                [36m/&gt;[39m
                [36m&lt;line[39m
                  [33mx1[39m=[32m&quot;16&quot;[39m
                  [33mx2[39m=[32m&quot;14&quot;[39m
                  [33my1[39m=[32m&quot;3&quot;[39m
                  [33my2[39m=[32m&quot;21&quot;[39m
                [36m/&gt;[39m
              [36m&lt;/svg&gt;[39m
            [36m&lt;/div&gt;[39m
            [36m&lt;div&gt;[39m
              [36m&lt;div[39m
                [33mclass[39m=[32m&quot;flex items-center gap-2 mb-1&quot;[39m
              [36m&gt;[39m
                [36m&lt;span[39m
                  [33mclass[39m=[32m&quot;text-[10px] font-black uppercase tracking-[0.3em] text-primary/60&quot;[39m
                [36m&gt;[39m
                  [0mfundamentos[0m
                [36m&lt;/span&gt;[39m
                [36m&lt;div[39m
                  [33mclass[39m=[32m&quot;w-1 h-1 rounded-full bg-primary/30&quot;[39m
                [36m/&gt;[39m
                [36m&lt;div[39m
                  [33mclass[39m=[32m&quot;inline-flex items-center rounded-full border px-2.5 py-0.5 transition-colors focus:outline-none focus:ring-2 focus:ring-ring focus:ring-offset-2 text-[9px] font-black uppercase tracking-widest border-primary/20 text-primary/70&quot;[39m
                [36m&gt;[39m
                  [0mNexus[0m
                [36m&lt;/div&gt;[39m
              [36m&lt;/div&gt;[39m
              [36m&lt;h1[39m
                [33mclass[39m=[32m&quot;text-4xl sm:text-5xl font-black tracking-tight text-foreground&quot;[39m
              [36m&gt;[39m
                [0mRace[0m
              [36m&lt;/h1&gt;[39m
            [36m&lt;/div&gt;[39m
          [36m&lt;/div&gt;[39m
          [36m&lt;button[39m
            [33mclass[39m=[32m&quot;inline-flex items-center justify-center gap-2.5 whitespace-nowrap text-sm focus-visible:outline-none focus-visible:ring-2 focus-visible:ring-ring disabled:pointer-events-none disabled:opacity-50 [&amp;_svg]:pointer-events-none [&amp;_svg]:size-5 [&amp;_svg]:shrink-0 hover:shadow-md hover:bg-primary/90 py-3 rounded-2xl h-14 px-8 bg-primary text-primary-foreground font-black uppercase tracking-widest shadow-xl shadow-primary/20 hover:scale-[1.02] active:scale-[0.98] transition-all group overflow-hidden relative&quot;[39m
          [36m&gt;[39m
            [36m&lt;div[39m
              [33mclass[39m=[32m&quot;absolute inset-0 bg-gradient-to-r from-white/0 via-white/10 to-white/0 -translate-x-full group-hover:animate-shimmer&quot;[39m
            [36m/&gt;[39m
            [36m&lt;svg[39m
              [33mclass[39m=[32m&quot;lucide lucide-sparkles w-5 h-5 mr-2 group-hover:rotate-12 transition-transform&quot;[39m
              [33mfill[39m=[32m&quot;none&quot;[39m
              [33mheight[39m=[32m&quot;24&quot;[39m
    ...

Ignored nodes: comments, script, style
[36m&lt;body&gt;[39m
  [36m&lt;div&gt;[39m
    [36m&lt;div[39m
      [33mclass[39m=[32m&quot;space-y-12 animate-in fade-in slide-in-from-bottom-4 duration-700 max-w-5xl mx-auto pb-24 px-4 relative&quot;[39m
    [36m&gt;[39m
      [36m&lt;div[39m
        [33mclass[39m=[32m&quot;fixed inset-0 bg-gradient-to-b from-blue-500/10 via-background to-background -z-10 pointer-events-none opacity-40&quot;[39m
      [36m/&gt;[39m
      [36m&lt;nav[39m
        [33mclass[39m=[32m&quot;flex items-center gap-3 text-[10px] font-black uppercase tracking-[0.2em] text-muted-foreground/50 mb-8 overflow-x-auto whitespace-nowrap pb-2 scrollbar-none&quot;[39m
      [36m&gt;[39m
        [36m&lt;button[39m
          [33mclass[39m=[32m&quot;hover:text-primary transition-colors flex items-center gap-1&quot;[39m
        [36m&gt;[39m
          [36m&lt;svg[39m
            [33mclass[39m=[32m&quot;lucide lucide-chevron-left w-3 h-3&quot;[39m
            [33mfill[39m=[32m&quot;none&quot;[39m
            [33mheight[39m=[32m&quot;24&quot;[39m
            [33mstroke[39m=[32m&quot;currentColor&quot;[39m
            [33mstroke-linecap[39m=[32m&quot;round&quot;[39m
            [33mstroke-linejoin[39m=[32m&quot;round&quot;[39m
            [33mstroke-width[39m=[32m&quot;2&quot;[39m
            [33mviewBox[39m=[32m&quot;0 0 24 24&quot;[39m
            [33mwidth[39m=[32m&quot;24&quot;[39m
            [33mxmlns[39m=[32m&quot;http://www.w3.org/2000/svg&quot;[39m
          [36m&gt;[39m
            [36m&lt;path[39m
              [33md[39m=[32m&quot;m15 18-6-6 6-6&quot;[39m
            [36m/&gt;[39m
          [36m&lt;/svg&gt;[39m
          [0m Início[0m
        [36m&lt;/button&gt;[39m
        [36m&lt;span[39m
          [33mclass[39m=[32m&quot;opacity-30&quot;[39m
        [36m&gt;[39m
          [0m/[0m
        [36m&lt;/span&gt;[39m
        [36m&lt;button[39m
          [33mclass[39m=[32m&quot;hover:text-primary transition-colors&quot;[39m
        [36m&gt;[39m
          [0mTemas[0m
        [36m&lt;/button&gt;[39m
        [36m&lt;span[39m
          [33mclass[39m=[32m&quot;opacity-30&quot;[39m
        [36m&gt;[39m
          [0m/[0m
        [36m&lt;/span&gt;[39m
        [36m&lt;button[39m
          [33mclass[39m=[32m&quot;hover:text-primary transition-colors&quot;[39m
        [36m&gt;[39m
          [0mfundamentos[0m
        [36m&lt;/button&gt;[39m
        [36m&lt;span[39m
          [33mclass[39m=[32m&quot;opacity-30&quot;[39m
        [36m&gt;[39m
          [0m/[0m
        [36m&lt;/span&gt;[39m
        [36m&lt;span[39m
          [33mclass[39m=[32m&quot;text-primary/80&quot;[39m
        [36m&gt;[39m
          [0mRace[0m
        [36m&lt;/span&gt;[39m
      [36m&lt;/nav&gt;[39m
      [36m&lt;header[39m
        [33mclass[39m=[32m&quot;space-y-6&quot;[39m
      [36m&gt;[39m
        [36m&lt;div[39m
          [33mclass[39m=[32m&quot;flex flex-col sm:flex-row sm:items-center justify-between gap-6&quot;[39m
        [36m&gt;[39m
          [36m&lt;div[39m
            [33mclass[39m=[32m&quot;flex items-center gap-4&quot;[39m
          [36m&gt;[39m
            [36m&lt;div[39m
              [33mclass[39m=[32m&quot;w-16 h-16 rounded-[2rem] bg-primary/10 flex items-center justify-center text-primary shadow-inner border border-primary/20&quot;[39m
            [36m&gt;[39m
              [36m&lt;svg[39m
                [33mclass[39m=[32m&quot;lucide lucide-hash w-8 h-8&quot;[39m
                [33mfill[39m=[32m&quot;none&quot;[39m
                [33mheight[39m=[32m&quot;24&quot;[39m
                [33mstroke[39m=[32m&quot;currentColor&quot;[39m
                [33mstroke-linecap[39m=[32m&quot;round&quot;[39m
                [33mstroke-linejoin[39m=[32m&quot;round&quot;[39m
                [33mstroke-width[39m=[32m&quot;2&quot;[39m
                [33mviewBox[39m=[32m&quot;0 0 24 24&quot;[39m
                [33mwidth[39m=[32m&quot;24&quot;[39m
                [33mxmlns[39m=[32m&quot;http://www.w3.org/2000/svg&quot;[39m
              [36m&gt;[39m
                [36m&lt;line[39m
                  [33mx1[39m=[32m&quot;4&quot;[39m
                  [33mx2[39m=[32m&quot;20&quot;[39m
                  [33my1[39m=[32m&quot;9&quot;[39m
                  [33my2[39m=[32m&quot;9&quot;[39m
                [36m/&gt;[39m
                [36m&lt;line[39m
                  [33mx1[39m=[32m&quot;4&quot;[39m
                  [33mx2[39m=[32m&quot;20&quot;[39m
                  [33my1[39m=[32m&quot;15&quot;[39m
                  [33my2[39m=[32m&quot;15&quot;[39m
                [36m/&gt;[39m
                [36m&lt;line[39m
                  [33mx1[39m=[32m&quot;10&quot;[39m
                  [33mx2[39m=[32m&quot;8&quot;[39m
                  [33my1[39m=[32m&quot;3&quot;[39m
                  [33my2[39m=[32m&quot;21&quot;[39m
                [36m/&gt;[39m
                [36m&lt;line[39m
                  [33mx1[39m=[32m&quot;16&quot;[39m
                  [33mx2[39m=[32m&quot;14&quot;[39m
                  [33my1[39m=[32m&quot;3&quot;[39m
                  [33my2[39m=[32m&quot;21&quot;[39m
                [36m/&gt;[39m
              [36m&lt;/svg&gt;[39m
            [36m&lt;/div&gt;[39m
            [36m&lt;div&gt;[39m
              [36m&lt;div[39m
                [33mclass[39m=[32m&quot;flex items-center gap-2 mb-1&quot;[39m
              [36m&gt;[39m
                [36m&lt;span[39m
                  [33mclass[39m=[32m&quot;text-[10px] font-black uppercase tracking-[0.3em] text-primary/60&quot;[39m
                [36m&gt;[39m
                  [0mfundamentos[0m
                [36m&lt;/span&gt;[39m
                [36m&lt;div[39m
                  [33mclass[39m=[32m&quot;w-1 h-1 rounded-full bg-primary/30&quot;[39m
                [36m/&gt;[39m
                [36m&lt;div[39m
                  [33mclass[39m=[32m&quot;inline-flex items-center rounded-full border px-2.5 py-0.5 transition-colors focus:outline-none focus:ring-2 focus:ring-ring focus:ring-offset-2 text-[9px] font-black uppercase tracking-widest border-primary/20 text-primary/70&quot;[39m
                [36m&gt;[39m
                  [0mNexus[0m
                [36m&lt;/div&gt;[39m
              [36m&lt;/div&gt;[39m
              [36m&lt;h1[39m
                [33mclass[39m=[32m&quot;text-4xl sm:text-5xl font-black tracking-tight text-foreground&quot;[39m
              [36m&gt;[39m
                [0mRace[0m
              [36m&lt;/h1&gt;[39m
            [36m&lt;/div&gt;[39m
          [36m&lt;/div&gt;[39m
          [36m&lt;button[39m
            [33mclass[39m=[32m&quot;inline-flex items-center justify-center gap-2.5 whitespace-nowrap text-sm focus-visible:outline-none focus-visible:ring-2 focus-visible:ring-ring disabled:pointer-events-none disabled:opacity-50 [&amp;_svg]:pointer-events-none [&amp;_svg]:size-5 [&amp;_svg]:shrink-0 hover:shadow-md hover:bg-primary/90 py-3 rounded-2xl h-14 px-8 bg-primary text-primary-foreground font-black uppercase tracking-widest shadow-xl shadow-primary/20 hover:scale-[1.02] active:scale-[0.98] transition-all group overflow-hidden relative&quot;[39m
          [36m&gt;[39m
            [36m&lt;div[39m
              [33mclass[39m=[32m&quot;absolute inset-0 bg-gradient-to-r from-white/0 via-white/10 to-white/0 -translate-x-full group-hover:animate-shimmer&quot;[39m
            [36m/&gt;[39m
            [36m&lt;svg[39m
              [33mclass[39m=[32m&quot;lucide lucide-sparkles w-5 h-5 mr-2 group-hover:rotate-12 transition-transform&quot;[39m
              [33mfill[39m=[32m&quot;none&quot;[39m
              [33mheight[39m=[32m&quot;24&quot;[39m
    ..." type="TestingLibraryElementError">
TestingLibraryElementError: Unable to find an element with the text: /Magisterium Wins/i. This could be because the text is broken up by multiple elements. In this case, you can provide a function for your text matcher to make your matcher more flexible.

Ignored nodes: comments, script, style
&lt;body&gt;
  &lt;div&gt;
    &lt;div
      class=&quot;space-y-12 animate-in fade-in slide-in-from-bottom-4 duration-700 max-w-5xl mx-auto pb-24 px-4 relative&quot;
    &gt;
      &lt;div
        class=&quot;fixed inset-0 bg-gradient-to-b from-blue-500/10 via-background to-background -z-10 pointer-events-none opacity-40&quot;
      /&gt;
      &lt;nav
        class=&quot;flex items-center gap-3 text-[10px] font-black uppercase tracking-[0.2em] text-muted-foreground/50 mb-8 overflow-x-auto whitespace-nowrap pb-2 scrollbar-none&quot;
      &gt;
        &lt;button
          class=&quot;hover:text-primary transition-colors flex items-center gap-1&quot;
        &gt;
          &lt;svg
            class=&quot;lucide lucide-chevron-left w-3 h-3&quot;
            fill=&quot;none&quot;
            height=&quot;24&quot;
            stroke=&quot;currentColor&quot;
            stroke-linecap=&quot;round&quot;
            stroke-linejoin=&quot;round&quot;
            stroke-width=&quot;2&quot;
            viewBox=&quot;0 0 24 24&quot;
            width=&quot;24&quot;
            xmlns=&quot;http://www.w3.org/2000/svg&quot;
          &gt;
            &lt;path
              d=&quot;m15 18-6-6 6-6&quot;
            /&gt;
          &lt;/svg&gt;
           Início
        &lt;/button&gt;
        &lt;span
          class=&quot;opacity-30&quot;
        &gt;
          /
        &lt;/span&gt;
        &lt;button
          class=&quot;hover:text-primary transition-colors&quot;
        &gt;
          Temas
        &lt;/button&gt;
        &lt;span
          class=&quot;opacity-30&quot;
        &gt;
          /
        &lt;/span&gt;
        &lt;button
          class=&quot;hover:text-primary transition-colors&quot;
        &gt;
          fundamentos
        &lt;/button&gt;
        &lt;span
          class=&quot;opacity-30&quot;
        &gt;
          /
        &lt;/span&gt;
        &lt;span
          class=&quot;text-primary/80&quot;
        &gt;
          Race
        &lt;/span&gt;
      &lt;/nav&gt;
      &lt;header
        class=&quot;space-y-6&quot;
      &gt;
        &lt;div
          class=&quot;flex flex-col sm:flex-row sm:items-center justify-between gap-6&quot;
        &gt;
          &lt;div
            class=&quot;flex items-center gap-4&quot;
          &gt;
            &lt;div
              class=&quot;w-16 h-16 rounded-[2rem] bg-primary/10 flex items-center justify-center text-primary shadow-inner border border-primary/20&quot;
            &gt;
              &lt;svg
                class=&quot;lucide lucide-hash w-8 h-8&quot;
                fill=&quot;none&quot;
                height=&quot;24&quot;
                stroke=&quot;currentColor&quot;
                stroke-linecap=&quot;round&quot;
                stroke-linejoin=&quot;round&quot;
                stroke-width=&quot;2&quot;
                viewBox=&quot;0 0 24 24&quot;
                width=&quot;24&quot;
                xmlns=&quot;http://www.w3.org/2000/svg&quot;
              &gt;
                &lt;line
                  x1=&quot;4&quot;
                  x2=&quot;20&quot;
                  y1=&quot;9&quot;
                  y2=&quot;9&quot;
                /&gt;
                &lt;line
                  x1=&quot;4&quot;
                  x2=&quot;20&quot;
                  y1=&quot;15&quot;
                  y2=&quot;15&quot;
                /&gt;
                &lt;line
                  x1=&quot;10&quot;
                  x2=&quot;8&quot;
                  y1=&quot;3&quot;
                  y2=&quot;21&quot;
                /&gt;
                &lt;line
                  x1=&quot;16&quot;
                  x2=&quot;14&quot;
                  y1=&quot;3&quot;
                  y2=&quot;21&quot;
                /&gt;
              &lt;/svg&gt;
            &lt;/div&gt;
            &lt;div&gt;
              &lt;div
                class=&quot;flex items-center gap-2 mb-1&quot;
              &gt;
                &lt;span
                  class=&quot;text-[10px] font-black uppercase tracking-[0.3em] text-primary/60&quot;
                &gt;
                  fundamentos
                &lt;/span&gt;
                &lt;div
                  class=&quot;w-1 h-1 rounded-full bg-primary/30&quot;
                /&gt;
                &lt;div
                  class=&quot;inline-flex items-center rounded-full border px-2.5 py-0.5 transition-colors focus:outline-none focus:ring-2 focus:ring-ring focus:ring-offset-2 text-[9px] font-black uppercase tracking-widest border-primary/20 text-primary/70&quot;
                &gt;
                  Nexus
                &lt;/div&gt;
              &lt;/div&gt;
              &lt;h1
                class=&quot;text-4xl sm:text-5xl font-black tracking-tight text-foreground&quot;
              &gt;
                Race
              &lt;/h1&gt;
            &lt;/div&gt;
          &lt;/div&gt;
          &lt;button
            class=&quot;inline-flex items-center justify-center gap-2.5 whitespace-nowrap text-sm focus-visible:outline-none focus-visible:ring-2 focus-visible:ring-ring disabled:pointer-events-none disabled:opacity-50 [&amp;_svg]:pointer-events-none [&amp;_svg]:size-5 [&amp;_svg]:shrink-0 hover:shadow-md hover:bg-primary/90 py-3 rounded-2xl h-14 px-8 bg-primary text-primary-foreground font-black uppercase tracking-widest shadow-xl shadow-primary/20 hover:scale-[1.02] active:scale-[0.98] transition-all group overflow-hidden relative&quot;
          &gt;
            &lt;div
              class=&quot;absolute inset-0 bg-gradient-to-r from-white/0 via-white/10 to-white/0 -translate-x-full group-hover:animate-shimmer&quot;
            /&gt;
            &lt;svg
              class=&quot;lucide lucide-sparkles w-5 h-5 mr-2 group-hover:rotate-12 transition-transform&quot;
              fill=&quot;none&quot;
              height=&quot;24&quot;
    ...

Ignored nodes: comments, script, style
&lt;body&gt;
  &lt;div&gt;
    &lt;div
      class=&quot;space-y-12 animate-in fade-in slide-in-from-bottom-4 duration-700 max-w-5xl mx-auto pb-24 px-4 relative&quot;
    &gt;
      &lt;div
        class=&quot;fixed inset-0 bg-gradient-to-b from-blue-500/10 via-background to-background -z-10 pointer-events-none opacity-40&quot;
      /&gt;
      &lt;nav
        class=&quot;flex items-center gap-3 text-[10px] font-black uppercase tracking-[0.2em] text-muted-foreground/50 mb-8 overflow-x-auto whitespace-nowrap pb-2 scrollbar-none&quot;
      &gt;
        &lt;button
          class=&quot;hover:text-primary transition-colors flex items-center gap-1&quot;
        &gt;
          &lt;svg
            class=&quot;lucide lucide-chevron-left w-3 h-3&quot;
            fill=&quot;none&quot;
            height=&quot;24&quot;
            stroke=&quot;currentColor&quot;
            stroke-linecap=&quot;round&quot;
            stroke-linejoin=&quot;round&quot;
            stroke-width=&quot;2&quot;
            viewBox=&quot;0 0 24 24&quot;
            width=&quot;24&quot;
            xmlns=&quot;http://www.w3.org/2000/svg&quot;
          &gt;
            &lt;path
              d=&quot;m15 18-6-6 6-6&quot;
            /&gt;
          &lt;/svg&gt;
           Início
        &lt;/button&gt;
        &lt;span
          class=&quot;opacity-30&quot;
        &gt;
          /
        &lt;/span&gt;
        &lt;button
          class=&quot;hover:text-primary transition-colors&quot;
        &gt;
          Temas
        &lt;/button&gt;
        &lt;span
          class=&quot;opacity-30&quot;
        &gt;
          /
        &lt;/span&gt;
        &lt;button
          class=&quot;hover:text-primary transition-colors&quot;
        &gt;
          fundamentos
        &lt;/button&gt;
        &lt;span
          class=&quot;opacity-30&quot;
        &gt;
          /
        &lt;/span&gt;
        &lt;span
          class=&quot;text-primary/80&quot;
        &gt;
          Race
        &lt;/span&gt;
      &lt;/nav&gt;
      &lt;header
        class=&quot;space-y-6&quot;
      &gt;
        &lt;div
          class=&quot;flex flex-col sm:flex-row sm:items-center justify-between gap-6&quot;
        &gt;
          &lt;div
            class=&quot;flex items-center gap-4&quot;
          &gt;
            &lt;div
              class=&quot;w-16 h-16 rounded-[2rem] bg-primary/10 flex items-center justify-center text-primary shadow-inner border border-primary/20&quot;
            &gt;
              &lt;svg
                class=&quot;lucide lucide-hash w-8 h-8&quot;
                fill=&quot;none&quot;
                height=&quot;24&quot;
                stroke=&quot;currentColor&quot;
                stroke-linecap=&quot;round&quot;
                stroke-linejoin=&quot;round&quot;
                stroke-width=&quot;2&quot;
                viewBox=&quot;0 0 24 24&quot;
                width=&quot;24&quot;
                xmlns=&quot;http://www.w3.org/2000/svg&quot;
              &gt;
                &lt;line
                  x1=&quot;4&quot;
                  x2=&quot;20&quot;
                  y1=&quot;9&quot;
                  y2=&quot;9&quot;
                /&gt;
                &lt;line
                  x1=&quot;4&quot;
                  x2=&quot;20&quot;
                  y1=&quot;15&quot;
                  y2=&quot;15&quot;
                /&gt;
                &lt;line
                  x1=&quot;10&quot;
                  x2=&quot;8&quot;
                  y1=&quot;3&quot;
                  y2=&quot;21&quot;
                /&gt;
                &lt;line
                  x1=&quot;16&quot;
                  x2=&quot;14&quot;
                  y1=&quot;3&quot;
                  y2=&quot;21&quot;
                /&gt;
              &lt;/svg&gt;
            &lt;/div&gt;
            &lt;div&gt;
              &lt;div
                class=&quot;flex items-center gap-2 mb-1&quot;
              &gt;
                &lt;span
                  class=&quot;text-[10px] font-black uppercase tracking-[0.3em] text-primary/60&quot;
                &gt;
                  fundamentos
                &lt;/span&gt;
                &lt;div
                  class=&quot;w-1 h-1 rounded-full bg-primary/30&quot;
                /&gt;
                &lt;div
                  class=&quot;inline-flex items-center rounded-full border px-2.5 py-0.5 transition-colors focus:outline-none focus:ring-2 focus:ring-ring focus:ring-offset-2 text-[9px] font-black uppercase tracking-widest border-primary/20 text-primary/70&quot;
                &gt;
                  Nexus
                &lt;/div&gt;
              &lt;/div&gt;
              &lt;h1
                class=&quot;text-4xl sm:text-5xl font-black tracking-tight text-foreground&quot;
              &gt;
                Race
              &lt;/h1&gt;
            &lt;/div&gt;
          &lt;/div&gt;
          &lt;button
            class=&quot;inline-flex items-center justify-center gap-2.5 whitespace-nowrap text-sm focus-visible:outline-none focus-visible:ring-2 focus-visible:ring-ring disabled:pointer-events-none disabled:opacity-50 [&amp;_svg]:pointer-events-none [&amp;_svg]:size-5 [&amp;_svg]:shrink-0 hover:shadow-md hover:bg-primary/90 py-3 rounded-2xl h-14 px-8 bg-primary text-primary-foreground font-black uppercase tracking-widest shadow-xl shadow-primary/20 hover:scale-[1.02] active:scale-[0.98] transition-all group overflow-hidden relative&quot;
          &gt;
            &lt;div
              class=&quot;absolute inset-0 bg-gradient-to-r from-white/0 via-white/10 to-white/0 -translate-x-full group-hover:animate-shimmer&quot;
            /&gt;
            &lt;svg
              class=&quot;lucide lucide-sparkles w-5 h-5 mr-2 group-hover:rotate-12 transition-transform&quot;
              fill=&quot;none&quot;
              height=&quot;24&quot;
    ...
 ❯ waitForWrapper node_modules/.bun/@testing-library+dom@10.4.1/node_modules/@testing-library/dom/dist/wait-for.js:163:27
 ❯ findByText node_modules/.bun/@testing-library+dom@10.4.1/node_modules/@testing-library/dom/dist/query-helpers.js:86:33
 ❯ src/components/cathedra/TemaDetailPage.test.tsx:324:25
            </failure>
        </testcase>
        <testcase classname="src/components/cathedra/TemaDetailPage.test.tsx" name="TemaDetailPage - Integration Tests &gt; shows loading state during retry and resolves correctly" time="1.024045636">
            <system-out>
[STATS] {&quot;calls&quot;:0,&quot;tabs&quot;:{}}

            </system-out>
            <failure message="Unable to find an element with the text: /Erro ao carregar conexões .* no Nexus/i. This could be because the text is broken up by multiple elements. In this case, you can provide a function for your text matcher to make your matcher more flexible.

Ignored nodes: comments, script, style
[36m&lt;body&gt;[39m
  [36m&lt;div&gt;[39m
    [36m&lt;div[39m
      [33mclass[39m=[32m&quot;space-y-12 animate-in fade-in slide-in-from-bottom-4 duration-700 max-w-5xl mx-auto pb-24 px-4 relative&quot;[39m
    [36m&gt;[39m
      [36m&lt;div[39m
        [33mclass[39m=[32m&quot;fixed inset-0 bg-gradient-to-b from-blue-500/10 via-background to-background -z-10 pointer-events-none opacity-40&quot;[39m
      [36m/&gt;[39m
      [36m&lt;nav[39m
        [33mclass[39m=[32m&quot;flex items-center gap-3 text-[10px] font-black uppercase tracking-[0.2em] text-muted-foreground/50 mb-8 overflow-x-auto whitespace-nowrap pb-2 scrollbar-none&quot;[39m
      [36m&gt;[39m
        [36m&lt;button[39m
          [33mclass[39m=[32m&quot;hover:text-primary transition-colors flex items-center gap-1&quot;[39m
        [36m&gt;[39m
          [36m&lt;svg[39m
            [33mclass[39m=[32m&quot;lucide lucide-chevron-left w-3 h-3&quot;[39m
            [33mfill[39m=[32m&quot;none&quot;[39m
            [33mheight[39m=[32m&quot;24&quot;[39m
            [33mstroke[39m=[32m&quot;currentColor&quot;[39m
            [33mstroke-linecap[39m=[32m&quot;round&quot;[39m
            [33mstroke-linejoin[39m=[32m&quot;round&quot;[39m
            [33mstroke-width[39m=[32m&quot;2&quot;[39m
            [33mviewBox[39m=[32m&quot;0 0 24 24&quot;[39m
            [33mwidth[39m=[32m&quot;24&quot;[39m
            [33mxmlns[39m=[32m&quot;http://www.w3.org/2000/svg&quot;[39m
          [36m&gt;[39m
            [36m&lt;path[39m
              [33md[39m=[32m&quot;m15 18-6-6 6-6&quot;[39m
            [36m/&gt;[39m
          [36m&lt;/svg&gt;[39m
          [0m Início[0m
        [36m&lt;/button&gt;[39m
        [36m&lt;span[39m
          [33mclass[39m=[32m&quot;opacity-30&quot;[39m
        [36m&gt;[39m
          [0m/[0m
        [36m&lt;/span&gt;[39m
        [36m&lt;button[39m
          [33mclass[39m=[32m&quot;hover:text-primary transition-colors&quot;[39m
        [36m&gt;[39m
          [0mTemas[0m
        [36m&lt;/button&gt;[39m
        [36m&lt;span[39m
          [33mclass[39m=[32m&quot;opacity-30&quot;[39m
        [36m&gt;[39m
          [0m/[0m
        [36m&lt;/span&gt;[39m
        [36m&lt;button[39m
          [33mclass[39m=[32m&quot;hover:text-primary transition-colors&quot;[39m
        [36m&gt;[39m
          [0mfundamentos[0m
        [36m&lt;/button&gt;[39m
        [36m&lt;span[39m
          [33mclass[39m=[32m&quot;opacity-30&quot;[39m
        [36m&gt;[39m
          [0m/[0m
        [36m&lt;/span&gt;[39m
        [36m&lt;span[39m
          [33mclass[39m=[32m&quot;text-primary/80&quot;[39m
        [36m&gt;[39m
          [0mDisableRetry[0m
        [36m&lt;/span&gt;[39m
      [36m&lt;/nav&gt;[39m
      [36m&lt;header[39m
        [33mclass[39m=[32m&quot;space-y-6&quot;[39m
      [36m&gt;[39m
        [36m&lt;div[39m
          [33mclass[39m=[32m&quot;flex flex-col sm:flex-row sm:items-center justify-between gap-6&quot;[39m
        [36m&gt;[39m
          [36m&lt;div[39m
            [33mclass[39m=[32m&quot;flex items-center gap-4&quot;[39m
          [36m&gt;[39m
            [36m&lt;div[39m
              [33mclass[39m=[32m&quot;w-16 h-16 rounded-[2rem] bg-primary/10 flex items-center justify-center text-primary shadow-inner border border-primary/20&quot;[39m
            [36m&gt;[39m
              [36m&lt;svg[39m
                [33mclass[39m=[32m&quot;lucide lucide-hash w-8 h-8&quot;[39m
                [33mfill[39m=[32m&quot;none&quot;[39m
                [33mheight[39m=[32m&quot;24&quot;[39m
                [33mstroke[39m=[32m&quot;currentColor&quot;[39m
                [33mstroke-linecap[39m=[32m&quot;round&quot;[39m
                [33mstroke-linejoin[39m=[32m&quot;round&quot;[39m
                [33mstroke-width[39m=[32m&quot;2&quot;[39m
                [33mviewBox[39m=[32m&quot;0 0 24 24&quot;[39m
                [33mwidth[39m=[32m&quot;24&quot;[39m
                [33mxmlns[39m=[32m&quot;http://www.w3.org/2000/svg&quot;[39m
              [36m&gt;[39m
                [36m&lt;line[39m
                  [33mx1[39m=[32m&quot;4&quot;[39m
                  [33mx2[39m=[32m&quot;20&quot;[39m
                  [33my1[39m=[32m&quot;9&quot;[39m
                  [33my2[39m=[32m&quot;9&quot;[39m
                [36m/&gt;[39m
                [36m&lt;line[39m
                  [33mx1[39m=[32m&quot;4&quot;[39m
                  [33mx2[39m=[32m&quot;20&quot;[39m
                  [33my1[39m=[32m&quot;15&quot;[39m
                  [33my2[39m=[32m&quot;15&quot;[39m
                [36m/&gt;[39m
                [36m&lt;line[39m
                  [33mx1[39m=[32m&quot;10&quot;[39m
                  [33mx2[39m=[32m&quot;8&quot;[39m
                  [33my1[39m=[32m&quot;3&quot;[39m
                  [33my2[39m=[32m&quot;21&quot;[39m
                [36m/&gt;[39m
                [36m&lt;line[39m
                  [33mx1[39m=[32m&quot;16&quot;[39m
                  [33mx2[39m=[32m&quot;14&quot;[39m
                  [33my1[39m=[32m&quot;3&quot;[39m
                  [33my2[39m=[32m&quot;21&quot;[39m
                [36m/&gt;[39m
              [36m&lt;/svg&gt;[39m
            [36m&lt;/div&gt;[39m
            [36m&lt;div&gt;[39m
              [36m&lt;div[39m
                [33mclass[39m=[32m&quot;flex items-center gap-2 mb-1&quot;[39m
              [36m&gt;[39m
                [36m&lt;span[39m
                  [33mclass[39m=[32m&quot;text-[10px] font-black uppercase tracking-[0.3em] text-primary/60&quot;[39m
                [36m&gt;[39m
                  [0mfundamentos[0m
                [36m&lt;/span&gt;[39m
                [36m&lt;div[39m
                  [33mclass[39m=[32m&quot;w-1 h-1 rounded-full bg-primary/30&quot;[39m
                [36m/&gt;[39m
                [36m&lt;div[39m
                  [33mclass[39m=[32m&quot;inline-flex items-center rounded-full border px-2.5 py-0.5 transition-colors focus:outline-none focus:ring-2 focus:ring-ring focus:ring-offset-2 text-[9px] font-black uppercase tracking-widest border-primary/20 text-primary/70&quot;[39m
                [36m&gt;[39m
                  [0mNexus[0m
                [36m&lt;/div&gt;[39m
              [36m&lt;/div&gt;[39m
              [36m&lt;h1[39m
                [33mclass[39m=[32m&quot;text-4xl sm:text-5xl font-black tracking-tight text-foreground&quot;[39m
              [36m&gt;[39m
                [0mDisableRetry[0m
              [36m&lt;/h1&gt;[39m
            [36m&lt;/div&gt;[39m
          [36m&lt;/div&gt;[39m
          [36m&lt;button[39m
            [33mclass[39m=[32m&quot;inline-flex items-center justify-center gap-2.5 whitespace-nowrap text-sm focus-visible:outline-none focus-visible:ring-2 focus-visible:ring-ring disabled:pointer-events-none disabled:opacity-50 [&amp;_svg]:pointer-events-none [&amp;_svg]:size-5 [&amp;_svg]:shrink-0 hover:shadow-md hover:bg-primary/90 py-3 rounded-2xl h-14 px-8 bg-primary text-primary-foreground font-black uppercase tracking-widest shadow-xl shadow-primary/20 hover:scale-[1.02] active:scale-[0.98] transition-all group overflow-hidden relative&quot;[39m
          [36m&gt;[39m
            [36m&lt;div[39m
              [33mclass[39m=[32m&quot;absolute inset-0 bg-gradient-to-r from-white/0 via-white/10 to-white/0 -translate-x-full group-hover:animate-shimmer&quot;[39m
            [36m/&gt;[39m
            [36m&lt;svg[39m
              [33mclass[39m=[32m&quot;lucide lucide-sparkles w-5 h-5 mr-2 group-hover:rotate-12 transition-transform&quot;[39m
              [33mfill[39m=[32m&quot;none&quot;[39m
              [33mheight[39m=[3...

Ignored nodes: comments, script, style
[36m&lt;body&gt;[39m
  [36m&lt;div&gt;[39m
    [36m&lt;div[39m
      [33mclass[39m=[32m&quot;space-y-12 animate-in fade-in slide-in-from-bottom-4 duration-700 max-w-5xl mx-auto pb-24 px-4 relative&quot;[39m
    [36m&gt;[39m
      [36m&lt;div[39m
        [33mclass[39m=[32m&quot;fixed inset-0 bg-gradient-to-b from-blue-500/10 via-background to-background -z-10 pointer-events-none opacity-40&quot;[39m
      [36m/&gt;[39m
      [36m&lt;nav[39m
        [33mclass[39m=[32m&quot;flex items-center gap-3 text-[10px] font-black uppercase tracking-[0.2em] text-muted-foreground/50 mb-8 overflow-x-auto whitespace-nowrap pb-2 scrollbar-none&quot;[39m
      [36m&gt;[39m
        [36m&lt;button[39m
          [33mclass[39m=[32m&quot;hover:text-primary transition-colors flex items-center gap-1&quot;[39m
        [36m&gt;[39m
          [36m&lt;svg[39m
            [33mclass[39m=[32m&quot;lucide lucide-chevron-left w-3 h-3&quot;[39m
            [33mfill[39m=[32m&quot;none&quot;[39m
            [33mheight[39m=[32m&quot;24&quot;[39m
            [33mstroke[39m=[32m&quot;currentColor&quot;[39m
            [33mstroke-linecap[39m=[32m&quot;round&quot;[39m
            [33mstroke-linejoin[39m=[32m&quot;round&quot;[39m
            [33mstroke-width[39m=[32m&quot;2&quot;[39m
            [33mviewBox[39m=[32m&quot;0 0 24 24&quot;[39m
            [33mwidth[39m=[32m&quot;24&quot;[39m
            [33mxmlns[39m=[32m&quot;http://www.w3.org/2000/svg&quot;[39m
          [36m&gt;[39m
            [36m&lt;path[39m
              [33md[39m=[32m&quot;m15 18-6-6 6-6&quot;[39m
            [36m/&gt;[39m
          [36m&lt;/svg&gt;[39m
          [0m Início[0m
        [36m&lt;/button&gt;[39m
        [36m&lt;span[39m
          [33mclass[39m=[32m&quot;opacity-30&quot;[39m
        [36m&gt;[39m
          [0m/[0m
        [36m&lt;/span&gt;[39m
        [36m&lt;button[39m
          [33mclass[39m=[32m&quot;hover:text-primary transition-colors&quot;[39m
        [36m&gt;[39m
          [0mTemas[0m
        [36m&lt;/button&gt;[39m
        [36m&lt;span[39m
          [33mclass[39m=[32m&quot;opacity-30&quot;[39m
        [36m&gt;[39m
          [0m/[0m
        [36m&lt;/span&gt;[39m
        [36m&lt;button[39m
          [33mclass[39m=[32m&quot;hover:text-primary transition-colors&quot;[39m
        [36m&gt;[39m
          [0mfundamentos[0m
        [36m&lt;/button&gt;[39m
        [36m&lt;span[39m
          [33mclass[39m=[32m&quot;opacity-30&quot;[39m
        [36m&gt;[39m
          [0m/[0m
        [36m&lt;/span&gt;[39m
        [36m&lt;span[39m
          [33mclass[39m=[32m&quot;text-primary/80&quot;[39m
        [36m&gt;[39m
          [0mDisableRetry[0m
        [36m&lt;/span&gt;[39m
      [36m&lt;/nav&gt;[39m
      [36m&lt;header[39m
        [33mclass[39m=[32m&quot;space-y-6&quot;[39m
      [36m&gt;[39m
        [36m&lt;div[39m
          [33mclass[39m=[32m&quot;flex flex-col sm:flex-row sm:items-center justify-between gap-6&quot;[39m
        [36m&gt;[39m
          [36m&lt;div[39m
            [33mclass[39m=[32m&quot;flex items-center gap-4&quot;[39m
          [36m&gt;[39m
            [36m&lt;div[39m
              [33mclass[39m=[32m&quot;w-16 h-16 rounded-[2rem] bg-primary/10 flex items-center justify-center text-primary shadow-inner border border-primary/20&quot;[39m
            [36m&gt;[39m
              [36m&lt;svg[39m
                [33mclass[39m=[32m&quot;lucide lucide-hash w-8 h-8&quot;[39m
                [33mfill[39m=[32m&quot;none&quot;[39m
                [33mheight[39m=[32m&quot;24&quot;[39m
                [33mstroke[39m=[32m&quot;currentColor&quot;[39m
                [33mstroke-linecap[39m=[32m&quot;round&quot;[39m
                [33mstroke-linejoin[39m=[32m&quot;round&quot;[39m
                [33mstroke-width[39m=[32m&quot;2&quot;[39m
                [33mviewBox[39m=[32m&quot;0 0 24 24&quot;[39m
                [33mwidth[39m=[32m&quot;24&quot;[39m
                [33mxmlns[39m=[32m&quot;http://www.w3.org/2000/svg&quot;[39m
              [36m&gt;[39m
                [36m&lt;line[39m
                  [33mx1[39m=[32m&quot;4&quot;[39m
                  [33mx2[39m=[32m&quot;20&quot;[39m
                  [33my1[39m=[32m&quot;9&quot;[39m
                  [33my2[39m=[32m&quot;9&quot;[39m
                [36m/&gt;[39m
                [36m&lt;line[39m
                  [33mx1[39m=[32m&quot;4&quot;[39m
                  [33mx2[39m=[32m&quot;20&quot;[39m
                  [33my1[39m=[32m&quot;15&quot;[39m
                  [33my2[39m=[32m&quot;15&quot;[39m
                [36m/&gt;[39m
                [36m&lt;line[39m
                  [33mx1[39m=[32m&quot;10&quot;[39m
                  [33mx2[39m=[32m&quot;8&quot;[39m
                  [33my1[39m=[32m&quot;3&quot;[39m
                  [33my2[39m=[32m&quot;21&quot;[39m
                [36m/&gt;[39m
                [36m&lt;line[39m
                  [33mx1[39m=[32m&quot;16&quot;[39m
                  [33mx2[39m=[32m&quot;14&quot;[39m
                  [33my1[39m=[32m&quot;3&quot;[39m
                  [33my2[39m=[32m&quot;21&quot;[39m
                [36m/&gt;[39m
              [36m&lt;/svg&gt;[39m
            [36m&lt;/div&gt;[39m
            [36m&lt;div&gt;[39m
              [36m&lt;div[39m
                [33mclass[39m=[32m&quot;flex items-center gap-2 mb-1&quot;[39m
              [36m&gt;[39m
                [36m&lt;span[39m
                  [33mclass[39m=[32m&quot;text-[10px] font-black uppercase tracking-[0.3em] text-primary/60&quot;[39m
                [36m&gt;[39m
                  [0mfundamentos[0m
                [36m&lt;/span&gt;[39m
                [36m&lt;div[39m
                  [33mclass[39m=[32m&quot;w-1 h-1 rounded-full bg-primary/30&quot;[39m
                [36m/&gt;[39m
                [36m&lt;div[39m
                  [33mclass[39m=[32m&quot;inline-flex items-center rounded-full border px-2.5 py-0.5 transition-colors focus:outline-none focus:ring-2 focus:ring-ring focus:ring-offset-2 text-[9px] font-black uppercase tracking-widest border-primary/20 text-primary/70&quot;[39m
                [36m&gt;[39m
                  [0mNexus[0m
                [36m&lt;/div&gt;[39m
              [36m&lt;/div&gt;[39m
              [36m&lt;h1[39m
                [33mclass[39m=[32m&quot;text-4xl sm:text-5xl font-black tracking-tight text-foreground&quot;[39m
              [36m&gt;[39m
                [0mDisableRetry[0m
              [36m&lt;/h1&gt;[39m
            [36m&lt;/div&gt;[39m
          [36m&lt;/div&gt;[39m
          [36m&lt;button[39m
            [33mclass[39m=[32m&quot;inline-flex items-center justify-center gap-2.5 whitespace-nowrap text-sm focus-visible:outline-none focus-visible:ring-2 focus-visible:ring-ring disabled:pointer-events-none disabled:opacity-50 [&amp;_svg]:pointer-events-none [&amp;_svg]:size-5 [&amp;_svg]:shrink-0 hover:shadow-md hover:bg-primary/90 py-3 rounded-2xl h-14 px-8 bg-primary text-primary-foreground font-black uppercase tracking-widest shadow-xl shadow-primary/20 hover:scale-[1.02] active:scale-[0.98] transition-all group overflow-hidden relative&quot;[39m
          [36m&gt;[39m
            [36m&lt;div[39m
              [33mclass[39m=[32m&quot;absolute inset-0 bg-gradient-to-r from-white/0 via-white/10 to-white/0 -translate-x-full group-hover:animate-shimmer&quot;[39m
            [36m/&gt;[39m
            [36m&lt;svg[39m
              [33mclass[39m=[32m&quot;lucide lucide-sparkles w-5 h-5 mr-2 group-hover:rotate-12 transition-transform&quot;[39m
              [33mfill[39m=[32m&quot;none&quot;[39m
              [33mheight[39m=[3..." type="TestingLibraryElementError">
TestingLibraryElementError: Unable to find an element with the text: /Erro ao carregar conexões .* no Nexus/i. This could be because the text is broken up by multiple elements. In this case, you can provide a function for your text matcher to make your matcher more flexible.

Ignored nodes: comments, script, style
&lt;body&gt;
  &lt;div&gt;
    &lt;div
      class=&quot;space-y-12 animate-in fade-in slide-in-from-bottom-4 duration-700 max-w-5xl mx-auto pb-24 px-4 relative&quot;
    &gt;
      &lt;div
        class=&quot;fixed inset-0 bg-gradient-to-b from-blue-500/10 via-background to-background -z-10 pointer-events-none opacity-40&quot;
      /&gt;
      &lt;nav
        class=&quot;flex items-center gap-3 text-[10px] font-black uppercase tracking-[0.2em] text-muted-foreground/50 mb-8 overflow-x-auto whitespace-nowrap pb-2 scrollbar-none&quot;
      &gt;
        &lt;button
          class=&quot;hover:text-primary transition-colors flex items-center gap-1&quot;
        &gt;
          &lt;svg
            class=&quot;lucide lucide-chevron-left w-3 h-3&quot;
            fill=&quot;none&quot;
            height=&quot;24&quot;
            stroke=&quot;currentColor&quot;
            stroke-linecap=&quot;round&quot;
            stroke-linejoin=&quot;round&quot;
            stroke-width=&quot;2&quot;
            viewBox=&quot;0 0 24 24&quot;
            width=&quot;24&quot;
            xmlns=&quot;http://www.w3.org/2000/svg&quot;
          &gt;
            &lt;path
              d=&quot;m15 18-6-6 6-6&quot;
            /&gt;
          &lt;/svg&gt;
           Início
        &lt;/button&gt;
        &lt;span
          class=&quot;opacity-30&quot;
        &gt;
          /
        &lt;/span&gt;
        &lt;button
          class=&quot;hover:text-primary transition-colors&quot;
        &gt;
          Temas
        &lt;/button&gt;
        &lt;span
          class=&quot;opacity-30&quot;
        &gt;
          /
        &lt;/span&gt;
        &lt;button
          class=&quot;hover:text-primary transition-colors&quot;
        &gt;
          fundamentos
        &lt;/button&gt;
        &lt;span
          class=&quot;opacity-30&quot;
        &gt;
          /
        &lt;/span&gt;
        &lt;span
          class=&quot;text-primary/80&quot;
        &gt;
          DisableRetry
        &lt;/span&gt;
      &lt;/nav&gt;
      &lt;header
        class=&quot;space-y-6&quot;
      &gt;
        &lt;div
          class=&quot;flex flex-col sm:flex-row sm:items-center justify-between gap-6&quot;
        &gt;
          &lt;div
            class=&quot;flex items-center gap-4&quot;
          &gt;
            &lt;div
              class=&quot;w-16 h-16 rounded-[2rem] bg-primary/10 flex items-center justify-center text-primary shadow-inner border border-primary/20&quot;
            &gt;
              &lt;svg
                class=&quot;lucide lucide-hash w-8 h-8&quot;
                fill=&quot;none&quot;
                height=&quot;24&quot;
                stroke=&quot;currentColor&quot;
                stroke-linecap=&quot;round&quot;
                stroke-linejoin=&quot;round&quot;
                stroke-width=&quot;2&quot;
                viewBox=&quot;0 0 24 24&quot;
                width=&quot;24&quot;
                xmlns=&quot;http://www.w3.org/2000/svg&quot;
              &gt;
                &lt;line
                  x1=&quot;4&quot;
                  x2=&quot;20&quot;
                  y1=&quot;9&quot;
                  y2=&quot;9&quot;
                /&gt;
                &lt;line
                  x1=&quot;4&quot;
                  x2=&quot;20&quot;
                  y1=&quot;15&quot;
                  y2=&quot;15&quot;
                /&gt;
                &lt;line
                  x1=&quot;10&quot;
                  x2=&quot;8&quot;
                  y1=&quot;3&quot;
                  y2=&quot;21&quot;
                /&gt;
                &lt;line
                  x1=&quot;16&quot;
                  x2=&quot;14&quot;
                  y1=&quot;3&quot;
                  y2=&quot;21&quot;
                /&gt;
              &lt;/svg&gt;
            &lt;/div&gt;
            &lt;div&gt;
              &lt;div
                class=&quot;flex items-center gap-2 mb-1&quot;
              &gt;
                &lt;span
                  class=&quot;text-[10px] font-black uppercase tracking-[0.3em] text-primary/60&quot;
                &gt;
                  fundamentos
                &lt;/span&gt;
                &lt;div
                  class=&quot;w-1 h-1 rounded-full bg-primary/30&quot;
                /&gt;
                &lt;div
                  class=&quot;inline-flex items-center rounded-full border px-2.5 py-0.5 transition-colors focus:outline-none focus:ring-2 focus:ring-ring focus:ring-offset-2 text-[9px] font-black uppercase tracking-widest border-primary/20 text-primary/70&quot;
                &gt;
                  Nexus
                &lt;/div&gt;
              &lt;/div&gt;
              &lt;h1
                class=&quot;text-4xl sm:text-5xl font-black tracking-tight text-foreground&quot;
              &gt;
                DisableRetry
              &lt;/h1&gt;
            &lt;/div&gt;
          &lt;/div&gt;
          &lt;button
            class=&quot;inline-flex items-center justify-center gap-2.5 whitespace-nowrap text-sm focus-visible:outline-none focus-visible:ring-2 focus-visible:ring-ring disabled:pointer-events-none disabled:opacity-50 [&amp;_svg]:pointer-events-none [&amp;_svg]:size-5 [&amp;_svg]:shrink-0 hover:shadow-md hover:bg-primary/90 py-3 rounded-2xl h-14 px-8 bg-primary text-primary-foreground font-black uppercase tracking-widest shadow-xl shadow-primary/20 hover:scale-[1.02] active:scale-[0.98] transition-all group overflow-hidden relative&quot;
          &gt;
            &lt;div
              class=&quot;absolute inset-0 bg-gradient-to-r from-white/0 via-white/10 to-white/0 -translate-x-full group-hover:animate-shimmer&quot;
            /&gt;
            &lt;svg
              class=&quot;lucide lucide-sparkles w-5 h-5 mr-2 group-hover:rotate-12 transition-transform&quot;
              fill=&quot;none&quot;
              height=...

Ignored nodes: comments, script, style
&lt;body&gt;
  &lt;div&gt;
    &lt;div
      class=&quot;space-y-12 animate-in fade-in slide-in-from-bottom-4 duration-700 max-w-5xl mx-auto pb-24 px-4 relative&quot;
    &gt;
      &lt;div
        class=&quot;fixed inset-0 bg-gradient-to-b from-blue-500/10 via-background to-background -z-10 pointer-events-none opacity-40&quot;
      /&gt;
      &lt;nav
        class=&quot;flex items-center gap-3 text-[10px] font-black uppercase tracking-[0.2em] text-muted-foreground/50 mb-8 overflow-x-auto whitespace-nowrap pb-2 scrollbar-none&quot;
      &gt;
        &lt;button
          class=&quot;hover:text-primary transition-colors flex items-center gap-1&quot;
        &gt;
          &lt;svg
            class=&quot;lucide lucide-chevron-left w-3 h-3&quot;
            fill=&quot;none&quot;
            height=&quot;24&quot;
            stroke=&quot;currentColor&quot;
            stroke-linecap=&quot;round&quot;
            stroke-linejoin=&quot;round&quot;
            stroke-width=&quot;2&quot;
            viewBox=&quot;0 0 24 24&quot;
            width=&quot;24&quot;
            xmlns=&quot;http://www.w3.org/2000/svg&quot;
          &gt;
            &lt;path
              d=&quot;m15 18-6-6 6-6&quot;
            /&gt;
          &lt;/svg&gt;
           Início
        &lt;/button&gt;
        &lt;span
          class=&quot;opacity-30&quot;
        &gt;
          /
        &lt;/span&gt;
        &lt;button
          class=&quot;hover:text-primary transition-colors&quot;
        &gt;
          Temas
        &lt;/button&gt;
        &lt;span
          class=&quot;opacity-30&quot;
        &gt;
          /
        &lt;/span&gt;
        &lt;button
          class=&quot;hover:text-primary transition-colors&quot;
        &gt;
          fundamentos
        &lt;/button&gt;
        &lt;span
          class=&quot;opacity-30&quot;
        &gt;
          /
        &lt;/span&gt;
        &lt;span
          class=&quot;text-primary/80&quot;
        &gt;
          DisableRetry
        &lt;/span&gt;
      &lt;/nav&gt;
      &lt;header
        class=&quot;space-y-6&quot;
      &gt;
        &lt;div
          class=&quot;flex flex-col sm:flex-row sm:items-center justify-between gap-6&quot;
        &gt;
          &lt;div
            class=&quot;flex items-center gap-4&quot;
          &gt;
            &lt;div
              class=&quot;w-16 h-16 rounded-[2rem] bg-primary/10 flex items-center justify-center text-primary shadow-inner border border-primary/20&quot;
            &gt;
              &lt;svg
                class=&quot;lucide lucide-hash w-8 h-8&quot;
                fill=&quot;none&quot;
                height=&quot;24&quot;
                stroke=&quot;currentColor&quot;
                stroke-linecap=&quot;round&quot;
                stroke-linejoin=&quot;round&quot;
                stroke-width=&quot;2&quot;
                viewBox=&quot;0 0 24 24&quot;
                width=&quot;24&quot;
                xmlns=&quot;http://www.w3.org/2000/svg&quot;
              &gt;
                &lt;line
                  x1=&quot;4&quot;
                  x2=&quot;20&quot;
                  y1=&quot;9&quot;
                  y2=&quot;9&quot;
                /&gt;
                &lt;line
                  x1=&quot;4&quot;
                  x2=&quot;20&quot;
                  y1=&quot;15&quot;
                  y2=&quot;15&quot;
                /&gt;
                &lt;line
                  x1=&quot;10&quot;
                  x2=&quot;8&quot;
                  y1=&quot;3&quot;
                  y2=&quot;21&quot;
                /&gt;
                &lt;line
                  x1=&quot;16&quot;
                  x2=&quot;14&quot;
                  y1=&quot;3&quot;
                  y2=&quot;21&quot;
                /&gt;
              &lt;/svg&gt;
            &lt;/div&gt;
            &lt;div&gt;
              &lt;div
                class=&quot;flex items-center gap-2 mb-1&quot;
              &gt;
                &lt;span
                  class=&quot;text-[10px] font-black uppercase tracking-[0.3em] text-primary/60&quot;
                &gt;
                  fundamentos
                &lt;/span&gt;
                &lt;div
                  class=&quot;w-1 h-1 rounded-full bg-primary/30&quot;
                /&gt;
                &lt;div
                  class=&quot;inline-flex items-center rounded-full border px-2.5 py-0.5 transition-colors focus:outline-none focus:ring-2 focus:ring-ring focus:ring-offset-2 text-[9px] font-black uppercase tracking-widest border-primary/20 text-primary/70&quot;
                &gt;
                  Nexus
                &lt;/div&gt;
              &lt;/div&gt;
              &lt;h1
                class=&quot;text-4xl sm:text-5xl font-black tracking-tight text-foreground&quot;
              &gt;
                DisableRetry
              &lt;/h1&gt;
            &lt;/div&gt;
          &lt;/div&gt;
          &lt;button
            class=&quot;inline-flex items-center justify-center gap-2.5 whitespace-nowrap text-sm focus-visible:outline-none focus-visible:ring-2 focus-visible:ring-ring disabled:pointer-events-none disabled:opacity-50 [&amp;_svg]:pointer-events-none [&amp;_svg]:size-5 [&amp;_svg]:shrink-0 hover:shadow-md hover:bg-primary/90 py-3 rounded-2xl h-14 px-8 bg-primary text-primary-foreground font-black uppercase tracking-widest shadow-xl shadow-primary/20 hover:scale-[1.02] active:scale-[0.98] transition-all group overflow-hidden relative&quot;
          &gt;
            &lt;div
              class=&quot;absolute inset-0 bg-gradient-to-r from-white/0 via-white/10 to-white/0 -translate-x-full group-hover:animate-shimmer&quot;
            /&gt;
            &lt;svg
              class=&quot;lucide lucide-sparkles w-5 h-5 mr-2 group-hover:rotate-12 transition-transform&quot;
              fill=&quot;none&quot;
              height=...
 ❯ waitForWrapper node_modules/.bun/@testing-library+dom@10.4.1/node_modules/@testing-library/dom/dist/wait-for.js:163:27
 ❯ findByText node_modules/.bun/@testing-library+dom@10.4.1/node_modules/@testing-library/dom/dist/query-helpers.js:86:33
 ❯ src/components/cathedra/TemaDetailPage.test.tsx:343:25
            </failure>
        </testcase>
        <testcase classname="src/components/cathedra/TemaDetailPage.test.tsx" name="TemaDetailPage - Integration Tests &gt; verifies that each category fallback appears only in its corresponding tab during loading error" time="1.02479007">
            <system-out>
[STATS] {&quot;calls&quot;:0,&quot;tabs&quot;:{}}

            </system-out>
            <failure message="Unable to find an element with the text: /Erro ao carregar conexões .* no Nexus/i. This could be because the text is broken up by multiple elements. In this case, you can provide a function for your text matcher to make your matcher more flexible.

Ignored nodes: comments, script, style
[36m&lt;body&gt;[39m
  [36m&lt;div&gt;[39m
    [36m&lt;div[39m
      [33mclass[39m=[32m&quot;space-y-12 animate-in fade-in slide-in-from-bottom-4 duration-700 max-w-5xl mx-auto pb-24 px-4 relative&quot;[39m
    [36m&gt;[39m
      [36m&lt;div[39m
        [33mclass[39m=[32m&quot;fixed inset-0 bg-gradient-to-b from-blue-500/10 via-background to-background -z-10 pointer-events-none opacity-40&quot;[39m
      [36m/&gt;[39m
      [36m&lt;nav[39m
        [33mclass[39m=[32m&quot;flex items-center gap-3 text-[10px] font-black uppercase tracking-[0.2em] text-muted-foreground/50 mb-8 overflow-x-auto whitespace-nowrap pb-2 scrollbar-none&quot;[39m
      [36m&gt;[39m
        [36m&lt;button[39m
          [33mclass[39m=[32m&quot;hover:text-primary transition-colors flex items-center gap-1&quot;[39m
        [36m&gt;[39m
          [36m&lt;svg[39m
            [33mclass[39m=[32m&quot;lucide lucide-chevron-left w-3 h-3&quot;[39m
            [33mfill[39m=[32m&quot;none&quot;[39m
            [33mheight[39m=[32m&quot;24&quot;[39m
            [33mstroke[39m=[32m&quot;currentColor&quot;[39m
            [33mstroke-linecap[39m=[32m&quot;round&quot;[39m
            [33mstroke-linejoin[39m=[32m&quot;round&quot;[39m
            [33mstroke-width[39m=[32m&quot;2&quot;[39m
            [33mviewBox[39m=[32m&quot;0 0 24 24&quot;[39m
            [33mwidth[39m=[32m&quot;24&quot;[39m
            [33mxmlns[39m=[32m&quot;http://www.w3.org/2000/svg&quot;[39m
          [36m&gt;[39m
            [36m&lt;path[39m
              [33md[39m=[32m&quot;m15 18-6-6 6-6&quot;[39m
            [36m/&gt;[39m
          [36m&lt;/svg&gt;[39m
          [0m Início[0m
        [36m&lt;/button&gt;[39m
        [36m&lt;span[39m
          [33mclass[39m=[32m&quot;opacity-30&quot;[39m
        [36m&gt;[39m
          [0m/[0m
        [36m&lt;/span&gt;[39m
        [36m&lt;button[39m
          [33mclass[39m=[32m&quot;hover:text-primary transition-colors&quot;[39m
        [36m&gt;[39m
          [0mTemas[0m
        [36m&lt;/button&gt;[39m
        [36m&lt;span[39m
          [33mclass[39m=[32m&quot;opacity-30&quot;[39m
        [36m&gt;[39m
          [0m/[0m
        [36m&lt;/span&gt;[39m
        [36m&lt;button[39m
          [33mclass[39m=[32m&quot;hover:text-primary transition-colors&quot;[39m
        [36m&gt;[39m
          [0mfundamentos[0m
        [36m&lt;/button&gt;[39m
        [36m&lt;span[39m
          [33mclass[39m=[32m&quot;opacity-30&quot;[39m
        [36m&gt;[39m
          [0m/[0m
        [36m&lt;/span&gt;[39m
        [36m&lt;span[39m
          [33mclass[39m=[32m&quot;text-primary/80&quot;[39m
        [36m&gt;[39m
          [0mCategoryError[0m
        [36m&lt;/span&gt;[39m
      [36m&lt;/nav&gt;[39m
      [36m&lt;header[39m
        [33mclass[39m=[32m&quot;space-y-6&quot;[39m
      [36m&gt;[39m
        [36m&lt;div[39m
          [33mclass[39m=[32m&quot;flex flex-col sm:flex-row sm:items-center justify-between gap-6&quot;[39m
        [36m&gt;[39m
          [36m&lt;div[39m
            [33mclass[39m=[32m&quot;flex items-center gap-4&quot;[39m
          [36m&gt;[39m
            [36m&lt;div[39m
              [33mclass[39m=[32m&quot;w-16 h-16 rounded-[2rem] bg-primary/10 flex items-center justify-center text-primary shadow-inner border border-primary/20&quot;[39m
            [36m&gt;[39m
              [36m&lt;svg[39m
                [33mclass[39m=[32m&quot;lucide lucide-hash w-8 h-8&quot;[39m
                [33mfill[39m=[32m&quot;none&quot;[39m
                [33mheight[39m=[32m&quot;24&quot;[39m
                [33mstroke[39m=[32m&quot;currentColor&quot;[39m
                [33mstroke-linecap[39m=[32m&quot;round&quot;[39m
                [33mstroke-linejoin[39m=[32m&quot;round&quot;[39m
                [33mstroke-width[39m=[32m&quot;2&quot;[39m
                [33mviewBox[39m=[32m&quot;0 0 24 24&quot;[39m
                [33mwidth[39m=[32m&quot;24&quot;[39m
                [33mxmlns[39m=[32m&quot;http://www.w3.org/2000/svg&quot;[39m
              [36m&gt;[39m
                [36m&lt;line[39m
                  [33mx1[39m=[32m&quot;4&quot;[39m
                  [33mx2[39m=[32m&quot;20&quot;[39m
                  [33my1[39m=[32m&quot;9&quot;[39m
                  [33my2[39m=[32m&quot;9&quot;[39m
                [36m/&gt;[39m
                [36m&lt;line[39m
                  [33mx1[39m=[32m&quot;4&quot;[39m
                  [33mx2[39m=[32m&quot;20&quot;[39m
                  [33my1[39m=[32m&quot;15&quot;[39m
                  [33my2[39m=[32m&quot;15&quot;[39m
                [36m/&gt;[39m
                [36m&lt;line[39m
                  [33mx1[39m=[32m&quot;10&quot;[39m
                  [33mx2[39m=[32m&quot;8&quot;[39m
                  [33my1[39m=[32m&quot;3&quot;[39m
                  [33my2[39m=[32m&quot;21&quot;[39m
                [36m/&gt;[39m
                [36m&lt;line[39m
                  [33mx1[39m=[32m&quot;16&quot;[39m
                  [33mx2[39m=[32m&quot;14&quot;[39m
                  [33my1[39m=[32m&quot;3&quot;[39m
                  [33my2[39m=[32m&quot;21&quot;[39m
                [36m/&gt;[39m
              [36m&lt;/svg&gt;[39m
            [36m&lt;/div&gt;[39m
            [36m&lt;div&gt;[39m
              [36m&lt;div[39m
                [33mclass[39m=[32m&quot;flex items-center gap-2 mb-1&quot;[39m
              [36m&gt;[39m
                [36m&lt;span[39m
                  [33mclass[39m=[32m&quot;text-[10px] font-black uppercase tracking-[0.3em] text-primary/60&quot;[39m
                [36m&gt;[39m
                  [0mfundamentos[0m
                [36m&lt;/span&gt;[39m
                [36m&lt;div[39m
                  [33mclass[39m=[32m&quot;w-1 h-1 rounded-full bg-primary/30&quot;[39m
                [36m/&gt;[39m
                [36m&lt;div[39m
                  [33mclass[39m=[32m&quot;inline-flex items-center rounded-full border px-2.5 py-0.5 transition-colors focus:outline-none focus:ring-2 focus:ring-ring focus:ring-offset-2 text-[9px] font-black uppercase tracking-widest border-primary/20 text-primary/70&quot;[39m
                [36m&gt;[39m
                  [0mNexus[0m
                [36m&lt;/div&gt;[39m
              [36m&lt;/div&gt;[39m
              [36m&lt;h1[39m
                [33mclass[39m=[32m&quot;text-4xl sm:text-5xl font-black tracking-tight text-foreground&quot;[39m
              [36m&gt;[39m
                [0mCategoryError[0m
              [36m&lt;/h1&gt;[39m
            [36m&lt;/div&gt;[39m
          [36m&lt;/div&gt;[39m
          [36m&lt;button[39m
            [33mclass[39m=[32m&quot;inline-flex items-center justify-center gap-2.5 whitespace-nowrap text-sm focus-visible:outline-none focus-visible:ring-2 focus-visible:ring-ring disabled:pointer-events-none disabled:opacity-50 [&amp;_svg]:pointer-events-none [&amp;_svg]:size-5 [&amp;_svg]:shrink-0 hover:shadow-md hover:bg-primary/90 py-3 rounded-2xl h-14 px-8 bg-primary text-primary-foreground font-black uppercase tracking-widest shadow-xl shadow-primary/20 hover:scale-[1.02] active:scale-[0.98] transition-all group overflow-hidden relative&quot;[39m
          [36m&gt;[39m
            [36m&lt;div[39m
              [33mclass[39m=[32m&quot;absolute inset-0 bg-gradient-to-r from-white/0 via-white/10 to-white/0 -translate-x-full group-hover:animate-shimmer&quot;[39m
            [36m/&gt;[39m
            [36m&lt;svg[39m
              [33mclass[39m=[32m&quot;lucide lucide-sparkles w-5 h-5 mr-2 group-hover:rotate-12 transition-transform&quot;[39m
              [33mfill[39m=[32m&quot;none&quot;[39m
              [33mheight[39m=...

Ignored nodes: comments, script, style
[36m&lt;body&gt;[39m
  [36m&lt;div&gt;[39m
    [36m&lt;div[39m
      [33mclass[39m=[32m&quot;space-y-12 animate-in fade-in slide-in-from-bottom-4 duration-700 max-w-5xl mx-auto pb-24 px-4 relative&quot;[39m
    [36m&gt;[39m
      [36m&lt;div[39m
        [33mclass[39m=[32m&quot;fixed inset-0 bg-gradient-to-b from-blue-500/10 via-background to-background -z-10 pointer-events-none opacity-40&quot;[39m
      [36m/&gt;[39m
      [36m&lt;nav[39m
        [33mclass[39m=[32m&quot;flex items-center gap-3 text-[10px] font-black uppercase tracking-[0.2em] text-muted-foreground/50 mb-8 overflow-x-auto whitespace-nowrap pb-2 scrollbar-none&quot;[39m
      [36m&gt;[39m
        [36m&lt;button[39m
          [33mclass[39m=[32m&quot;hover:text-primary transition-colors flex items-center gap-1&quot;[39m
        [36m&gt;[39m
          [36m&lt;svg[39m
            [33mclass[39m=[32m&quot;lucide lucide-chevron-left w-3 h-3&quot;[39m
            [33mfill[39m=[32m&quot;none&quot;[39m
            [33mheight[39m=[32m&quot;24&quot;[39m
            [33mstroke[39m=[32m&quot;currentColor&quot;[39m
            [33mstroke-linecap[39m=[32m&quot;round&quot;[39m
            [33mstroke-linejoin[39m=[32m&quot;round&quot;[39m
            [33mstroke-width[39m=[32m&quot;2&quot;[39m
            [33mviewBox[39m=[32m&quot;0 0 24 24&quot;[39m
            [33mwidth[39m=[32m&quot;24&quot;[39m
            [33mxmlns[39m=[32m&quot;http://www.w3.org/2000/svg&quot;[39m
          [36m&gt;[39m
            [36m&lt;path[39m
              [33md[39m=[32m&quot;m15 18-6-6 6-6&quot;[39m
            [36m/&gt;[39m
          [36m&lt;/svg&gt;[39m
          [0m Início[0m
        [36m&lt;/button&gt;[39m
        [36m&lt;span[39m
          [33mclass[39m=[32m&quot;opacity-30&quot;[39m
        [36m&gt;[39m
          [0m/[0m
        [36m&lt;/span&gt;[39m
        [36m&lt;button[39m
          [33mclass[39m=[32m&quot;hover:text-primary transition-colors&quot;[39m
        [36m&gt;[39m
          [0mTemas[0m
        [36m&lt;/button&gt;[39m
        [36m&lt;span[39m
          [33mclass[39m=[32m&quot;opacity-30&quot;[39m
        [36m&gt;[39m
          [0m/[0m
        [36m&lt;/span&gt;[39m
        [36m&lt;button[39m
          [33mclass[39m=[32m&quot;hover:text-primary transition-colors&quot;[39m
        [36m&gt;[39m
          [0mfundamentos[0m
        [36m&lt;/button&gt;[39m
        [36m&lt;span[39m
          [33mclass[39m=[32m&quot;opacity-30&quot;[39m
        [36m&gt;[39m
          [0m/[0m
        [36m&lt;/span&gt;[39m
        [36m&lt;span[39m
          [33mclass[39m=[32m&quot;text-primary/80&quot;[39m
        [36m&gt;[39m
          [0mCategoryError[0m
        [36m&lt;/span&gt;[39m
      [36m&lt;/nav&gt;[39m
      [36m&lt;header[39m
        [33mclass[39m=[32m&quot;space-y-6&quot;[39m
      [36m&gt;[39m
        [36m&lt;div[39m
          [33mclass[39m=[32m&quot;flex flex-col sm:flex-row sm:items-center justify-between gap-6&quot;[39m
        [36m&gt;[39m
          [36m&lt;div[39m
            [33mclass[39m=[32m&quot;flex items-center gap-4&quot;[39m
          [36m&gt;[39m
            [36m&lt;div[39m
              [33mclass[39m=[32m&quot;w-16 h-16 rounded-[2rem] bg-primary/10 flex items-center justify-center text-primary shadow-inner border border-primary/20&quot;[39m
            [36m&gt;[39m
              [36m&lt;svg[39m
                [33mclass[39m=[32m&quot;lucide lucide-hash w-8 h-8&quot;[39m
                [33mfill[39m=[32m&quot;none&quot;[39m
                [33mheight[39m=[32m&quot;24&quot;[39m
                [33mstroke[39m=[32m&quot;currentColor&quot;[39m
                [33mstroke-linecap[39m=[32m&quot;round&quot;[39m
                [33mstroke-linejoin[39m=[32m&quot;round&quot;[39m
                [33mstroke-width[39m=[32m&quot;2&quot;[39m
                [33mviewBox[39m=[32m&quot;0 0 24 24&quot;[39m
                [33mwidth[39m=[32m&quot;24&quot;[39m
                [33mxmlns[39m=[32m&quot;http://www.w3.org/2000/svg&quot;[39m
              [36m&gt;[39m
                [36m&lt;line[39m
                  [33mx1[39m=[32m&quot;4&quot;[39m
                  [33mx2[39m=[32m&quot;20&quot;[39m
                  [33my1[39m=[32m&quot;9&quot;[39m
                  [33my2[39m=[32m&quot;9&quot;[39m
                [36m/&gt;[39m
                [36m&lt;line[39m
                  [33mx1[39m=[32m&quot;4&quot;[39m
                  [33mx2[39m=[32m&quot;20&quot;[39m
                  [33my1[39m=[32m&quot;15&quot;[39m
                  [33my2[39m=[32m&quot;15&quot;[39m
                [36m/&gt;[39m
                [36m&lt;line[39m
                  [33mx1[39m=[32m&quot;10&quot;[39m
                  [33mx2[39m=[32m&quot;8&quot;[39m
                  [33my1[39m=[32m&quot;3&quot;[39m
                  [33my2[39m=[32m&quot;21&quot;[39m
                [36m/&gt;[39m
                [36m&lt;line[39m
                  [33mx1[39m=[32m&quot;16&quot;[39m
                  [33mx2[39m=[32m&quot;14&quot;[39m
                  [33my1[39m=[32m&quot;3&quot;[39m
                  [33my2[39m=[32m&quot;21&quot;[39m
                [36m/&gt;[39m
              [36m&lt;/svg&gt;[39m
            [36m&lt;/div&gt;[39m
            [36m&lt;div&gt;[39m
              [36m&lt;div[39m
                [33mclass[39m=[32m&quot;flex items-center gap-2 mb-1&quot;[39m
              [36m&gt;[39m
                [36m&lt;span[39m
                  [33mclass[39m=[32m&quot;text-[10px] font-black uppercase tracking-[0.3em] text-primary/60&quot;[39m
                [36m&gt;[39m
                  [0mfundamentos[0m
                [36m&lt;/span&gt;[39m
                [36m&lt;div[39m
                  [33mclass[39m=[32m&quot;w-1 h-1 rounded-full bg-primary/30&quot;[39m
                [36m/&gt;[39m
                [36m&lt;div[39m
                  [33mclass[39m=[32m&quot;inline-flex items-center rounded-full border px-2.5 py-0.5 transition-colors focus:outline-none focus:ring-2 focus:ring-ring focus:ring-offset-2 text-[9px] font-black uppercase tracking-widest border-primary/20 text-primary/70&quot;[39m
                [36m&gt;[39m
                  [0mNexus[0m
                [36m&lt;/div&gt;[39m
              [36m&lt;/div&gt;[39m
              [36m&lt;h1[39m
                [33mclass[39m=[32m&quot;text-4xl sm:text-5xl font-black tracking-tight text-foreground&quot;[39m
              [36m&gt;[39m
                [0mCategoryError[0m
              [36m&lt;/h1&gt;[39m
            [36m&lt;/div&gt;[39m
          [36m&lt;/div&gt;[39m
          [36m&lt;button[39m
            [33mclass[39m=[32m&quot;inline-flex items-center justify-center gap-2.5 whitespace-nowrap text-sm focus-visible:outline-none focus-visible:ring-2 focus-visible:ring-ring disabled:pointer-events-none disabled:opacity-50 [&amp;_svg]:pointer-events-none [&amp;_svg]:size-5 [&amp;_svg]:shrink-0 hover:shadow-md hover:bg-primary/90 py-3 rounded-2xl h-14 px-8 bg-primary text-primary-foreground font-black uppercase tracking-widest shadow-xl shadow-primary/20 hover:scale-[1.02] active:scale-[0.98] transition-all group overflow-hidden relative&quot;[39m
          [36m&gt;[39m
            [36m&lt;div[39m
              [33mclass[39m=[32m&quot;absolute inset-0 bg-gradient-to-r from-white/0 via-white/10 to-white/0 -translate-x-full group-hover:animate-shimmer&quot;[39m
            [36m/&gt;[39m
            [36m&lt;svg[39m
              [33mclass[39m=[32m&quot;lucide lucide-sparkles w-5 h-5 mr-2 group-hover:rotate-12 transition-transform&quot;[39m
              [33mfill[39m=[32m&quot;none&quot;[39m
              [33mheight[39m=..." type="TestingLibraryElementError">
TestingLibraryElementError: Unable to find an element with the text: /Erro ao carregar conexões .* no Nexus/i. This could be because the text is broken up by multiple elements. In this case, you can provide a function for your text matcher to make your matcher more flexible.

Ignored nodes: comments, script, style
&lt;body&gt;
  &lt;div&gt;
    &lt;div
      class=&quot;space-y-12 animate-in fade-in slide-in-from-bottom-4 duration-700 max-w-5xl mx-auto pb-24 px-4 relative&quot;
    &gt;
      &lt;div
        class=&quot;fixed inset-0 bg-gradient-to-b from-blue-500/10 via-background to-background -z-10 pointer-events-none opacity-40&quot;
      /&gt;
      &lt;nav
        class=&quot;flex items-center gap-3 text-[10px] font-black uppercase tracking-[0.2em] text-muted-foreground/50 mb-8 overflow-x-auto whitespace-nowrap pb-2 scrollbar-none&quot;
      &gt;
        &lt;button
          class=&quot;hover:text-primary transition-colors flex items-center gap-1&quot;
        &gt;
          &lt;svg
            class=&quot;lucide lucide-chevron-left w-3 h-3&quot;
            fill=&quot;none&quot;
            height=&quot;24&quot;
            stroke=&quot;currentColor&quot;
            stroke-linecap=&quot;round&quot;
            stroke-linejoin=&quot;round&quot;
            stroke-width=&quot;2&quot;
            viewBox=&quot;0 0 24 24&quot;
            width=&quot;24&quot;
            xmlns=&quot;http://www.w3.org/2000/svg&quot;
          &gt;
            &lt;path
              d=&quot;m15 18-6-6 6-6&quot;
            /&gt;
          &lt;/svg&gt;
           Início
        &lt;/button&gt;
        &lt;span
          class=&quot;opacity-30&quot;
        &gt;
          /
        &lt;/span&gt;
        &lt;button
          class=&quot;hover:text-primary transition-colors&quot;
        &gt;
          Temas
        &lt;/button&gt;
        &lt;span
          class=&quot;opacity-30&quot;
        &gt;
          /
        &lt;/span&gt;
        &lt;button
          class=&quot;hover:text-primary transition-colors&quot;
        &gt;
          fundamentos
        &lt;/button&gt;
        &lt;span
          class=&quot;opacity-30&quot;
        &gt;
          /
        &lt;/span&gt;
        &lt;span
          class=&quot;text-primary/80&quot;
        &gt;
          CategoryError
        &lt;/span&gt;
      &lt;/nav&gt;
      &lt;header
        class=&quot;space-y-6&quot;
      &gt;
        &lt;div
          class=&quot;flex flex-col sm:flex-row sm:items-center justify-between gap-6&quot;
        &gt;
          &lt;div
            class=&quot;flex items-center gap-4&quot;
          &gt;
            &lt;div
              class=&quot;w-16 h-16 rounded-[2rem] bg-primary/10 flex items-center justify-center text-primary shadow-inner border border-primary/20&quot;
            &gt;
              &lt;svg
                class=&quot;lucide lucide-hash w-8 h-8&quot;
                fill=&quot;none&quot;
                height=&quot;24&quot;
                stroke=&quot;currentColor&quot;
                stroke-linecap=&quot;round&quot;
                stroke-linejoin=&quot;round&quot;
                stroke-width=&quot;2&quot;
                viewBox=&quot;0 0 24 24&quot;
                width=&quot;24&quot;
                xmlns=&quot;http://www.w3.org/2000/svg&quot;
              &gt;
                &lt;line
                  x1=&quot;4&quot;
                  x2=&quot;20&quot;
                  y1=&quot;9&quot;
                  y2=&quot;9&quot;
                /&gt;
                &lt;line
                  x1=&quot;4&quot;
                  x2=&quot;20&quot;
                  y1=&quot;15&quot;
                  y2=&quot;15&quot;
                /&gt;
                &lt;line
                  x1=&quot;10&quot;
                  x2=&quot;8&quot;
                  y1=&quot;3&quot;
                  y2=&quot;21&quot;
                /&gt;
                &lt;line
                  x1=&quot;16&quot;
                  x2=&quot;14&quot;
                  y1=&quot;3&quot;
                  y2=&quot;21&quot;
                /&gt;
              &lt;/svg&gt;
            &lt;/div&gt;
            &lt;div&gt;
              &lt;div
                class=&quot;flex items-center gap-2 mb-1&quot;
              &gt;
                &lt;span
                  class=&quot;text-[10px] font-black uppercase tracking-[0.3em] text-primary/60&quot;
                &gt;
                  fundamentos
                &lt;/span&gt;
                &lt;div
                  class=&quot;w-1 h-1 rounded-full bg-primary/30&quot;
                /&gt;
                &lt;div
                  class=&quot;inline-flex items-center rounded-full border px-2.5 py-0.5 transition-colors focus:outline-none focus:ring-2 focus:ring-ring focus:ring-offset-2 text-[9px] font-black uppercase tracking-widest border-primary/20 text-primary/70&quot;
                &gt;
                  Nexus
                &lt;/div&gt;
              &lt;/div&gt;
              &lt;h1
                class=&quot;text-4xl sm:text-5xl font-black tracking-tight text-foreground&quot;
              &gt;
                CategoryError
              &lt;/h1&gt;
            &lt;/div&gt;
          &lt;/div&gt;
          &lt;button
            class=&quot;inline-flex items-center justify-center gap-2.5 whitespace-nowrap text-sm focus-visible:outline-none focus-visible:ring-2 focus-visible:ring-ring disabled:pointer-events-none disabled:opacity-50 [&amp;_svg]:pointer-events-none [&amp;_svg]:size-5 [&amp;_svg]:shrink-0 hover:shadow-md hover:bg-primary/90 py-3 rounded-2xl h-14 px-8 bg-primary text-primary-foreground font-black uppercase tracking-widest shadow-xl shadow-primary/20 hover:scale-[1.02] active:scale-[0.98] transition-all group overflow-hidden relative&quot;
          &gt;
            &lt;div
              class=&quot;absolute inset-0 bg-gradient-to-r from-white/0 via-white/10 to-white/0 -translate-x-full group-hover:animate-shimmer&quot;
            /&gt;
            &lt;svg
              class=&quot;lucide lucide-sparkles w-5 h-5 mr-2 group-hover:rotate-12 transition-transform&quot;
              fill=&quot;none&quot;
              height=...

Ignored nodes: comments, script, style
&lt;body&gt;
  &lt;div&gt;
    &lt;div
      class=&quot;space-y-12 animate-in fade-in slide-in-from-bottom-4 duration-700 max-w-5xl mx-auto pb-24 px-4 relative&quot;
    &gt;
      &lt;div
        class=&quot;fixed inset-0 bg-gradient-to-b from-blue-500/10 via-background to-background -z-10 pointer-events-none opacity-40&quot;
      /&gt;
      &lt;nav
        class=&quot;flex items-center gap-3 text-[10px] font-black uppercase tracking-[0.2em] text-muted-foreground/50 mb-8 overflow-x-auto whitespace-nowrap pb-2 scrollbar-none&quot;
      &gt;
        &lt;button
          class=&quot;hover:text-primary transition-colors flex items-center gap-1&quot;
        &gt;
          &lt;svg
            class=&quot;lucide lucide-chevron-left w-3 h-3&quot;
            fill=&quot;none&quot;
            height=&quot;24&quot;
            stroke=&quot;currentColor&quot;
            stroke-linecap=&quot;round&quot;
            stroke-linejoin=&quot;round&quot;
            stroke-width=&quot;2&quot;
            viewBox=&quot;0 0 24 24&quot;
            width=&quot;24&quot;
            xmlns=&quot;http://www.w3.org/2000/svg&quot;
          &gt;
            &lt;path
              d=&quot;m15 18-6-6 6-6&quot;
            /&gt;
          &lt;/svg&gt;
           Início
        &lt;/button&gt;
        &lt;span
          class=&quot;opacity-30&quot;
        &gt;
          /
        &lt;/span&gt;
        &lt;button
          class=&quot;hover:text-primary transition-colors&quot;
        &gt;
          Temas
        &lt;/button&gt;
        &lt;span
          class=&quot;opacity-30&quot;
        &gt;
          /
        &lt;/span&gt;
        &lt;button
          class=&quot;hover:text-primary transition-colors&quot;
        &gt;
          fundamentos
        &lt;/button&gt;
        &lt;span
          class=&quot;opacity-30&quot;
        &gt;
          /
        &lt;/span&gt;
        &lt;span
          class=&quot;text-primary/80&quot;
        &gt;
          CategoryError
        &lt;/span&gt;
      &lt;/nav&gt;
      &lt;header
        class=&quot;space-y-6&quot;
      &gt;
        &lt;div
          class=&quot;flex flex-col sm:flex-row sm:items-center justify-between gap-6&quot;
        &gt;
          &lt;div
            class=&quot;flex items-center gap-4&quot;
          &gt;
            &lt;div
              class=&quot;w-16 h-16 rounded-[2rem] bg-primary/10 flex items-center justify-center text-primary shadow-inner border border-primary/20&quot;
            &gt;
              &lt;svg
                class=&quot;lucide lucide-hash w-8 h-8&quot;
                fill=&quot;none&quot;
                height=&quot;24&quot;
                stroke=&quot;currentColor&quot;
                stroke-linecap=&quot;round&quot;
                stroke-linejoin=&quot;round&quot;
                stroke-width=&quot;2&quot;
                viewBox=&quot;0 0 24 24&quot;
                width=&quot;24&quot;
                xmlns=&quot;http://www.w3.org/2000/svg&quot;
              &gt;
                &lt;line
                  x1=&quot;4&quot;
                  x2=&quot;20&quot;
                  y1=&quot;9&quot;
                  y2=&quot;9&quot;
                /&gt;
                &lt;line
                  x1=&quot;4&quot;
                  x2=&quot;20&quot;
                  y1=&quot;15&quot;
                  y2=&quot;15&quot;
                /&gt;
                &lt;line
                  x1=&quot;10&quot;
                  x2=&quot;8&quot;
                  y1=&quot;3&quot;
                  y2=&quot;21&quot;
                /&gt;
                &lt;line
                  x1=&quot;16&quot;
                  x2=&quot;14&quot;
                  y1=&quot;3&quot;
                  y2=&quot;21&quot;
                /&gt;
              &lt;/svg&gt;
            &lt;/div&gt;
            &lt;div&gt;
              &lt;div
                class=&quot;flex items-center gap-2 mb-1&quot;
              &gt;
                &lt;span
                  class=&quot;text-[10px] font-black uppercase tracking-[0.3em] text-primary/60&quot;
                &gt;
                  fundamentos
                &lt;/span&gt;
                &lt;div
                  class=&quot;w-1 h-1 rounded-full bg-primary/30&quot;
                /&gt;
                &lt;div
                  class=&quot;inline-flex items-center rounded-full border px-2.5 py-0.5 transition-colors focus:outline-none focus:ring-2 focus:ring-ring focus:ring-offset-2 text-[9px] font-black uppercase tracking-widest border-primary/20 text-primary/70&quot;
                &gt;
                  Nexus
                &lt;/div&gt;
              &lt;/div&gt;
              &lt;h1
                class=&quot;text-4xl sm:text-5xl font-black tracking-tight text-foreground&quot;
              &gt;
                CategoryError
              &lt;/h1&gt;
            &lt;/div&gt;
          &lt;/div&gt;
          &lt;button
            class=&quot;inline-flex items-center justify-center gap-2.5 whitespace-nowrap text-sm focus-visible:outline-none focus-visible:ring-2 focus-visible:ring-ring disabled:pointer-events-none disabled:opacity-50 [&amp;_svg]:pointer-events-none [&amp;_svg]:size-5 [&amp;_svg]:shrink-0 hover:shadow-md hover:bg-primary/90 py-3 rounded-2xl h-14 px-8 bg-primary text-primary-foreground font-black uppercase tracking-widest shadow-xl shadow-primary/20 hover:scale-[1.02] active:scale-[0.98] transition-all group overflow-hidden relative&quot;
          &gt;
            &lt;div
              class=&quot;absolute inset-0 bg-gradient-to-r from-white/0 via-white/10 to-white/0 -translate-x-full group-hover:animate-shimmer&quot;
            /&gt;
            &lt;svg
              class=&quot;lucide lucide-sparkles w-5 h-5 mr-2 group-hover:rotate-12 transition-transform&quot;
              fill=&quot;none&quot;
              height=...
 ❯ waitForWrapper node_modules/.bun/@testing-library+dom@10.4.1/node_modules/@testing-library/dom/dist/wait-for.js:163:27
 ❯ findByText node_modules/.bun/@testing-library+dom@10.4.1/node_modules/@testing-library/dom/dist/query-helpers.js:86:33
 ❯ src/components/cathedra/TemaDetailPage.test.tsx:386:25
            </failure>
        </testcase>
        <testcase classname="src/components/cathedra/TemaDetailPage.test.tsx" name="TemaDetailPage - Integration Tests &gt; alternates rapidly between tabs with different response times and validates content" time="2.036317338">
            <system-out>
[STATS] {&quot;calls&quot;:0,&quot;tabs&quot;:{}}

            </system-out>
            <failure message="resolvers[2] is not a function" type="TypeError">
TypeError: resolvers[2] is not a function
 ❯ src/components/cathedra/TemaDetailPage.test.tsx:428:19
 ❯ node_modules/.bun/@testing-library+react@16.3.2+b41f8805ee63d2ff/node_modules/@testing-library/react/dist/act-compat.js:47:24
 ❯ act node_modules/.bun/react@18.3.1/node_modules/react/cjs/react.development.js:2512:16
 ❯ Proxy.act node_modules/.bun/@testing-library+react@16.3.2+b41f8805ee63d2ff/node_modules/@testing-library/react/dist/act-compat.js:46:25
 ❯ src/components/cathedra/TemaDetailPage.test.tsx:427:11
            </failure>
        </testcase>
        <testcase classname="src/components/cathedra/TemaDetailPage.test.tsx" name="TemaDetailPage - Integration Tests &gt; confirms that error fallback persists if retry also fails" time="0.068661229">
            <system-out>
[STATS] {&quot;calls&quot;:0,&quot;tabs&quot;:{}}

            </system-out>
        </testcase>
        <testcase classname="src/components/cathedra/TemaDetailPage.test.tsx" name="TemaDetailPage - Integration Tests &gt; handles tab switching with micro-delays and ensures stable UI state" time="4.071933069">
            <system-out>
[STATS] {&quot;calls&quot;:0,&quot;tabs&quot;:{}}

            </system-out>
            <failure message="Unable to find an element with the text: /Nenhuma jornada específica vinculada a este tema/i. This could be because the text is broken up by multiple elements. In this case, you can provide a function for your text matcher to make your matcher more flexible.

Ignored nodes: comments, script, style
[36m&lt;body&gt;[39m
  [36m&lt;div&gt;[39m
    [36m&lt;div[39m
      [33mclass[39m=[32m&quot;space-y-12 animate-in fade-in slide-in-from-bottom-4 duration-700 max-w-5xl mx-auto pb-24 px-4 relative&quot;[39m
    [36m&gt;[39m
      [36m&lt;div[39m
        [33mclass[39m=[32m&quot;fixed inset-0 bg-gradient-to-b from-blue-500/10 via-background to-background -z-10 pointer-events-none opacity-40&quot;[39m
      [36m/&gt;[39m
      [36m&lt;nav[39m
        [33mclass[39m=[32m&quot;flex items-center gap-3 text-[10px] font-black uppercase tracking-[0.2em] text-muted-foreground/50 mb-8 overflow-x-auto whitespace-nowrap pb-2 scrollbar-none&quot;[39m
      [36m&gt;[39m
        [36m&lt;button[39m
          [33mclass[39m=[32m&quot;hover:text-primary transition-colors flex items-center gap-1&quot;[39m
        [36m&gt;[39m
          [36m&lt;svg[39m
            [33mclass[39m=[32m&quot;lucide lucide-chevron-left w-3 h-3&quot;[39m
            [33mfill[39m=[32m&quot;none&quot;[39m
            [33mheight[39m=[32m&quot;24&quot;[39m
            [33mstroke[39m=[32m&quot;currentColor&quot;[39m
            [33mstroke-linecap[39m=[32m&quot;round&quot;[39m
            [33mstroke-linejoin[39m=[32m&quot;round&quot;[39m
            [33mstroke-width[39m=[32m&quot;2&quot;[39m
            [33mviewBox[39m=[32m&quot;0 0 24 24&quot;[39m
            [33mwidth[39m=[32m&quot;24&quot;[39m
            [33mxmlns[39m=[32m&quot;http://www.w3.org/2000/svg&quot;[39m
          [36m&gt;[39m
            [36m&lt;path[39m
              [33md[39m=[32m&quot;m15 18-6-6 6-6&quot;[39m
            [36m/&gt;[39m
          [36m&lt;/svg&gt;[39m
          [0m Início[0m
        [36m&lt;/button&gt;[39m
        [36m&lt;span[39m
          [33mclass[39m=[32m&quot;opacity-30&quot;[39m
        [36m&gt;[39m
          [0m/[0m
        [36m&lt;/span&gt;[39m
        [36m&lt;button[39m
          [33mclass[39m=[32m&quot;hover:text-primary transition-colors&quot;[39m
        [36m&gt;[39m
          [0mTemas[0m
        [36m&lt;/button&gt;[39m
        [36m&lt;span[39m
          [33mclass[39m=[32m&quot;opacity-30&quot;[39m
        [36m&gt;[39m
          [0m/[0m
        [36m&lt;/span&gt;[39m
        [36m&lt;button[39m
          [33mclass[39m=[32m&quot;hover:text-primary transition-colors&quot;[39m
        [36m&gt;[39m
          [0mfundamentos[0m
        [36m&lt;/button&gt;[39m
        [36m&lt;span[39m
          [33mclass[39m=[32m&quot;opacity-30&quot;[39m
        [36m&gt;[39m
          [0m/[0m
        [36m&lt;/span&gt;[39m
        [36m&lt;span[39m
          [33mclass[39m=[32m&quot;text-primary/80&quot;[39m
        [36m&gt;[39m
          [0mDebounce[0m
        [36m&lt;/span&gt;[39m
      [36m&lt;/nav&gt;[39m
      [36m&lt;header[39m
        [33mclass[39m=[32m&quot;space-y-6&quot;[39m
      [36m&gt;[39m
        [36m&lt;div[39m
          [33mclass[39m=[32m&quot;flex flex-col sm:flex-row sm:items-center justify-between gap-6&quot;[39m
        [36m&gt;[39m
          [36m&lt;div[39m
            [33mclass[39m=[32m&quot;flex items-center gap-4&quot;[39m
          [36m&gt;[39m
            [36m&lt;div[39m
              [33mclass[39m=[32m&quot;w-16 h-16 rounded-[2rem] bg-primary/10 flex items-center justify-center text-primary shadow-inner border border-primary/20&quot;[39m
            [36m&gt;[39m
              [36m&lt;svg[39m
                [33mclass[39m=[32m&quot;lucide lucide-hash w-8 h-8&quot;[39m
                [33mfill[39m=[32m&quot;none&quot;[39m
                [33mheight[39m=[32m&quot;24&quot;[39m
                [33mstroke[39m=[32m&quot;currentColor&quot;[39m
                [33mstroke-linecap[39m=[32m&quot;round&quot;[39m
                [33mstroke-linejoin[39m=[32m&quot;round&quot;[39m
                [33mstroke-width[39m=[32m&quot;2&quot;[39m
                [33mviewBox[39m=[32m&quot;0 0 24 24&quot;[39m
                [33mwidth[39m=[32m&quot;24&quot;[39m
                [33mxmlns[39m=[32m&quot;http://www.w3.org/2000/svg&quot;[39m
              [36m&gt;[39m
                [36m&lt;line[39m
                  [33mx1[39m=[32m&quot;4&quot;[39m
                  [33mx2[39m=[32m&quot;20&quot;[39m
                  [33my1[39m=[32m&quot;9&quot;[39m
                  [33my2[39m=[32m&quot;9&quot;[39m
                [36m/&gt;[39m
                [36m&lt;line[39m
                  [33mx1[39m=[32m&quot;4&quot;[39m
                  [33mx2[39m=[32m&quot;20&quot;[39m
                  [33my1[39m=[32m&quot;15&quot;[39m
                  [33my2[39m=[32m&quot;15&quot;[39m
                [36m/&gt;[39m
                [36m&lt;line[39m
                  [33mx1[39m=[32m&quot;10&quot;[39m
                  [33mx2[39m=[32m&quot;8&quot;[39m
                  [33my1[39m=[32m&quot;3&quot;[39m
                  [33my2[39m=[32m&quot;21&quot;[39m
                [36m/&gt;[39m
                [36m&lt;line[39m
                  [33mx1[39m=[32m&quot;16&quot;[39m
                  [33mx2[39m=[32m&quot;14&quot;[39m
                  [33my1[39m=[32m&quot;3&quot;[39m
                  [33my2[39m=[32m&quot;21&quot;[39m
                [36m/&gt;[39m
              [36m&lt;/svg&gt;[39m
            [36m&lt;/div&gt;[39m
            [36m&lt;div&gt;[39m
              [36m&lt;div[39m
                [33mclass[39m=[32m&quot;flex items-center gap-2 mb-1&quot;[39m
              [36m&gt;[39m
                [36m&lt;span[39m
                  [33mclass[39m=[32m&quot;text-[10px] font-black uppercase tracking-[0.3em] text-primary/60&quot;[39m
                [36m&gt;[39m
                  [0mfundamentos[0m
                [36m&lt;/span&gt;[39m
                [36m&lt;div[39m
                  [33mclass[39m=[32m&quot;w-1 h-1 rounded-full bg-primary/30&quot;[39m
                [36m/&gt;[39m
                [36m&lt;div[39m
                  [33mclass[39m=[32m&quot;inline-flex items-center rounded-full border px-2.5 py-0.5 transition-colors focus:outline-none focus:ring-2 focus:ring-ring focus:ring-offset-2 text-[9px] font-black uppercase tracking-widest border-primary/20 text-primary/70&quot;[39m
                [36m&gt;[39m
                  [0mNexus[0m
                [36m&lt;/div&gt;[39m
              [36m&lt;/div&gt;[39m
              [36m&lt;h1[39m
                [33mclass[39m=[32m&quot;text-4xl sm:text-5xl font-black tracking-tight text-foreground&quot;[39m
              [36m&gt;[39m
                [0mDebounce[0m
              [36m&lt;/h1&gt;[39m
            [36m&lt;/div&gt;[39m
          [36m&lt;/div&gt;[39m
          [36m&lt;button[39m
            [33mclass[39m=[32m&quot;inline-flex items-center justify-center gap-2.5 whitespace-nowrap text-sm focus-visible:outline-none focus-visible:ring-2 focus-visible:ring-ring disabled:pointer-events-none disabled:opacity-50 [&amp;_svg]:pointer-events-none [&amp;_svg]:size-5 [&amp;_svg]:shrink-0 hover:shadow-md hover:bg-primary/90 py-3 rounded-2xl h-14 px-8 bg-primary text-primary-foreground font-black uppercase tracking-widest shadow-xl shadow-primary/20 hover:scale-[1.02] active:scale-[0.98] transition-all group overflow-hidden relative&quot;[39m
          [36m&gt;[39m
            [36m&lt;div[39m
              [33mclass[39m=[32m&quot;absolute inset-0 bg-gradient-to-r from-white/0 via-white/10 to-white/0 -translate-x-full group-hover:animate-shimmer&quot;[39m
            [36m/&gt;[39m
            [36m&lt;svg[39m
              [33mclass[39m=[32m&quot;lucide lucide-sparkles w-5 h-5 mr-2 group-hover:rotate-12 transition-transform&quot;[39m
              [33mfill[39m=[32m&quot;none&quot;[39m
              [33mheight[39m=[32m&quot;24&quot;[...

Ignored nodes: comments, script, style
[36m&lt;body&gt;[39m
  [36m&lt;div&gt;[39m
    [36m&lt;div[39m
      [33mclass[39m=[32m&quot;space-y-12 animate-in fade-in slide-in-from-bottom-4 duration-700 max-w-5xl mx-auto pb-24 px-4 relative&quot;[39m
    [36m&gt;[39m
      [36m&lt;div[39m
        [33mclass[39m=[32m&quot;fixed inset-0 bg-gradient-to-b from-blue-500/10 via-background to-background -z-10 pointer-events-none opacity-40&quot;[39m
      [36m/&gt;[39m
      [36m&lt;nav[39m
        [33mclass[39m=[32m&quot;flex items-center gap-3 text-[10px] font-black uppercase tracking-[0.2em] text-muted-foreground/50 mb-8 overflow-x-auto whitespace-nowrap pb-2 scrollbar-none&quot;[39m
      [36m&gt;[39m
        [36m&lt;button[39m
          [33mclass[39m=[32m&quot;hover:text-primary transition-colors flex items-center gap-1&quot;[39m
        [36m&gt;[39m
          [36m&lt;svg[39m
            [33mclass[39m=[32m&quot;lucide lucide-chevron-left w-3 h-3&quot;[39m
            [33mfill[39m=[32m&quot;none&quot;[39m
            [33mheight[39m=[32m&quot;24&quot;[39m
            [33mstroke[39m=[32m&quot;currentColor&quot;[39m
            [33mstroke-linecap[39m=[32m&quot;round&quot;[39m
            [33mstroke-linejoin[39m=[32m&quot;round&quot;[39m
            [33mstroke-width[39m=[32m&quot;2&quot;[39m
            [33mviewBox[39m=[32m&quot;0 0 24 24&quot;[39m
            [33mwidth[39m=[32m&quot;24&quot;[39m
            [33mxmlns[39m=[32m&quot;http://www.w3.org/2000/svg&quot;[39m
          [36m&gt;[39m
            [36m&lt;path[39m
              [33md[39m=[32m&quot;m15 18-6-6 6-6&quot;[39m
            [36m/&gt;[39m
          [36m&lt;/svg&gt;[39m
          [0m Início[0m
        [36m&lt;/button&gt;[39m
        [36m&lt;span[39m
          [33mclass[39m=[32m&quot;opacity-30&quot;[39m
        [36m&gt;[39m
          [0m/[0m
        [36m&lt;/span&gt;[39m
        [36m&lt;button[39m
          [33mclass[39m=[32m&quot;hover:text-primary transition-colors&quot;[39m
        [36m&gt;[39m
          [0mTemas[0m
        [36m&lt;/button&gt;[39m
        [36m&lt;span[39m
          [33mclass[39m=[32m&quot;opacity-30&quot;[39m
        [36m&gt;[39m
          [0m/[0m
        [36m&lt;/span&gt;[39m
        [36m&lt;button[39m
          [33mclass[39m=[32m&quot;hover:text-primary transition-colors&quot;[39m
        [36m&gt;[39m
          [0mfundamentos[0m
        [36m&lt;/button&gt;[39m
        [36m&lt;span[39m
          [33mclass[39m=[32m&quot;opacity-30&quot;[39m
        [36m&gt;[39m
          [0m/[0m
        [36m&lt;/span&gt;[39m
        [36m&lt;span[39m
          [33mclass[39m=[32m&quot;text-primary/80&quot;[39m
        [36m&gt;[39m
          [0mDebounce[0m
        [36m&lt;/span&gt;[39m
      [36m&lt;/nav&gt;[39m
      [36m&lt;header[39m
        [33mclass[39m=[32m&quot;space-y-6&quot;[39m
      [36m&gt;[39m
        [36m&lt;div[39m
          [33mclass[39m=[32m&quot;flex flex-col sm:flex-row sm:items-center justify-between gap-6&quot;[39m
        [36m&gt;[39m
          [36m&lt;div[39m
            [33mclass[39m=[32m&quot;flex items-center gap-4&quot;[39m
          [36m&gt;[39m
            [36m&lt;div[39m
              [33mclass[39m=[32m&quot;w-16 h-16 rounded-[2rem] bg-primary/10 flex items-center justify-center text-primary shadow-inner border border-primary/20&quot;[39m
            [36m&gt;[39m
              [36m&lt;svg[39m
                [33mclass[39m=[32m&quot;lucide lucide-hash w-8 h-8&quot;[39m
                [33mfill[39m=[32m&quot;none&quot;[39m
                [33mheight[39m=[32m&quot;24&quot;[39m
                [33mstroke[39m=[32m&quot;currentColor&quot;[39m
                [33mstroke-linecap[39m=[32m&quot;round&quot;[39m
                [33mstroke-linejoin[39m=[32m&quot;round&quot;[39m
                [33mstroke-width[39m=[32m&quot;2&quot;[39m
                [33mviewBox[39m=[32m&quot;0 0 24 24&quot;[39m
                [33mwidth[39m=[32m&quot;24&quot;[39m
                [33mxmlns[39m=[32m&quot;http://www.w3.org/2000/svg&quot;[39m
              [36m&gt;[39m
                [36m&lt;line[39m
                  [33mx1[39m=[32m&quot;4&quot;[39m
                  [33mx2[39m=[32m&quot;20&quot;[39m
                  [33my1[39m=[32m&quot;9&quot;[39m
                  [33my2[39m=[32m&quot;9&quot;[39m
                [36m/&gt;[39m
                [36m&lt;line[39m
                  [33mx1[39m=[32m&quot;4&quot;[39m
                  [33mx2[39m=[32m&quot;20&quot;[39m
                  [33my1[39m=[32m&quot;15&quot;[39m
                  [33my2[39m=[32m&quot;15&quot;[39m
                [36m/&gt;[39m
                [36m&lt;line[39m
                  [33mx1[39m=[32m&quot;10&quot;[39m
                  [33mx2[39m=[32m&quot;8&quot;[39m
                  [33my1[39m=[32m&quot;3&quot;[39m
                  [33my2[39m=[32m&quot;21&quot;[39m
                [36m/&gt;[39m
                [36m&lt;line[39m
                  [33mx1[39m=[32m&quot;16&quot;[39m
                  [33mx2[39m=[32m&quot;14&quot;[39m
                  [33my1[39m=[32m&quot;3&quot;[39m
                  [33my2[39m=[32m&quot;21&quot;[39m
                [36m/&gt;[39m
              [36m&lt;/svg&gt;[39m
            [36m&lt;/div&gt;[39m
            [36m&lt;div&gt;[39m
              [36m&lt;div[39m
                [33mclass[39m=[32m&quot;flex items-center gap-2 mb-1&quot;[39m
              [36m&gt;[39m
                [36m&lt;span[39m
                  [33mclass[39m=[32m&quot;text-[10px] font-black uppercase tracking-[0.3em] text-primary/60&quot;[39m
                [36m&gt;[39m
                  [0mfundamentos[0m
                [36m&lt;/span&gt;[39m
                [36m&lt;div[39m
                  [33mclass[39m=[32m&quot;w-1 h-1 rounded-full bg-primary/30&quot;[39m
                [36m/&gt;[39m
                [36m&lt;div[39m
                  [33mclass[39m=[32m&quot;inline-flex items-center rounded-full border px-2.5 py-0.5 transition-colors focus:outline-none focus:ring-2 focus:ring-ring focus:ring-offset-2 text-[9px] font-black uppercase tracking-widest border-primary/20 text-primary/70&quot;[39m
                [36m&gt;[39m
                  [0mNexus[0m
                [36m&lt;/div&gt;[39m
              [36m&lt;/div&gt;[39m
              [36m&lt;h1[39m
                [33mclass[39m=[32m&quot;text-4xl sm:text-5xl font-black tracking-tight text-foreground&quot;[39m
              [36m&gt;[39m
                [0mDebounce[0m
              [36m&lt;/h1&gt;[39m
            [36m&lt;/div&gt;[39m
          [36m&lt;/div&gt;[39m
          [36m&lt;button[39m
            [33mclass[39m=[32m&quot;inline-flex items-center justify-center gap-2.5 whitespace-nowrap text-sm focus-visible:outline-none focus-visible:ring-2 focus-visible:ring-ring disabled:pointer-events-none disabled:opacity-50 [&amp;_svg]:pointer-events-none [&amp;_svg]:size-5 [&amp;_svg]:shrink-0 hover:shadow-md hover:bg-primary/90 py-3 rounded-2xl h-14 px-8 bg-primary text-primary-foreground font-black uppercase tracking-widest shadow-xl shadow-primary/20 hover:scale-[1.02] active:scale-[0.98] transition-all group overflow-hidden relative&quot;[39m
          [36m&gt;[39m
            [36m&lt;div[39m
              [33mclass[39m=[32m&quot;absolute inset-0 bg-gradient-to-r from-white/0 via-white/10 to-white/0 -translate-x-full group-hover:animate-shimmer&quot;[39m
            [36m/&gt;[39m
            [36m&lt;svg[39m
              [33mclass[39m=[32m&quot;lucide lucide-sparkles w-5 h-5 mr-2 group-hover:rotate-12 transition-transform&quot;[39m
              [33mfill[39m=[32m&quot;none&quot;[39m
              [33mheight[39m=[32m&quot;24&quot;[..." type="TestingLibraryElementError">
TestingLibraryElementError: Unable to find an element with the text: /Nenhuma jornada específica vinculada a este tema/i. This could be because the text is broken up by multiple elements. In this case, you can provide a function for your text matcher to make your matcher more flexible.

Ignored nodes: comments, script, style
&lt;body&gt;
  &lt;div&gt;
    &lt;div
      class=&quot;space-y-12 animate-in fade-in slide-in-from-bottom-4 duration-700 max-w-5xl mx-auto pb-24 px-4 relative&quot;
    &gt;
      &lt;div
        class=&quot;fixed inset-0 bg-gradient-to-b from-blue-500/10 via-background to-background -z-10 pointer-events-none opacity-40&quot;
      /&gt;
      &lt;nav
        class=&quot;flex items-center gap-3 text-[10px] font-black uppercase tracking-[0.2em] text-muted-foreground/50 mb-8 overflow-x-auto whitespace-nowrap pb-2 scrollbar-none&quot;
      &gt;
        &lt;button
          class=&quot;hover:text-primary transition-colors flex items-center gap-1&quot;
        &gt;
          &lt;svg
            class=&quot;lucide lucide-chevron-left w-3 h-3&quot;
            fill=&quot;none&quot;
            height=&quot;24&quot;
            stroke=&quot;currentColor&quot;
            stroke-linecap=&quot;round&quot;
            stroke-linejoin=&quot;round&quot;
            stroke-width=&quot;2&quot;
            viewBox=&quot;0 0 24 24&quot;
            width=&quot;24&quot;
            xmlns=&quot;http://www.w3.org/2000/svg&quot;
          &gt;
            &lt;path
              d=&quot;m15 18-6-6 6-6&quot;
            /&gt;
          &lt;/svg&gt;
           Início
        &lt;/button&gt;
        &lt;span
          class=&quot;opacity-30&quot;
        &gt;
          /
        &lt;/span&gt;
        &lt;button
          class=&quot;hover:text-primary transition-colors&quot;
        &gt;
          Temas
        &lt;/button&gt;
        &lt;span
          class=&quot;opacity-30&quot;
        &gt;
          /
        &lt;/span&gt;
        &lt;button
          class=&quot;hover:text-primary transition-colors&quot;
        &gt;
          fundamentos
        &lt;/button&gt;
        &lt;span
          class=&quot;opacity-30&quot;
        &gt;
          /
        &lt;/span&gt;
        &lt;span
          class=&quot;text-primary/80&quot;
        &gt;
          Debounce
        &lt;/span&gt;
      &lt;/nav&gt;
      &lt;header
        class=&quot;space-y-6&quot;
      &gt;
        &lt;div
          class=&quot;flex flex-col sm:flex-row sm:items-center justify-between gap-6&quot;
        &gt;
          &lt;div
            class=&quot;flex items-center gap-4&quot;
          &gt;
            &lt;div
              class=&quot;w-16 h-16 rounded-[2rem] bg-primary/10 flex items-center justify-center text-primary shadow-inner border border-primary/20&quot;
            &gt;
              &lt;svg
                class=&quot;lucide lucide-hash w-8 h-8&quot;
                fill=&quot;none&quot;
                height=&quot;24&quot;
                stroke=&quot;currentColor&quot;
                stroke-linecap=&quot;round&quot;
                stroke-linejoin=&quot;round&quot;
                stroke-width=&quot;2&quot;
                viewBox=&quot;0 0 24 24&quot;
                width=&quot;24&quot;
                xmlns=&quot;http://www.w3.org/2000/svg&quot;
              &gt;
                &lt;line
                  x1=&quot;4&quot;
                  x2=&quot;20&quot;
                  y1=&quot;9&quot;
                  y2=&quot;9&quot;
                /&gt;
                &lt;line
                  x1=&quot;4&quot;
                  x2=&quot;20&quot;
                  y1=&quot;15&quot;
                  y2=&quot;15&quot;
                /&gt;
                &lt;line
                  x1=&quot;10&quot;
                  x2=&quot;8&quot;
                  y1=&quot;3&quot;
                  y2=&quot;21&quot;
                /&gt;
                &lt;line
                  x1=&quot;16&quot;
                  x2=&quot;14&quot;
                  y1=&quot;3&quot;
                  y2=&quot;21&quot;
                /&gt;
              &lt;/svg&gt;
            &lt;/div&gt;
            &lt;div&gt;
              &lt;div
                class=&quot;flex items-center gap-2 mb-1&quot;
              &gt;
                &lt;span
                  class=&quot;text-[10px] font-black uppercase tracking-[0.3em] text-primary/60&quot;
                &gt;
                  fundamentos
                &lt;/span&gt;
                &lt;div
                  class=&quot;w-1 h-1 rounded-full bg-primary/30&quot;
                /&gt;
                &lt;div
                  class=&quot;inline-flex items-center rounded-full border px-2.5 py-0.5 transition-colors focus:outline-none focus:ring-2 focus:ring-ring focus:ring-offset-2 text-[9px] font-black uppercase tracking-widest border-primary/20 text-primary/70&quot;
                &gt;
                  Nexus
                &lt;/div&gt;
              &lt;/div&gt;
              &lt;h1
                class=&quot;text-4xl sm:text-5xl font-black tracking-tight text-foreground&quot;
              &gt;
                Debounce
              &lt;/h1&gt;
            &lt;/div&gt;
          &lt;/div&gt;
          &lt;button
            class=&quot;inline-flex items-center justify-center gap-2.5 whitespace-nowrap text-sm focus-visible:outline-none focus-visible:ring-2 focus-visible:ring-ring disabled:pointer-events-none disabled:opacity-50 [&amp;_svg]:pointer-events-none [&amp;_svg]:size-5 [&amp;_svg]:shrink-0 hover:shadow-md hover:bg-primary/90 py-3 rounded-2xl h-14 px-8 bg-primary text-primary-foreground font-black uppercase tracking-widest shadow-xl shadow-primary/20 hover:scale-[1.02] active:scale-[0.98] transition-all group overflow-hidden relative&quot;
          &gt;
            &lt;div
              class=&quot;absolute inset-0 bg-gradient-to-r from-white/0 via-white/10 to-white/0 -translate-x-full group-hover:animate-shimmer&quot;
            /&gt;
            &lt;svg
              class=&quot;lucide lucide-sparkles w-5 h-5 mr-2 group-hover:rotate-12 transition-transform&quot;
              fill=&quot;none&quot;
              height=&quot;24&quot;[...

Ignored nodes: comments, script, style
&lt;body&gt;
  &lt;div&gt;
    &lt;div
      class=&quot;space-y-12 animate-in fade-in slide-in-from-bottom-4 duration-700 max-w-5xl mx-auto pb-24 px-4 relative&quot;
    &gt;
      &lt;div
        class=&quot;fixed inset-0 bg-gradient-to-b from-blue-500/10 via-background to-background -z-10 pointer-events-none opacity-40&quot;
      /&gt;
      &lt;nav
        class=&quot;flex items-center gap-3 text-[10px] font-black uppercase tracking-[0.2em] text-muted-foreground/50 mb-8 overflow-x-auto whitespace-nowrap pb-2 scrollbar-none&quot;
      &gt;
        &lt;button
          class=&quot;hover:text-primary transition-colors flex items-center gap-1&quot;
        &gt;
          &lt;svg
            class=&quot;lucide lucide-chevron-left w-3 h-3&quot;
            fill=&quot;none&quot;
            height=&quot;24&quot;
            stroke=&quot;currentColor&quot;
            stroke-linecap=&quot;round&quot;
            stroke-linejoin=&quot;round&quot;
            stroke-width=&quot;2&quot;
            viewBox=&quot;0 0 24 24&quot;
            width=&quot;24&quot;
            xmlns=&quot;http://www.w3.org/2000/svg&quot;
          &gt;
            &lt;path
              d=&quot;m15 18-6-6 6-6&quot;
            /&gt;
          &lt;/svg&gt;
           Início
        &lt;/button&gt;
        &lt;span
          class=&quot;opacity-30&quot;
        &gt;
          /
        &lt;/span&gt;
        &lt;button
          class=&quot;hover:text-primary transition-colors&quot;
        &gt;
          Temas
        &lt;/button&gt;
        &lt;span
          class=&quot;opacity-30&quot;
        &gt;
          /
        &lt;/span&gt;
        &lt;button
          class=&quot;hover:text-primary transition-colors&quot;
        &gt;
          fundamentos
        &lt;/button&gt;
        &lt;span
          class=&quot;opacity-30&quot;
        &gt;
          /
        &lt;/span&gt;
        &lt;span
          class=&quot;text-primary/80&quot;
        &gt;
          Debounce
        &lt;/span&gt;
      &lt;/nav&gt;
      &lt;header
        class=&quot;space-y-6&quot;
      &gt;
        &lt;div
          class=&quot;flex flex-col sm:flex-row sm:items-center justify-between gap-6&quot;
        &gt;
          &lt;div
            class=&quot;flex items-center gap-4&quot;
          &gt;
            &lt;div
              class=&quot;w-16 h-16 rounded-[2rem] bg-primary/10 flex items-center justify-center text-primary shadow-inner border border-primary/20&quot;
            &gt;
              &lt;svg
                class=&quot;lucide lucide-hash w-8 h-8&quot;
                fill=&quot;none&quot;
                height=&quot;24&quot;
                stroke=&quot;currentColor&quot;
                stroke-linecap=&quot;round&quot;
                stroke-linejoin=&quot;round&quot;
                stroke-width=&quot;2&quot;
                viewBox=&quot;0 0 24 24&quot;
                width=&quot;24&quot;
                xmlns=&quot;http://www.w3.org/2000/svg&quot;
              &gt;
                &lt;line
                  x1=&quot;4&quot;
                  x2=&quot;20&quot;
                  y1=&quot;9&quot;
                  y2=&quot;9&quot;
                /&gt;
                &lt;line
                  x1=&quot;4&quot;
                  x2=&quot;20&quot;
                  y1=&quot;15&quot;
                  y2=&quot;15&quot;
                /&gt;
                &lt;line
                  x1=&quot;10&quot;
                  x2=&quot;8&quot;
                  y1=&quot;3&quot;
                  y2=&quot;21&quot;
                /&gt;
                &lt;line
                  x1=&quot;16&quot;
                  x2=&quot;14&quot;
                  y1=&quot;3&quot;
                  y2=&quot;21&quot;
                /&gt;
              &lt;/svg&gt;
            &lt;/div&gt;
            &lt;div&gt;
              &lt;div
                class=&quot;flex items-center gap-2 mb-1&quot;
              &gt;
                &lt;span
                  class=&quot;text-[10px] font-black uppercase tracking-[0.3em] text-primary/60&quot;
                &gt;
                  fundamentos
                &lt;/span&gt;
                &lt;div
                  class=&quot;w-1 h-1 rounded-full bg-primary/30&quot;
                /&gt;
                &lt;div
                  class=&quot;inline-flex items-center rounded-full border px-2.5 py-0.5 transition-colors focus:outline-none focus:ring-2 focus:ring-ring focus:ring-offset-2 text-[9px] font-black uppercase tracking-widest border-primary/20 text-primary/70&quot;
                &gt;
                  Nexus
                &lt;/div&gt;
              &lt;/div&gt;
              &lt;h1
                class=&quot;text-4xl sm:text-5xl font-black tracking-tight text-foreground&quot;
              &gt;
                Debounce
              &lt;/h1&gt;
            &lt;/div&gt;
          &lt;/div&gt;
          &lt;button
            class=&quot;inline-flex items-center justify-center gap-2.5 whitespace-nowrap text-sm focus-visible:outline-none focus-visible:ring-2 focus-visible:ring-ring disabled:pointer-events-none disabled:opacity-50 [&amp;_svg]:pointer-events-none [&amp;_svg]:size-5 [&amp;_svg]:shrink-0 hover:shadow-md hover:bg-primary/90 py-3 rounded-2xl h-14 px-8 bg-primary text-primary-foreground font-black uppercase tracking-widest shadow-xl shadow-primary/20 hover:scale-[1.02] active:scale-[0.98] transition-all group overflow-hidden relative&quot;
          &gt;
            &lt;div
              class=&quot;absolute inset-0 bg-gradient-to-r from-white/0 via-white/10 to-white/0 -translate-x-full group-hover:animate-shimmer&quot;
            /&gt;
            &lt;svg
              class=&quot;lucide lucide-sparkles w-5 h-5 mr-2 group-hover:rotate-12 transition-transform&quot;
              fill=&quot;none&quot;
              height=&quot;24&quot;[...
 ❯ waitForWrapper node_modules/.bun/@testing-library+dom@10.4.1/node_modules/@testing-library/dom/dist/wait-for.js:163:27
 ❯ findByText node_modules/.bun/@testing-library+dom@10.4.1/node_modules/@testing-library/dom/dist/query-helpers.js:86:33
 ❯ src/components/cathedra/TemaDetailPage.test.tsx:482:25
            </failure>
        </testcase>
        <testcase classname="src/components/cathedra/TemaDetailPage.test.tsx" name="TemaDetailPage - Integration Tests &gt; prevents multiple requests when &quot;Try Again&quot; is clicked twice rapidly" time="0.083614849">
            <system-out>
[STATS] {&quot;calls&quot;:0,&quot;tabs&quot;:{}}

            </system-out>
        </testcase>
        <testcase classname="src/components/cathedra/TemaDetailPage.test.tsx" name="TemaDetailPage - Integration Tests &gt; verifies that each category shows its specific error message and it updates after success" time="2.036198289">
            <system-out>
[STATS] {&quot;calls&quot;:0,&quot;tabs&quot;:{}}

            </system-out>
            <failure message="Unable to find an element with the text: /Erro ao carregar conexões de Tradição no Nexus/i. This could be because the text is broken up by multiple elements. In this case, you can provide a function for your text matcher to make your matcher more flexible.

Ignored nodes: comments, script, style
[36m&lt;body&gt;[39m
  [36m&lt;div&gt;[39m
    [36m&lt;div[39m
      [33mclass[39m=[32m&quot;space-y-12 animate-in fade-in slide-in-from-bottom-4 duration-700 max-w-5xl mx-auto pb-24 px-4 relative&quot;[39m
    [36m&gt;[39m
      [36m&lt;div[39m
        [33mclass[39m=[32m&quot;fixed inset-0 bg-gradient-to-b from-blue-500/10 via-background to-background -z-10 pointer-events-none opacity-40&quot;[39m
      [36m/&gt;[39m
      [36m&lt;nav[39m
        [33mclass[39m=[32m&quot;flex items-center gap-3 text-[10px] font-black uppercase tracking-[0.2em] text-muted-foreground/50 mb-8 overflow-x-auto whitespace-nowrap pb-2 scrollbar-none&quot;[39m
      [36m&gt;[39m
        [36m&lt;button[39m
          [33mclass[39m=[32m&quot;hover:text-primary transition-colors flex items-center gap-1&quot;[39m
        [36m&gt;[39m
          [36m&lt;svg[39m
            [33mclass[39m=[32m&quot;lucide lucide-chevron-left w-3 h-3&quot;[39m
            [33mfill[39m=[32m&quot;none&quot;[39m
            [33mheight[39m=[32m&quot;24&quot;[39m
            [33mstroke[39m=[32m&quot;currentColor&quot;[39m
            [33mstroke-linecap[39m=[32m&quot;round&quot;[39m
            [33mstroke-linejoin[39m=[32m&quot;round&quot;[39m
            [33mstroke-width[39m=[32m&quot;2&quot;[39m
            [33mviewBox[39m=[32m&quot;0 0 24 24&quot;[39m
            [33mwidth[39m=[32m&quot;24&quot;[39m
            [33mxmlns[39m=[32m&quot;http://www.w3.org/2000/svg&quot;[39m
          [36m&gt;[39m
            [36m&lt;path[39m
              [33md[39m=[32m&quot;m15 18-6-6 6-6&quot;[39m
            [36m/&gt;[39m
          [36m&lt;/svg&gt;[39m
          [0m Início[0m
        [36m&lt;/button&gt;[39m
        [36m&lt;span[39m
          [33mclass[39m=[32m&quot;opacity-30&quot;[39m
        [36m&gt;[39m
          [0m/[0m
        [36m&lt;/span&gt;[39m
        [36m&lt;button[39m
          [33mclass[39m=[32m&quot;hover:text-primary transition-colors&quot;[39m
        [36m&gt;[39m
          [0mTemas[0m
        [36m&lt;/button&gt;[39m
        [36m&lt;span[39m
          [33mclass[39m=[32m&quot;opacity-30&quot;[39m
        [36m&gt;[39m
          [0m/[0m
        [36m&lt;/span&gt;[39m
        [36m&lt;button[39m
          [33mclass[39m=[32m&quot;hover:text-primary transition-colors&quot;[39m
        [36m&gt;[39m
          [0mfundamentos[0m
        [36m&lt;/button&gt;[39m
        [36m&lt;span[39m
          [33mclass[39m=[32m&quot;opacity-30&quot;[39m
        [36m&gt;[39m
          [0m/[0m
        [36m&lt;/span&gt;[39m
        [36m&lt;span[39m
          [33mclass[39m=[32m&quot;text-primary/80&quot;[39m
        [36m&gt;[39m
          [0mErrors[0m
        [36m&lt;/span&gt;[39m
      [36m&lt;/nav&gt;[39m
      [36m&lt;header[39m
        [33mclass[39m=[32m&quot;space-y-6&quot;[39m
      [36m&gt;[39m
        [36m&lt;div[39m
          [33mclass[39m=[32m&quot;flex flex-col sm:flex-row sm:items-center justify-between gap-6&quot;[39m
        [36m&gt;[39m
          [36m&lt;div[39m
            [33mclass[39m=[32m&quot;flex items-center gap-4&quot;[39m
          [36m&gt;[39m
            [36m&lt;div[39m
              [33mclass[39m=[32m&quot;w-16 h-16 rounded-[2rem] bg-primary/10 flex items-center justify-center text-primary shadow-inner border border-primary/20&quot;[39m
            [36m&gt;[39m
              [36m&lt;svg[39m
                [33mclass[39m=[32m&quot;lucide lucide-hash w-8 h-8&quot;[39m
                [33mfill[39m=[32m&quot;none&quot;[39m
                [33mheight[39m=[32m&quot;24&quot;[39m
                [33mstroke[39m=[32m&quot;currentColor&quot;[39m
                [33mstroke-linecap[39m=[32m&quot;round&quot;[39m
                [33mstroke-linejoin[39m=[32m&quot;round&quot;[39m
                [33mstroke-width[39m=[32m&quot;2&quot;[39m
                [33mviewBox[39m=[32m&quot;0 0 24 24&quot;[39m
                [33mwidth[39m=[32m&quot;24&quot;[39m
                [33mxmlns[39m=[32m&quot;http://www.w3.org/2000/svg&quot;[39m
              [36m&gt;[39m
                [36m&lt;line[39m
                  [33mx1[39m=[32m&quot;4&quot;[39m
                  [33mx2[39m=[32m&quot;20&quot;[39m
                  [33my1[39m=[32m&quot;9&quot;[39m
                  [33my2[39m=[32m&quot;9&quot;[39m
                [36m/&gt;[39m
                [36m&lt;line[39m
                  [33mx1[39m=[32m&quot;4&quot;[39m
                  [33mx2[39m=[32m&quot;20&quot;[39m
                  [33my1[39m=[32m&quot;15&quot;[39m
                  [33my2[39m=[32m&quot;15&quot;[39m
                [36m/&gt;[39m
                [36m&lt;line[39m
                  [33mx1[39m=[32m&quot;10&quot;[39m
                  [33mx2[39m=[32m&quot;8&quot;[39m
                  [33my1[39m=[32m&quot;3&quot;[39m
                  [33my2[39m=[32m&quot;21&quot;[39m
                [36m/&gt;[39m
                [36m&lt;line[39m
                  [33mx1[39m=[32m&quot;16&quot;[39m
                  [33mx2[39m=[32m&quot;14&quot;[39m
                  [33my1[39m=[32m&quot;3&quot;[39m
                  [33my2[39m=[32m&quot;21&quot;[39m
                [36m/&gt;[39m
              [36m&lt;/svg&gt;[39m
            [36m&lt;/div&gt;[39m
            [36m&lt;div&gt;[39m
              [36m&lt;div[39m
                [33mclass[39m=[32m&quot;flex items-center gap-2 mb-1&quot;[39m
              [36m&gt;[39m
                [36m&lt;span[39m
                  [33mclass[39m=[32m&quot;text-[10px] font-black uppercase tracking-[0.3em] text-primary/60&quot;[39m
                [36m&gt;[39m
                  [0mfundamentos[0m
                [36m&lt;/span&gt;[39m
                [36m&lt;div[39m
                  [33mclass[39m=[32m&quot;w-1 h-1 rounded-full bg-primary/30&quot;[39m
                [36m/&gt;[39m
                [36m&lt;div[39m
                  [33mclass[39m=[32m&quot;inline-flex items-center rounded-full border px-2.5 py-0.5 transition-colors focus:outline-none focus:ring-2 focus:ring-ring focus:ring-offset-2 text-[9px] font-black uppercase tracking-widest border-primary/20 text-primary/70&quot;[39m
                [36m&gt;[39m
                  [0mNexus[0m
                [36m&lt;/div&gt;[39m
              [36m&lt;/div&gt;[39m
              [36m&lt;h1[39m
                [33mclass[39m=[32m&quot;text-4xl sm:text-5xl font-black tracking-tight text-foreground&quot;[39m
              [36m&gt;[39m
                [0mErrors[0m
              [36m&lt;/h1&gt;[39m
            [36m&lt;/div&gt;[39m
          [36m&lt;/div&gt;[39m
          [36m&lt;button[39m
            [33mclass[39m=[32m&quot;inline-flex items-center justify-center gap-2.5 whitespace-nowrap text-sm focus-visible:outline-none focus-visible:ring-2 focus-visible:ring-ring disabled:pointer-events-none disabled:opacity-50 [&amp;_svg]:pointer-events-none [&amp;_svg]:size-5 [&amp;_svg]:shrink-0 hover:shadow-md hover:bg-primary/90 py-3 rounded-2xl h-14 px-8 bg-primary text-primary-foreground font-black uppercase tracking-widest shadow-xl shadow-primary/20 hover:scale-[1.02] active:scale-[0.98] transition-all group overflow-hidden relative&quot;[39m
          [36m&gt;[39m
            [36m&lt;div[39m
              [33mclass[39m=[32m&quot;absolute inset-0 bg-gradient-to-r from-white/0 via-white/10 to-white/0 -translate-x-full group-hover:animate-shimmer&quot;[39m
            [36m/&gt;[39m
            [36m&lt;svg[39m
              [33mclass[39m=[32m&quot;lucide lucide-sparkles w-5 h-5 mr-2 group-hover:rotate-12 transition-transform&quot;[39m
              [33mfill[39m=[32m&quot;none&quot;[39m
              [33mheight[39m=[32m&quot;24&quot;[39m
...

Ignored nodes: comments, script, style
[36m&lt;body&gt;[39m
  [36m&lt;div&gt;[39m
    [36m&lt;div[39m
      [33mclass[39m=[32m&quot;space-y-12 animate-in fade-in slide-in-from-bottom-4 duration-700 max-w-5xl mx-auto pb-24 px-4 relative&quot;[39m
    [36m&gt;[39m
      [36m&lt;div[39m
        [33mclass[39m=[32m&quot;fixed inset-0 bg-gradient-to-b from-blue-500/10 via-background to-background -z-10 pointer-events-none opacity-40&quot;[39m
      [36m/&gt;[39m
      [36m&lt;nav[39m
        [33mclass[39m=[32m&quot;flex items-center gap-3 text-[10px] font-black uppercase tracking-[0.2em] text-muted-foreground/50 mb-8 overflow-x-auto whitespace-nowrap pb-2 scrollbar-none&quot;[39m
      [36m&gt;[39m
        [36m&lt;button[39m
          [33mclass[39m=[32m&quot;hover:text-primary transition-colors flex items-center gap-1&quot;[39m
        [36m&gt;[39m
          [36m&lt;svg[39m
            [33mclass[39m=[32m&quot;lucide lucide-chevron-left w-3 h-3&quot;[39m
            [33mfill[39m=[32m&quot;none&quot;[39m
            [33mheight[39m=[32m&quot;24&quot;[39m
            [33mstroke[39m=[32m&quot;currentColor&quot;[39m
            [33mstroke-linecap[39m=[32m&quot;round&quot;[39m
            [33mstroke-linejoin[39m=[32m&quot;round&quot;[39m
            [33mstroke-width[39m=[32m&quot;2&quot;[39m
            [33mviewBox[39m=[32m&quot;0 0 24 24&quot;[39m
            [33mwidth[39m=[32m&quot;24&quot;[39m
            [33mxmlns[39m=[32m&quot;http://www.w3.org/2000/svg&quot;[39m
          [36m&gt;[39m
            [36m&lt;path[39m
              [33md[39m=[32m&quot;m15 18-6-6 6-6&quot;[39m
            [36m/&gt;[39m
          [36m&lt;/svg&gt;[39m
          [0m Início[0m
        [36m&lt;/button&gt;[39m
        [36m&lt;span[39m
          [33mclass[39m=[32m&quot;opacity-30&quot;[39m
        [36m&gt;[39m
          [0m/[0m
        [36m&lt;/span&gt;[39m
        [36m&lt;button[39m
          [33mclass[39m=[32m&quot;hover:text-primary transition-colors&quot;[39m
        [36m&gt;[39m
          [0mTemas[0m
        [36m&lt;/button&gt;[39m
        [36m&lt;span[39m
          [33mclass[39m=[32m&quot;opacity-30&quot;[39m
        [36m&gt;[39m
          [0m/[0m
        [36m&lt;/span&gt;[39m
        [36m&lt;button[39m
          [33mclass[39m=[32m&quot;hover:text-primary transition-colors&quot;[39m
        [36m&gt;[39m
          [0mfundamentos[0m
        [36m&lt;/button&gt;[39m
        [36m&lt;span[39m
          [33mclass[39m=[32m&quot;opacity-30&quot;[39m
        [36m&gt;[39m
          [0m/[0m
        [36m&lt;/span&gt;[39m
        [36m&lt;span[39m
          [33mclass[39m=[32m&quot;text-primary/80&quot;[39m
        [36m&gt;[39m
          [0mErrors[0m
        [36m&lt;/span&gt;[39m
      [36m&lt;/nav&gt;[39m
      [36m&lt;header[39m
        [33mclass[39m=[32m&quot;space-y-6&quot;[39m
      [36m&gt;[39m
        [36m&lt;div[39m
          [33mclass[39m=[32m&quot;flex flex-col sm:flex-row sm:items-center justify-between gap-6&quot;[39m
        [36m&gt;[39m
          [36m&lt;div[39m
            [33mclass[39m=[32m&quot;flex items-center gap-4&quot;[39m
          [36m&gt;[39m
            [36m&lt;div[39m
              [33mclass[39m=[32m&quot;w-16 h-16 rounded-[2rem] bg-primary/10 flex items-center justify-center text-primary shadow-inner border border-primary/20&quot;[39m
            [36m&gt;[39m
              [36m&lt;svg[39m
                [33mclass[39m=[32m&quot;lucide lucide-hash w-8 h-8&quot;[39m
                [33mfill[39m=[32m&quot;none&quot;[39m
                [33mheight[39m=[32m&quot;24&quot;[39m
                [33mstroke[39m=[32m&quot;currentColor&quot;[39m
                [33mstroke-linecap[39m=[32m&quot;round&quot;[39m
                [33mstroke-linejoin[39m=[32m&quot;round&quot;[39m
                [33mstroke-width[39m=[32m&quot;2&quot;[39m
                [33mviewBox[39m=[32m&quot;0 0 24 24&quot;[39m
                [33mwidth[39m=[32m&quot;24&quot;[39m
                [33mxmlns[39m=[32m&quot;http://www.w3.org/2000/svg&quot;[39m
              [36m&gt;[39m
                [36m&lt;line[39m
                  [33mx1[39m=[32m&quot;4&quot;[39m
                  [33mx2[39m=[32m&quot;20&quot;[39m
                  [33my1[39m=[32m&quot;9&quot;[39m
                  [33my2[39m=[32m&quot;9&quot;[39m
                [36m/&gt;[39m
                [36m&lt;line[39m
                  [33mx1[39m=[32m&quot;4&quot;[39m
                  [33mx2[39m=[32m&quot;20&quot;[39m
                  [33my1[39m=[32m&quot;15&quot;[39m
                  [33my2[39m=[32m&quot;15&quot;[39m
                [36m/&gt;[39m
                [36m&lt;line[39m
                  [33mx1[39m=[32m&quot;10&quot;[39m
                  [33mx2[39m=[32m&quot;8&quot;[39m
                  [33my1[39m=[32m&quot;3&quot;[39m
                  [33my2[39m=[32m&quot;21&quot;[39m
                [36m/&gt;[39m
                [36m&lt;line[39m
                  [33mx1[39m=[32m&quot;16&quot;[39m
                  [33mx2[39m=[32m&quot;14&quot;[39m
                  [33my1[39m=[32m&quot;3&quot;[39m
                  [33my2[39m=[32m&quot;21&quot;[39m
                [36m/&gt;[39m
              [36m&lt;/svg&gt;[39m
            [36m&lt;/div&gt;[39m
            [36m&lt;div&gt;[39m
              [36m&lt;div[39m
                [33mclass[39m=[32m&quot;flex items-center gap-2 mb-1&quot;[39m
              [36m&gt;[39m
                [36m&lt;span[39m
                  [33mclass[39m=[32m&quot;text-[10px] font-black uppercase tracking-[0.3em] text-primary/60&quot;[39m
                [36m&gt;[39m
                  [0mfundamentos[0m
                [36m&lt;/span&gt;[39m
                [36m&lt;div[39m
                  [33mclass[39m=[32m&quot;w-1 h-1 rounded-full bg-primary/30&quot;[39m
                [36m/&gt;[39m
                [36m&lt;div[39m
                  [33mclass[39m=[32m&quot;inline-flex items-center rounded-full border px-2.5 py-0.5 transition-colors focus:outline-none focus:ring-2 focus:ring-ring focus:ring-offset-2 text-[9px] font-black uppercase tracking-widest border-primary/20 text-primary/70&quot;[39m
                [36m&gt;[39m
                  [0mNexus[0m
                [36m&lt;/div&gt;[39m
              [36m&lt;/div&gt;[39m
              [36m&lt;h1[39m
                [33mclass[39m=[32m&quot;text-4xl sm:text-5xl font-black tracking-tight text-foreground&quot;[39m
              [36m&gt;[39m
                [0mErrors[0m
              [36m&lt;/h1&gt;[39m
            [36m&lt;/div&gt;[39m
          [36m&lt;/div&gt;[39m
          [36m&lt;button[39m
            [33mclass[39m=[32m&quot;inline-flex items-center justify-center gap-2.5 whitespace-nowrap text-sm focus-visible:outline-none focus-visible:ring-2 focus-visible:ring-ring disabled:pointer-events-none disabled:opacity-50 [&amp;_svg]:pointer-events-none [&amp;_svg]:size-5 [&amp;_svg]:shrink-0 hover:shadow-md hover:bg-primary/90 py-3 rounded-2xl h-14 px-8 bg-primary text-primary-foreground font-black uppercase tracking-widest shadow-xl shadow-primary/20 hover:scale-[1.02] active:scale-[0.98] transition-all group overflow-hidden relative&quot;[39m
          [36m&gt;[39m
            [36m&lt;div[39m
              [33mclass[39m=[32m&quot;absolute inset-0 bg-gradient-to-r from-white/0 via-white/10 to-white/0 -translate-x-full group-hover:animate-shimmer&quot;[39m
            [36m/&gt;[39m
            [36m&lt;svg[39m
              [33mclass[39m=[32m&quot;lucide lucide-sparkles w-5 h-5 mr-2 group-hover:rotate-12 transition-transform&quot;[39m
              [33mfill[39m=[32m&quot;none&quot;[39m
              [33mheight[39m=[32m&quot;24&quot;[39m
..." type="TestingLibraryElementError">
TestingLibraryElementError: Unable to find an element with the text: /Erro ao carregar conexões de Tradição no Nexus/i. This could be because the text is broken up by multiple elements. In this case, you can provide a function for your text matcher to make your matcher more flexible.

Ignored nodes: comments, script, style
&lt;body&gt;
  &lt;div&gt;
    &lt;div
      class=&quot;space-y-12 animate-in fade-in slide-in-from-bottom-4 duration-700 max-w-5xl mx-auto pb-24 px-4 relative&quot;
    &gt;
      &lt;div
        class=&quot;fixed inset-0 bg-gradient-to-b from-blue-500/10 via-background to-background -z-10 pointer-events-none opacity-40&quot;
      /&gt;
      &lt;nav
        class=&quot;flex items-center gap-3 text-[10px] font-black uppercase tracking-[0.2em] text-muted-foreground/50 mb-8 overflow-x-auto whitespace-nowrap pb-2 scrollbar-none&quot;
      &gt;
        &lt;button
          class=&quot;hover:text-primary transition-colors flex items-center gap-1&quot;
        &gt;
          &lt;svg
            class=&quot;lucide lucide-chevron-left w-3 h-3&quot;
            fill=&quot;none&quot;
            height=&quot;24&quot;
            stroke=&quot;currentColor&quot;
            stroke-linecap=&quot;round&quot;
            stroke-linejoin=&quot;round&quot;
            stroke-width=&quot;2&quot;
            viewBox=&quot;0 0 24 24&quot;
            width=&quot;24&quot;
            xmlns=&quot;http://www.w3.org/2000/svg&quot;
          &gt;
            &lt;path
              d=&quot;m15 18-6-6 6-6&quot;
            /&gt;
          &lt;/svg&gt;
           Início
        &lt;/button&gt;
        &lt;span
          class=&quot;opacity-30&quot;
        &gt;
          /
        &lt;/span&gt;
        &lt;button
          class=&quot;hover:text-primary transition-colors&quot;
        &gt;
          Temas
        &lt;/button&gt;
        &lt;span
          class=&quot;opacity-30&quot;
        &gt;
          /
        &lt;/span&gt;
        &lt;button
          class=&quot;hover:text-primary transition-colors&quot;
        &gt;
          fundamentos
        &lt;/button&gt;
        &lt;span
          class=&quot;opacity-30&quot;
        &gt;
          /
        &lt;/span&gt;
        &lt;span
          class=&quot;text-primary/80&quot;
        &gt;
          Errors
        &lt;/span&gt;
      &lt;/nav&gt;
      &lt;header
        class=&quot;space-y-6&quot;
      &gt;
        &lt;div
          class=&quot;flex flex-col sm:flex-row sm:items-center justify-between gap-6&quot;
        &gt;
          &lt;div
            class=&quot;flex items-center gap-4&quot;
          &gt;
            &lt;div
              class=&quot;w-16 h-16 rounded-[2rem] bg-primary/10 flex items-center justify-center text-primary shadow-inner border border-primary/20&quot;
            &gt;
              &lt;svg
                class=&quot;lucide lucide-hash w-8 h-8&quot;
                fill=&quot;none&quot;
                height=&quot;24&quot;
                stroke=&quot;currentColor&quot;
                stroke-linecap=&quot;round&quot;
                stroke-linejoin=&quot;round&quot;
                stroke-width=&quot;2&quot;
                viewBox=&quot;0 0 24 24&quot;
                width=&quot;24&quot;
                xmlns=&quot;http://www.w3.org/2000/svg&quot;
              &gt;
                &lt;line
                  x1=&quot;4&quot;
                  x2=&quot;20&quot;
                  y1=&quot;9&quot;
                  y2=&quot;9&quot;
                /&gt;
                &lt;line
                  x1=&quot;4&quot;
                  x2=&quot;20&quot;
                  y1=&quot;15&quot;
                  y2=&quot;15&quot;
                /&gt;
                &lt;line
                  x1=&quot;10&quot;
                  x2=&quot;8&quot;
                  y1=&quot;3&quot;
                  y2=&quot;21&quot;
                /&gt;
                &lt;line
                  x1=&quot;16&quot;
                  x2=&quot;14&quot;
                  y1=&quot;3&quot;
                  y2=&quot;21&quot;
                /&gt;
              &lt;/svg&gt;
            &lt;/div&gt;
            &lt;div&gt;
              &lt;div
                class=&quot;flex items-center gap-2 mb-1&quot;
              &gt;
                &lt;span
                  class=&quot;text-[10px] font-black uppercase tracking-[0.3em] text-primary/60&quot;
                &gt;
                  fundamentos
                &lt;/span&gt;
                &lt;div
                  class=&quot;w-1 h-1 rounded-full bg-primary/30&quot;
                /&gt;
                &lt;div
                  class=&quot;inline-flex items-center rounded-full border px-2.5 py-0.5 transition-colors focus:outline-none focus:ring-2 focus:ring-ring focus:ring-offset-2 text-[9px] font-black uppercase tracking-widest border-primary/20 text-primary/70&quot;
                &gt;
                  Nexus
                &lt;/div&gt;
              &lt;/div&gt;
              &lt;h1
                class=&quot;text-4xl sm:text-5xl font-black tracking-tight text-foreground&quot;
              &gt;
                Errors
              &lt;/h1&gt;
            &lt;/div&gt;
          &lt;/div&gt;
          &lt;button
            class=&quot;inline-flex items-center justify-center gap-2.5 whitespace-nowrap text-sm focus-visible:outline-none focus-visible:ring-2 focus-visible:ring-ring disabled:pointer-events-none disabled:opacity-50 [&amp;_svg]:pointer-events-none [&amp;_svg]:size-5 [&amp;_svg]:shrink-0 hover:shadow-md hover:bg-primary/90 py-3 rounded-2xl h-14 px-8 bg-primary text-primary-foreground font-black uppercase tracking-widest shadow-xl shadow-primary/20 hover:scale-[1.02] active:scale-[0.98] transition-all group overflow-hidden relative&quot;
          &gt;
            &lt;div
              class=&quot;absolute inset-0 bg-gradient-to-r from-white/0 via-white/10 to-white/0 -translate-x-full group-hover:animate-shimmer&quot;
            /&gt;
            &lt;svg
              class=&quot;lucide lucide-sparkles w-5 h-5 mr-2 group-hover:rotate-12 transition-transform&quot;
              fill=&quot;none&quot;
              height=&quot;24&quot;
...

Ignored nodes: comments, script, style
&lt;body&gt;
  &lt;div&gt;
    &lt;div
      class=&quot;space-y-12 animate-in fade-in slide-in-from-bottom-4 duration-700 max-w-5xl mx-auto pb-24 px-4 relative&quot;
    &gt;
      &lt;div
        class=&quot;fixed inset-0 bg-gradient-to-b from-blue-500/10 via-background to-background -z-10 pointer-events-none opacity-40&quot;
      /&gt;
      &lt;nav
        class=&quot;flex items-center gap-3 text-[10px] font-black uppercase tracking-[0.2em] text-muted-foreground/50 mb-8 overflow-x-auto whitespace-nowrap pb-2 scrollbar-none&quot;
      &gt;
        &lt;button
          class=&quot;hover:text-primary transition-colors flex items-center gap-1&quot;
        &gt;
          &lt;svg
            class=&quot;lucide lucide-chevron-left w-3 h-3&quot;
            fill=&quot;none&quot;
            height=&quot;24&quot;
            stroke=&quot;currentColor&quot;
            stroke-linecap=&quot;round&quot;
            stroke-linejoin=&quot;round&quot;
            stroke-width=&quot;2&quot;
            viewBox=&quot;0 0 24 24&quot;
            width=&quot;24&quot;
            xmlns=&quot;http://www.w3.org/2000/svg&quot;
          &gt;
            &lt;path
              d=&quot;m15 18-6-6 6-6&quot;
            /&gt;
          &lt;/svg&gt;
           Início
        &lt;/button&gt;
        &lt;span
          class=&quot;opacity-30&quot;
        &gt;
          /
        &lt;/span&gt;
        &lt;button
          class=&quot;hover:text-primary transition-colors&quot;
        &gt;
          Temas
        &lt;/button&gt;
        &lt;span
          class=&quot;opacity-30&quot;
        &gt;
          /
        &lt;/span&gt;
        &lt;button
          class=&quot;hover:text-primary transition-colors&quot;
        &gt;
          fundamentos
        &lt;/button&gt;
        &lt;span
          class=&quot;opacity-30&quot;
        &gt;
          /
        &lt;/span&gt;
        &lt;span
          class=&quot;text-primary/80&quot;
        &gt;
          Errors
        &lt;/span&gt;
      &lt;/nav&gt;
      &lt;header
        class=&quot;space-y-6&quot;
      &gt;
        &lt;div
          class=&quot;flex flex-col sm:flex-row sm:items-center justify-between gap-6&quot;
        &gt;
          &lt;div
            class=&quot;flex items-center gap-4&quot;
          &gt;
            &lt;div
              class=&quot;w-16 h-16 rounded-[2rem] bg-primary/10 flex items-center justify-center text-primary shadow-inner border border-primary/20&quot;
            &gt;
              &lt;svg
                class=&quot;lucide lucide-hash w-8 h-8&quot;
                fill=&quot;none&quot;
                height=&quot;24&quot;
                stroke=&quot;currentColor&quot;
                stroke-linecap=&quot;round&quot;
                stroke-linejoin=&quot;round&quot;
                stroke-width=&quot;2&quot;
                viewBox=&quot;0 0 24 24&quot;
                width=&quot;24&quot;
                xmlns=&quot;http://www.w3.org/2000/svg&quot;
              &gt;
                &lt;line
                  x1=&quot;4&quot;
                  x2=&quot;20&quot;
                  y1=&quot;9&quot;
                  y2=&quot;9&quot;
                /&gt;
                &lt;line
                  x1=&quot;4&quot;
                  x2=&quot;20&quot;
                  y1=&quot;15&quot;
                  y2=&quot;15&quot;
                /&gt;
                &lt;line
                  x1=&quot;10&quot;
                  x2=&quot;8&quot;
                  y1=&quot;3&quot;
                  y2=&quot;21&quot;
                /&gt;
                &lt;line
                  x1=&quot;16&quot;
                  x2=&quot;14&quot;
                  y1=&quot;3&quot;
                  y2=&quot;21&quot;
                /&gt;
              &lt;/svg&gt;
            &lt;/div&gt;
            &lt;div&gt;
              &lt;div
                class=&quot;flex items-center gap-2 mb-1&quot;
              &gt;
                &lt;span
                  class=&quot;text-[10px] font-black uppercase tracking-[0.3em] text-primary/60&quot;
                &gt;
                  fundamentos
                &lt;/span&gt;
                &lt;div
                  class=&quot;w-1 h-1 rounded-full bg-primary/30&quot;
                /&gt;
                &lt;div
                  class=&quot;inline-flex items-center rounded-full border px-2.5 py-0.5 transition-colors focus:outline-none focus:ring-2 focus:ring-ring focus:ring-offset-2 text-[9px] font-black uppercase tracking-widest border-primary/20 text-primary/70&quot;
                &gt;
                  Nexus
                &lt;/div&gt;
              &lt;/div&gt;
              &lt;h1
                class=&quot;text-4xl sm:text-5xl font-black tracking-tight text-foreground&quot;
              &gt;
                Errors
              &lt;/h1&gt;
            &lt;/div&gt;
          &lt;/div&gt;
          &lt;button
            class=&quot;inline-flex items-center justify-center gap-2.5 whitespace-nowrap text-sm focus-visible:outline-none focus-visible:ring-2 focus-visible:ring-ring disabled:pointer-events-none disabled:opacity-50 [&amp;_svg]:pointer-events-none [&amp;_svg]:size-5 [&amp;_svg]:shrink-0 hover:shadow-md hover:bg-primary/90 py-3 rounded-2xl h-14 px-8 bg-primary text-primary-foreground font-black uppercase tracking-widest shadow-xl shadow-primary/20 hover:scale-[1.02] active:scale-[0.98] transition-all group overflow-hidden relative&quot;
          &gt;
            &lt;div
              class=&quot;absolute inset-0 bg-gradient-to-r from-white/0 via-white/10 to-white/0 -translate-x-full group-hover:animate-shimmer&quot;
            /&gt;
            &lt;svg
              class=&quot;lucide lucide-sparkles w-5 h-5 mr-2 group-hover:rotate-12 transition-transform&quot;
              fill=&quot;none&quot;
              height=&quot;24&quot;
...
 ❯ waitForWrapper node_modules/.bun/@testing-library+dom@10.4.1/node_modules/@testing-library/dom/dist/wait-for.js:163:27
 ❯ findByText node_modules/.bun/@testing-library+dom@10.4.1/node_modules/@testing-library/dom/dist/query-helpers.js:86:33
 ❯ src/components/cathedra/TemaDetailPage.test.tsx:530:25
            </failure>
        </testcase>
        <testcase classname="src/components/cathedra/TemaDetailPage.test.tsx" name="TemaDetailPage - Integration Tests &gt; validates skeleton location and accessibility in the active TabsContent" time="0.312189235">
            <system-out>
[STATS] {&quot;calls&quot;:0,&quot;tabs&quot;:{}}

            </system-out>
            <failure message="Unable to find an accessible element with the role &quot;tabpanel&quot;

Here are the accessible roles:

  navigation:

  Name &quot;&quot;:
  [36m&lt;nav[39m
    [33mclass[39m=[32m&quot;flex items-center gap-3 text-[10px] font-black uppercase tracking-[0.2em] text-muted-foreground/50 mb-8 overflow-x-auto whitespace-nowrap pb-2 scrollbar-none&quot;[39m
  [36m/&gt;[39m

  --------------------------------------------------
  button:

  Name &quot;Início&quot;:
  [36m&lt;button[39m
    [33mclass[39m=[32m&quot;hover:text-primary transition-colors flex items-center gap-1&quot;[39m
  [36m/&gt;[39m

  Name &quot;Temas&quot;:
  [36m&lt;button[39m
    [33mclass[39m=[32m&quot;hover:text-primary transition-colors&quot;[39m
  [36m/&gt;[39m

  Name &quot;fundamentos&quot;:
  [36m&lt;button[39m
    [33mclass[39m=[32m&quot;hover:text-primary transition-colors&quot;[39m
  [36m/&gt;[39m

  Name &quot;Insight do Logos&quot;:
  [36m&lt;button[39m
    [33mclass[39m=[32m&quot;inline-flex items-center justify-center gap-2.5 whitespace-nowrap text-sm focus-visible:outline-none focus-visible:ring-2 focus-visible:ring-ring disabled:pointer-events-none disabled:opacity-50 [&amp;_svg]:pointer-events-none [&amp;_svg]:size-5 [&amp;_svg]:shrink-0 hover:shadow-md hover:bg-primary/90 py-3 rounded-2xl h-14 px-8 bg-primary text-primary-foreground font-black uppercase tracking-widest shadow-xl shadow-primary/20 hover:scale-[1.02] active:scale-[0.98] transition-all group overflow-hidden relative&quot;[39m
  [36m/&gt;[39m

  Name &quot;Tentar Novamente&quot;:
  [36m&lt;button[39m
    [33maria-busy[39m=[32m&quot;false&quot;[39m
    [33maria-live[39m=[32m&quot;polite&quot;[39m
    [33mclass[39m=[32m&quot;inline-flex items-center justify-center gap-2.5 whitespace-nowrap text-sm font-bold uppercase tracking-[0.15em] transition-all focus-visible:outline-none focus-visible:ring-2 focus-visible:ring-ring disabled:pointer-events-none disabled:opacity-50 [&amp;_svg]:pointer-events-none [&amp;_svg]:size-5 [&amp;_svg]:shrink-0 active:scale-95 shadow-sm hover:shadow-md border-2 border-secondary bg-white text-primary hover:bg-secondary/10 py-3 h-10 rounded-xl px-6&quot;[39m
    [33mdata-testid[39m=[32m&quot;retry-button&quot;[39m
  [36m/&gt;[39m

  --------------------------------------------------
  banner:

  Name &quot;&quot;:
  [36m&lt;header[39m
    [33mclass[39m=[32m&quot;space-y-6&quot;[39m
  [36m/&gt;[39m

  --------------------------------------------------
  heading:

  Name &quot;Skeleton&quot;:
  [36m&lt;h1[39m
    [33mclass[39m=[32m&quot;text-4xl sm:text-5xl font-black tracking-tight text-foreground&quot;[39m
  [36m/&gt;[39m

  Name &quot;Temas Relacionados&quot;:
  [36m&lt;h3[39m
    [33mclass[39m=[32m&quot;text-xs font-black uppercase tracking-widest text-foreground/60&quot;[39m
  [36m/&gt;[39m

  --------------------------------------------------
  tablist:

  Name &quot;&quot;:
  [36m&lt;div[39m
    [33maria-orientation[39m=[32m&quot;horizontal&quot;[39m
    [33mclass[39m=[32m&quot;h-10 items-center justify-center text-muted-foreground w-full bg-muted/40 p-1 rounded-2xl border border-border/40 grid grid-cols-4&quot;[39m
    [33mdata-orientation[39m=[32m&quot;horizontal&quot;[39m
    [33mrole[39m=[32m&quot;tablist&quot;[39m
    [33mstyle[39m=[32m&quot;outline: none;&quot;[39m
    [33mtabindex[39m=[32m&quot;0&quot;[39m
  [36m/&gt;[39m

  --------------------------------------------------
  tab:

  Name &quot;Escrituras&quot;:
  [36m&lt;button[39m
    [33maria-controls[39m=[32m&quot;radix-:r2l:-content-bible&quot;[39m
    [33maria-selected[39m=[32m&quot;true&quot;[39m
    [33mclass[39m=[32m&quot;inline-flex items-center justify-center whitespace-nowrap px-3 ring-offset-background transition-all data-[state=active]:bg-background data-[state=active]:text-foreground data-[state=active]:shadow-sm focus-visible:outline-none focus-visible:ring-2 focus-visible:ring-ring focus-visible:ring-offset-2 disabled:pointer-events-none disabled:opacity-50 rounded-xl text-[10px] font-black uppercase tracking-widest py-2.5&quot;[39m
    [33mdata-orientation[39m=[32m&quot;horizontal&quot;[39m
    [33mdata-radix-collection-item[39m=[32m&quot;&quot;[39m
    [33mdata-state[39m=[32m&quot;active&quot;[39m
    [33mid[39m=[32m&quot;radix-:r2l:-trigger-bible&quot;[39m
    [33mrole[39m=[32m&quot;tab&quot;[39m
    [33mtabindex[39m=[32m&quot;-1&quot;[39m
    [33mtype[39m=[32m&quot;button&quot;[39m
  [36m/&gt;[39m

  Name &quot;Tradição&quot;:
  [36m&lt;button[39m
    [33maria-controls[39m=[32m&quot;radix-:r2l:-content-tradition&quot;[39m
    [33maria-selected[39m=[32m&quot;false&quot;[39m
    [33mclass[39m=[32m&quot;inline-flex items-center justify-center whitespace-nowrap px-3 ring-offset-background transition-all data-[state=active]:bg-background data-[state=active]:text-foreground data-[state=active]:shadow-sm focus-visible:outline-none focus-visible:ring-2 focus-visible:ring-ring focus-visible:ring-offset-2 disabled:pointer-events-none disabled:opacity-50 rounded-xl text-[10px] font-black uppercase tracking-widest py-2.5&quot;[39m
    [33mdata-orientation[39m=[32m&quot;horizontal&quot;[39m
    [33mdata-radix-collection-item[39m=[32m&quot;&quot;[39m
    [33mdata-state[39m=[32m&quot;inactive&quot;[39m
    [33mid[39m=[32m&quot;radix-:r2l:-trigger-tradition&quot;[39m
    [33mrole[39m=[32m&quot;tab&quot;[39m
    [33mtabindex[39m=[32m&quot;-1&quot;[39m
    [33mtype[39m=[32m&quot;button&quot;[39m
  [36m/&gt;[39m

  Name &quot;Magistério&quot;:
  [36m&lt;button[39m
    [33maria-controls[39m=[32m&quot;radix-:r2l:-content-magisterium&quot;[39m
    [33maria-selected[39m=[32m&quot;false&quot;[39m
    [33mclass[39m=[32m&quot;inline-flex items-center justify-center whitespace-nowrap px-3 ring-offset-background transition-all data-[state=active]:bg-background data-[state=active]:text-foreground data-[state=active]:shadow-sm focus-visible:outline-none focus-visible:ring-2 focus-visible:ring-ring focus-visible:ring-offset-2 disabled:pointer-events-none disabled:opacity-50 rounded-xl text-[10px] font-black uppercase tracking-widest py-2.5&quot;[39m
    [33mdata-orientation[39m=[32m&quot;horizontal&quot;[39m
    [33mdata-radix-collection-item[39m=[32m&quot;&quot;[39m
    [33mdata-state[39m=[32m&quot;inactive&quot;[39m
    [33mid[39m=[32m&quot;radix-:r2l:-trigger-magisterium&quot;[39m
    [33mrole[39m=[32m&quot;tab&quot;[39m
    [33mtabindex[39m=[32m&quot;-1&quot;[39m
    [33mtype[39m=[32m&quot;button&quot;[39m
  [36m/&gt;[39m

  Name &quot;Jornadas&quot;:
  [36m&lt;button[39m
    [33maria-controls[39m=[32m&quot;radix-:r2l:-content-journeys&quot;[39m
    [33maria-selected[39m=[32m&quot;false&quot;[39m
    [33mclass[39m=[32m&quot;inline-flex items-center justify-center whitespace-nowrap px-3 ring-offset-background transition-all data-[state=active]:bg-background data-[state=active]:text-foreground data-[state=active]:shadow-sm focus-visible:outline-none focus-visible:ring-2 focus-visible:ring-ring focus-visible:ring-offset-2 disabled:pointer-events-none disabled:opacity-50 rounded-xl text-[10px] font-black uppercase tracking-widest py-2.5&quot;[39m
    [33mdata-orientation[39m=[32m&quot;horizontal&quot;[39m
    [33mdata-radix-collection-item[39m=[32m&quot;&quot;[39m
    [33mdata-state[39m=[32m&quot;inactive&quot;[39m
    [33mid[39m=[32m&quot;radix-:r2l:-trigger-journeys&quot;[39m
    [33mrole[39m=[32m&quot;tab&quot;[39m
    [33mtabindex[39m=[32m&quot;-1&quot;[39m
    [33mtype[39m=[32m&quot;button&quot;[39m
  [36m/&gt;[39m

  --------------------------------------------------
  paragraph:

  Name &quot;&quot;:
  [36m&lt;p[39m
    [33mclass[39m=[32m&quot;text-lg font-bold text-red-600&quot;[39m
  [36m/&gt;[39m

  Name &quot;&quot;:
  [36m&lt;p[39m
    [33mclass[39m=[32m&quot;text-sm text-muted-foreground italic max-w-md mx-auto&quot;[39m
  [36m/&gt;[39m

  Name &quot;&quot;:
  [36m&lt;p[39m
    [33mclass[39m=[32m&quot;text-xs text-muted-foreground leading-relaxed italic&quot;[39m
  [36m/&gt;[39m

  Name &quot;&quot;:
  [36m&lt;p[39m
    [33mclass[39m=[32m&quot;text-[10px] font-black uppercase tracking-widest text-primary&quot;[39m
  [36m/&gt;[39m

  Name &quot;&quot;:
  [36m&lt;p[39m
    [33mclass[39m=[32m&quot;text-[9px] text-muted-foreground/60&quot;[39m
  [36m/&gt;[39m

  --------------------------------------------------
  complementary:

  Name &quot;&quot;:
  [36m&lt;aside[39m
    [33mclass[39m=[32m&quot;space-y-6&quot;[39m
  [36m/&gt;[39m

  --------------------------------------------------

Ignored nodes: comments, script, style
[36m&lt;body&gt;[39m
  [36m&lt;div&gt;[39m
    [36m&lt;div[39m
      [33mclass[39m=[32m&quot;space-y-12 animate-in fade-in slide-in-from-bottom-4 duration-700 max-w-5xl mx-auto pb-24 px-4 relative&quot;[39m
    [36m&gt;[39m
      [36m&lt;div[39m
        [33mclass[39m=[32m&quot;fixed inset-0 bg-gradient-to-b from-blue-500/10 via-background to-background -z-10 pointer-events-none opacity-40&quot;[39m
      [36m/&gt;[39m
      [36m&lt;nav[39m
        [33mclass[39m=[32m&quot;flex items-center gap-3 text-[10px] font-black uppercase tracking-[0.2em] text-muted-foreground/50 mb-8 overflow-x-auto whitespace-nowrap pb-2 scrollbar-none&quot;[39m
      [36m&gt;[39m
        [36m&lt;button[39m
          [33mclass[39m=[32m&quot;hover:text-primary transition-colors flex items-center gap-1&quot;[39m
        [36m&gt;[39m
          [36m&lt;svg[39m
            [33mclass[39m=[32m&quot;lucide lucide-chevron-left w-3 h-3&quot;[39m
            [33mfill[39m=[32m&quot;none&quot;[39m
            [33mheight[39m=[32m&quot;24&quot;[39m
            [33mstroke[39m=[32m&quot;currentColor&quot;[39m
            [33mstroke-linecap[39m=[32m&quot;round&quot;[39m
            [33mstroke-linejoin[39m=[32m&quot;round&quot;[39m
            [33mstroke-width[39m=[32m&quot;2&quot;[39m
            [33mviewBox[39m=[32m&quot;0 0 24 24&quot;[39m
            [33mwidth[39m=[32m&quot;24&quot;[39m
            [33mxmlns[39m=[32m&quot;http://www.w3.org/2000/svg&quot;[39m
          [36m&gt;[39m
            [36m&lt;path[39m
              [33md[39m=[32m&quot;m15 18-6-6 6-6&quot;[39m
            [36m/&gt;[39m
          [36m&lt;/svg&gt;[39m
          [0m Início[0m
        [36m&lt;/button&gt;[39m
        [36m&lt;span[39m
          [33mclass[39m=[32m&quot;opacity-30&quot;[39m
        [36m&gt;[39m
          [0m/[0m
        [36m&lt;/span&gt;[39m
        [36m&lt;button[39m
          [33mclass[39m=[32m&quot;hover:text-primary transition-colors&quot;[39m
        [36m&gt;[39m
          [0mTemas[0m
        [36m&lt;/button&gt;[39m
        [36m&lt;span[39m
          [33mclass[39m=[32m&quot;opacity-30&quot;[39m
        [36m&gt;[39m
          [0m/[0m
        [36m&lt;/span&gt;[39m
        [36m&lt;button[39m
          [33mclass[39m=[32m&quot;hover:text-primary transition-colors&quot;[39m
        [36m&gt;[39m
          [0mfundamentos[0m
        [36m&lt;/button&gt;[39m
        [36m&lt;span[39m
          [33mclass[39m=[32m&quot;opacity-30&quot;[39m
        [36m&gt;[39m
          [0m/[0m
        [36m&lt;/span&gt;[39m
        [36m&lt;span[39m
          [33mclass[39m=[32m&quot;text-primary/80&quot;[39m
        [36m&gt;[39m
          [0mSkeleton[0m
        [36m&lt;/span&gt;[39m
      [36m&lt;/nav&gt;[39m
      [36m&lt;header[39m
        [33mclass[39m=[32m&quot;space-y-6&quot;[39m
      [36m&gt;[39m
        [36m&lt;div[39m
          [33mclass[39m=[32m&quot;flex flex-col sm:flex-row sm:items-center justify-between gap-6&quot;[39m
        [36m&gt;[39m
          [36m&lt;div[39m
            [33mclass[39m=[32m&quot;flex items-center gap-4&quot;[39m
          [36m&gt;[39m
            [36m&lt;div[39m
              [33mclass[39m=[32m&quot;w-16 h-16 rounded-[2rem] bg-primary/10 flex items-center justify-center text-primary shadow-inner border border-primary/20&quot;[39m
            [36m&gt;[39m
              [36m&lt;svg[39m
                [33mclass[39m=[32m&quot;lucide lucide-skull w-8 h-8&quot;[39m
                [33mfill[39m=[32m&quot;none&quot;[39m
                [33mheight[39m=[32m&quot;24&quot;[39m
                [33mstroke[39m=[32m&quot;currentColor&quot;[39m
                [33mstroke-linecap[39m=[32m&quot;round&quot;[39m
                [33mstroke-linejoin[39m=[32m&quot;round&quot;[39m
                [33mstroke-width[39m=[32m&quot;2&quot;[39m
                [33mviewBox[39m=[32m&quot;0 0 24 24&quot;[39m
                [33mwidth[39m=[32m&quot;24&quot;[39m
                [33mxmlns[39m=[32m&quot;http://www.w3.org/2000/svg&quot;[39m
              [36m&gt;[39m
                [36m&lt;path[39m
                  [33md[39m=[32m&quot;m12.5 17-.5-1-.5 1h1z&quot;[39m
                [36m/&gt;[39m
                [36m&lt;path[39m
                  [33md[39m=[32m&quot;M15 22a1 1 0 0 0 1-1v-1a2 2 0 0 0 1.56-3.25 8 8 0 1 0-11.12 0A2 2 0 0 0 8 20v1a1 1 0 0 0 1 1z&quot;[39m
                [36m/&gt;[39m
                [36m&lt;circle[39m
                  [33mcx[39m=[32m&quot;15&quot;[39m
                  [33mcy[39m=[32m&quot;12&quot;[39m
                  [33mr[39m=[32m&quot;1&quot;[39m
                [36m/&gt;[39m
                [36m&lt;circle[39m
                  [33mcx[39m=[32m&quot;9&quot;[39m
                  [33mcy[39m=[32m&quot;12&quot;[39m
                  [33mr[39m=[32m&quot;1&quot;[39m
                [36m/&gt;[39m
              [36m&lt;/svg&gt;[39m
            [36m&lt;/div&gt;[39m
            [36m&lt;div&gt;[39m
              [36m&lt;div[39m
                [33mclass[39m=[32m&quot;flex items-center gap-2 mb-1&quot;[39m
              [36m&gt;[39m
                [36m&lt;span[39m
                  [33mclass[39m=[32m&quot;text-[10px] font-black uppercase tracking-[0.3em] text-primary/60&quot;[39m
                [36m&gt;[39m
                  [0mfundamentos[0m
                [36m&lt;/span&gt;[39m
                [36m&lt;div[39m
                  [33mclass[39m=[32m&quot;w-1 h-1 rounded-full bg-primary/30&quot;[39m
                [36m/&gt;[39m
                [36m&lt;div[39m
                  [33mclass[39m=[32m&quot;inline-flex items-center rounded-full border px-2.5 py-0.5 transition-colors focus:outline-none focus:ring-2 focus:ring-ring focus:ring-offset-2 text-[9px] font-black uppercase tracking-widest border-primary/20 text-primary/70&quot;[39m
                [36m&gt;[39m
                  [0mNexus[0m
                [36m&lt;/div&gt;[39m
              [36m&lt;/div&gt;[39m
              [36m&lt;h1[39m
                [33mclass[39m=[32m&quot;text-4xl sm:text-5xl font-black tracking-tight text-foreground&quot;[39m
              [36m&gt;[39m
                [0mSkeleton[0m
              [36m&lt;/h1&gt;[39m
            [36m&lt;/div&gt;[39m
          [36m&lt;/div&gt;[39m
          [36m&lt;button[39m
            [33mclass[39m=[32m&quot;inline-flex items-center justify-center gap-2.5 whitespace-nowrap text-sm focus-visible:outline-none focus-visible:ring-2 focus-visible:ring-ring disabled:pointer-events-none disabled:opacity-50 [&amp;_svg]:pointer-events-none [&amp;_svg]:size-5 [&amp;_svg]:shrink-0 hover:shadow-md hover:bg-primary/90 py-3 rounded-2xl h-14 px-8 bg-primary text-primary-foreground font-black uppercase tracking-widest shadow-xl shadow-primary/20 hover:scale-[1.02] active:scale-[0.98] transition-all group overflow-hidden relative&quot;[39m
          [36m&gt;[39m
            [36m&lt;div[39m
              [33mclass[39m=[32m&quot;absolute inset-0 bg-gradient-to-r from-white/0 via-white/10 to-white/0 -translate-x-full group-hover:animate-shimmer&quot;[39m
            [36m/&gt;[39m
            [36m&lt;svg[39m
              [33mclass[39m=[32m&quot;lucide lucide-sparkles w-5 h-5 mr-2 group-hover:rotate-12 transition-transform&quot;[39m
              [33mfill[39m=[32m&quot;none&quot;[39m
              [33mheight[39m=[32m&quot;24&quot;[39m
              [33mstroke[39m=[32m&quot;currentColor&quot;[39m
              [33mstroke-linecap[39m=[32m&quot;round&quot;[39m
              [33mstroke-linejoin[39m=[32m&quot;round&quot;[39m
              [33mstroke-width[39m=[32m&quot;2&quot;[39m
              [33mviewBox..." type="TestingLibraryElementError">
TestingLibraryElementError: Unable to find an accessible element with the role &quot;tabpanel&quot;

Here are the accessible roles:

  navigation:

  Name &quot;&quot;:
  &lt;nav
    class=&quot;flex items-center gap-3 text-[10px] font-black uppercase tracking-[0.2em] text-muted-foreground/50 mb-8 overflow-x-auto whitespace-nowrap pb-2 scrollbar-none&quot;
  /&gt;

  --------------------------------------------------
  button:

  Name &quot;Início&quot;:
  &lt;button
    class=&quot;hover:text-primary transition-colors flex items-center gap-1&quot;
  /&gt;

  Name &quot;Temas&quot;:
  &lt;button
    class=&quot;hover:text-primary transition-colors&quot;
  /&gt;

  Name &quot;fundamentos&quot;:
  &lt;button
    class=&quot;hover:text-primary transition-colors&quot;
  /&gt;

  Name &quot;Insight do Logos&quot;:
  &lt;button
    class=&quot;inline-flex items-center justify-center gap-2.5 whitespace-nowrap text-sm focus-visible:outline-none focus-visible:ring-2 focus-visible:ring-ring disabled:pointer-events-none disabled:opacity-50 [&amp;_svg]:pointer-events-none [&amp;_svg]:size-5 [&amp;_svg]:shrink-0 hover:shadow-md hover:bg-primary/90 py-3 rounded-2xl h-14 px-8 bg-primary text-primary-foreground font-black uppercase tracking-widest shadow-xl shadow-primary/20 hover:scale-[1.02] active:scale-[0.98] transition-all group overflow-hidden relative&quot;
  /&gt;

  Name &quot;Tentar Novamente&quot;:
  &lt;button
    aria-busy=&quot;false&quot;
    aria-live=&quot;polite&quot;
    class=&quot;inline-flex items-center justify-center gap-2.5 whitespace-nowrap text-sm font-bold uppercase tracking-[0.15em] transition-all focus-visible:outline-none focus-visible:ring-2 focus-visible:ring-ring disabled:pointer-events-none disabled:opacity-50 [&amp;_svg]:pointer-events-none [&amp;_svg]:size-5 [&amp;_svg]:shrink-0 active:scale-95 shadow-sm hover:shadow-md border-2 border-secondary bg-white text-primary hover:bg-secondary/10 py-3 h-10 rounded-xl px-6&quot;
    data-testid=&quot;retry-button&quot;
  /&gt;

  --------------------------------------------------
  banner:

  Name &quot;&quot;:
  &lt;header
    class=&quot;space-y-6&quot;
  /&gt;

  --------------------------------------------------
  heading:

  Name &quot;Skeleton&quot;:
  &lt;h1
    class=&quot;text-4xl sm:text-5xl font-black tracking-tight text-foreground&quot;
  /&gt;

  Name &quot;Temas Relacionados&quot;:
  &lt;h3
    class=&quot;text-xs font-black uppercase tracking-widest text-foreground/60&quot;
  /&gt;

  --------------------------------------------------
  tablist:

  Name &quot;&quot;:
  &lt;div
    aria-orientation=&quot;horizontal&quot;
    class=&quot;h-10 items-center justify-center text-muted-foreground w-full bg-muted/40 p-1 rounded-2xl border border-border/40 grid grid-cols-4&quot;
    data-orientation=&quot;horizontal&quot;
    role=&quot;tablist&quot;
    style=&quot;outline: none;&quot;
    tabindex=&quot;0&quot;
  /&gt;

  --------------------------------------------------
  tab:

  Name &quot;Escrituras&quot;:
  &lt;button
    aria-controls=&quot;radix-:r2l:-content-bible&quot;
    aria-selected=&quot;true&quot;
    class=&quot;inline-flex items-center justify-center whitespace-nowrap px-3 ring-offset-background transition-all data-[state=active]:bg-background data-[state=active]:text-foreground data-[state=active]:shadow-sm focus-visible:outline-none focus-visible:ring-2 focus-visible:ring-ring focus-visible:ring-offset-2 disabled:pointer-events-none disabled:opacity-50 rounded-xl text-[10px] font-black uppercase tracking-widest py-2.5&quot;
    data-orientation=&quot;horizontal&quot;
    data-radix-collection-item=&quot;&quot;
    data-state=&quot;active&quot;
    id=&quot;radix-:r2l:-trigger-bible&quot;
    role=&quot;tab&quot;
    tabindex=&quot;-1&quot;
    type=&quot;button&quot;
  /&gt;

  Name &quot;Tradição&quot;:
  &lt;button
    aria-controls=&quot;radix-:r2l:-content-tradition&quot;
    aria-selected=&quot;false&quot;
    class=&quot;inline-flex items-center justify-center whitespace-nowrap px-3 ring-offset-background transition-all data-[state=active]:bg-background data-[state=active]:text-foreground data-[state=active]:shadow-sm focus-visible:outline-none focus-visible:ring-2 focus-visible:ring-ring focus-visible:ring-offset-2 disabled:pointer-events-none disabled:opacity-50 rounded-xl text-[10px] font-black uppercase tracking-widest py-2.5&quot;
    data-orientation=&quot;horizontal&quot;
    data-radix-collection-item=&quot;&quot;
    data-state=&quot;inactive&quot;
    id=&quot;radix-:r2l:-trigger-tradition&quot;
    role=&quot;tab&quot;
    tabindex=&quot;-1&quot;
    type=&quot;button&quot;
  /&gt;

  Name &quot;Magistério&quot;:
  &lt;button
    aria-controls=&quot;radix-:r2l:-content-magisterium&quot;
    aria-selected=&quot;false&quot;
    class=&quot;inline-flex items-center justify-center whitespace-nowrap px-3 ring-offset-background transition-all data-[state=active]:bg-background data-[state=active]:text-foreground data-[state=active]:shadow-sm focus-visible:outline-none focus-visible:ring-2 focus-visible:ring-ring focus-visible:ring-offset-2 disabled:pointer-events-none disabled:opacity-50 rounded-xl text-[10px] font-black uppercase tracking-widest py-2.5&quot;
    data-orientation=&quot;horizontal&quot;
    data-radix-collection-item=&quot;&quot;
    data-state=&quot;inactive&quot;
    id=&quot;radix-:r2l:-trigger-magisterium&quot;
    role=&quot;tab&quot;
    tabindex=&quot;-1&quot;
    type=&quot;button&quot;
  /&gt;

  Name &quot;Jornadas&quot;:
  &lt;button
    aria-controls=&quot;radix-:r2l:-content-journeys&quot;
    aria-selected=&quot;false&quot;
    class=&quot;inline-flex items-center justify-center whitespace-nowrap px-3 ring-offset-background transition-all data-[state=active]:bg-background data-[state=active]:text-foreground data-[state=active]:shadow-sm focus-visible:outline-none focus-visible:ring-2 focus-visible:ring-ring focus-visible:ring-offset-2 disabled:pointer-events-none disabled:opacity-50 rounded-xl text-[10px] font-black uppercase tracking-widest py-2.5&quot;
    data-orientation=&quot;horizontal&quot;
    data-radix-collection-item=&quot;&quot;
    data-state=&quot;inactive&quot;
    id=&quot;radix-:r2l:-trigger-journeys&quot;
    role=&quot;tab&quot;
    tabindex=&quot;-1&quot;
    type=&quot;button&quot;
  /&gt;

  --------------------------------------------------
  paragraph:

  Name &quot;&quot;:
  &lt;p
    class=&quot;text-lg font-bold text-red-600&quot;
  /&gt;

  Name &quot;&quot;:
  &lt;p
    class=&quot;text-sm text-muted-foreground italic max-w-md mx-auto&quot;
  /&gt;

  Name &quot;&quot;:
  &lt;p
    class=&quot;text-xs text-muted-foreground leading-relaxed italic&quot;
  /&gt;

  Name &quot;&quot;:
  &lt;p
    class=&quot;text-[10px] font-black uppercase tracking-widest text-primary&quot;
  /&gt;

  Name &quot;&quot;:
  &lt;p
    class=&quot;text-[9px] text-muted-foreground/60&quot;
  /&gt;

  --------------------------------------------------
  complementary:

  Name &quot;&quot;:
  &lt;aside
    class=&quot;space-y-6&quot;
  /&gt;

  --------------------------------------------------

Ignored nodes: comments, script, style
&lt;body&gt;
  &lt;div&gt;
    &lt;div
      class=&quot;space-y-12 animate-in fade-in slide-in-from-bottom-4 duration-700 max-w-5xl mx-auto pb-24 px-4 relative&quot;
    &gt;
      &lt;div
        class=&quot;fixed inset-0 bg-gradient-to-b from-blue-500/10 via-background to-background -z-10 pointer-events-none opacity-40&quot;
      /&gt;
      &lt;nav
        class=&quot;flex items-center gap-3 text-[10px] font-black uppercase tracking-[0.2em] text-muted-foreground/50 mb-8 overflow-x-auto whitespace-nowrap pb-2 scrollbar-none&quot;
      &gt;
        &lt;button
          class=&quot;hover:text-primary transition-colors flex items-center gap-1&quot;
        &gt;
          &lt;svg
            class=&quot;lucide lucide-chevron-left w-3 h-3&quot;
            fill=&quot;none&quot;
            height=&quot;24&quot;
            stroke=&quot;currentColor&quot;
            stroke-linecap=&quot;round&quot;
            stroke-linejoin=&quot;round&quot;
            stroke-width=&quot;2&quot;
            viewBox=&quot;0 0 24 24&quot;
            width=&quot;24&quot;
            xmlns=&quot;http://www.w3.org/2000/svg&quot;
          &gt;
            &lt;path
              d=&quot;m15 18-6-6 6-6&quot;
            /&gt;
          &lt;/svg&gt;
           Início
        &lt;/button&gt;
        &lt;span
          class=&quot;opacity-30&quot;
        &gt;
          /
        &lt;/span&gt;
        &lt;button
          class=&quot;hover:text-primary transition-colors&quot;
        &gt;
          Temas
        &lt;/button&gt;
        &lt;span
          class=&quot;opacity-30&quot;
        &gt;
          /
        &lt;/span&gt;
        &lt;button
          class=&quot;hover:text-primary transition-colors&quot;
        &gt;
          fundamentos
        &lt;/button&gt;
        &lt;span
          class=&quot;opacity-30&quot;
        &gt;
          /
        &lt;/span&gt;
        &lt;span
          class=&quot;text-primary/80&quot;
        &gt;
          Skeleton
        &lt;/span&gt;
      &lt;/nav&gt;
      &lt;header
        class=&quot;space-y-6&quot;
      &gt;
        &lt;div
          class=&quot;flex flex-col sm:flex-row sm:items-center justify-between gap-6&quot;
        &gt;
          &lt;div
            class=&quot;flex items-center gap-4&quot;
          &gt;
            &lt;div
              class=&quot;w-16 h-16 rounded-[2rem] bg-primary/10 flex items-center justify-center text-primary shadow-inner border border-primary/20&quot;
            &gt;
              &lt;svg
                class=&quot;lucide lucide-skull w-8 h-8&quot;
                fill=&quot;none&quot;
                height=&quot;24&quot;
                stroke=&quot;currentColor&quot;
                stroke-linecap=&quot;round&quot;
                stroke-linejoin=&quot;round&quot;
                stroke-width=&quot;2&quot;
                viewBox=&quot;0 0 24 24&quot;
                width=&quot;24&quot;
                xmlns=&quot;http://www.w3.org/2000/svg&quot;
              &gt;
                &lt;path
                  d=&quot;m12.5 17-.5-1-.5 1h1z&quot;
                /&gt;
                &lt;path
                  d=&quot;M15 22a1 1 0 0 0 1-1v-1a2 2 0 0 0 1.56-3.25 8 8 0 1 0-11.12 0A2 2 0 0 0 8 20v1a1 1 0 0 0 1 1z&quot;
                /&gt;
                &lt;circle
                  cx=&quot;15&quot;
                  cy=&quot;12&quot;
                  r=&quot;1&quot;
                /&gt;
                &lt;circle
                  cx=&quot;9&quot;
                  cy=&quot;12&quot;
                  r=&quot;1&quot;
                /&gt;
              &lt;/svg&gt;
            &lt;/div&gt;
            &lt;div&gt;
              &lt;div
                class=&quot;flex items-center gap-2 mb-1&quot;
              &gt;
                &lt;span
                  class=&quot;text-[10px] font-black uppercase tracking-[0.3em] text-primary/60&quot;
                &gt;
                  fundamentos
                &lt;/span&gt;
                &lt;div
                  class=&quot;w-1 h-1 rounded-full bg-primary/30&quot;
                /&gt;
                &lt;div
                  class=&quot;inline-flex items-center rounded-full border px-2.5 py-0.5 transition-colors focus:outline-none focus:ring-2 focus:ring-ring focus:ring-offset-2 text-[9px] font-black uppercase tracking-widest border-primary/20 text-primary/70&quot;
                &gt;
                  Nexus
                &lt;/div&gt;
              &lt;/div&gt;
              &lt;h1
                class=&quot;text-4xl sm:text-5xl font-black tracking-tight text-foreground&quot;
              &gt;
                Skeleton
              &lt;/h1&gt;
            &lt;/div&gt;
          &lt;/div&gt;
          &lt;button
            class=&quot;inline-flex items-center justify-center gap-2.5 whitespace-nowrap text-sm focus-visible:outline-none focus-visible:ring-2 focus-visible:ring-ring disabled:pointer-events-none disabled:opacity-50 [&amp;_svg]:pointer-events-none [&amp;_svg]:size-5 [&amp;_svg]:shrink-0 hover:shadow-md hover:bg-primary/90 py-3 rounded-2xl h-14 px-8 bg-primary text-primary-foreground font-black uppercase tracking-widest shadow-xl shadow-primary/20 hover:scale-[1.02] active:scale-[0.98] transition-all group overflow-hidden relative&quot;
          &gt;
            &lt;div
              class=&quot;absolute inset-0 bg-gradient-to-r from-white/0 via-white/10 to-white/0 -translate-x-full group-hover:animate-shimmer&quot;
            /&gt;
            &lt;svg
              class=&quot;lucide lucide-sparkles w-5 h-5 mr-2 group-hover:rotate-12 transition-transform&quot;
              fill=&quot;none&quot;
              height=&quot;24&quot;
              stroke=&quot;currentColor&quot;
              stroke-linecap=&quot;round&quot;
              stroke-linejoin=&quot;round&quot;
              stroke-width=&quot;2&quot;
              viewBox...
 ❯ Object.getElementError node_modules/.bun/@testing-library+dom@10.4.1/node_modules/@testing-library/dom/dist/config.js:37:19
 ❯ node_modules/.bun/@testing-library+dom@10.4.1/node_modules/@testing-library/dom/dist/query-helpers.js:76:38
 ❯ node_modules/.bun/@testing-library+dom@10.4.1/node_modules/@testing-library/dom/dist/query-helpers.js:52:17
 ❯ getByRole node_modules/.bun/@testing-library+dom@10.4.1/node_modules/@testing-library/dom/dist/query-helpers.js:95:19
 ❯ src/components/cathedra/TemaDetailPage.test.tsx:552:32
            </failure>
        </testcase>
        <testcase classname="src/components/cathedra/TemaDetailPage.test.tsx" name="TemaDetailPage - Integration Tests &gt; ensures no DOM pollution: only one category fallback/content is present at a time" time="0.017848578">
            <system-out>
[STATS] {&quot;calls&quot;:0,&quot;tabs&quot;:{}}

            </system-out>
        </testcase>
        <testcase classname="src/components/cathedra/TemaDetailPage.test.tsx" name="TemaDetailPage - Integration Tests &gt; handles 15+ rapid tab switches without skeleton accumulation" time="1.452876719">
            <system-out>
[STATS] {&quot;calls&quot;:0,&quot;tabs&quot;:{}}

            </system-out>
            <failure message="expected 0 to be greater than 0

Ignored nodes: comments, script, style
[36m&lt;html&gt;[39m
  [36m&lt;head&gt;[39m
    [36m&lt;title&gt;[39m
      [0mStress - Cathedra — Cathedra Digital[0m
    [36m&lt;/title&gt;[39m
    [36m&lt;link[39m
      [33mdata-rh[39m=[32m&quot;true&quot;[39m
      [33mhref[39m=[32m&quot;https://cathedradigital.lovable.app/temas/stress&quot;[39m
      [33mrel[39m=[32m&quot;canonical&quot;[39m
    [36m/&gt;[39m
    [36m&lt;meta[39m
      [33mcontent[39m=[32m&quot;Explore conteúdos sagrados sobre Stress.&quot;[39m
      [33mdata-rh[39m=[32m&quot;true&quot;[39m
      [33mname[39m=[32m&quot;description&quot;[39m
    [36m/&gt;[39m
    [36m&lt;meta[39m
      [33mcontent[39m=[32m&quot;website&quot;[39m
      [33mdata-rh[39m=[32m&quot;true&quot;[39m
      [33mproperty[39m=[32m&quot;og:type&quot;[39m
    [36m/&gt;[39m
    [36m&lt;meta[39m
      [33mcontent[39m=[32m&quot;https://cathedradigital.lovable.app/temas/stress&quot;[39m
      [33mdata-rh[39m=[32m&quot;true&quot;[39m
      [33mproperty[39m=[32m&quot;og:url&quot;[39m
    [36m/&gt;[39m
    [36m&lt;meta[39m
      [33mcontent[39m=[32m&quot;Stress - Cathedra — Cathedra Digital&quot;[39m
      [33mdata-rh[39m=[32m&quot;true&quot;[39m
      [33mproperty[39m=[32m&quot;og:title&quot;[39m
    [36m/&gt;[39m
    [36m&lt;meta[39m
      [33mcontent[39m=[32m&quot;Explore conteúdos sagrados sobre Stress.&quot;[39m
      [33mdata-rh[39m=[32m&quot;true&quot;[39m
      [33mproperty[39m=[32m&quot;og:description&quot;[39m
    [36m/&gt;[39m
    [36m&lt;meta[39m
      [33mcontent[39m=[32m&quot;https://gpwrpmoniglarqwfyryp.supabase.co/storage/v1/object/public/public-assets/og-image.png&quot;[39m
      [33mdata-rh[39m=[32m&quot;true&quot;[39m
      [33mproperty[39m=[32m&quot;og:image&quot;[39m
    [36m/&gt;[39m
    [36m&lt;meta[39m
      [33mcontent[39m=[32m&quot;summary_large_image&quot;[39m
      [33mdata-rh[39m=[32m&quot;true&quot;[39m
      [33mname[39m=[32m&quot;twitter:card&quot;[39m
    [36m/&gt;[39m
    [36m&lt;meta[39m
      [33mcontent[39m=[32m&quot;Stress - Cathedra — Cathedra Digital&quot;[39m
      [33mdata-rh[39m=[32m&quot;true&quot;[39m
      [33mname[39m=[32m&quot;twitter:title&quot;[39m
    [36m/&gt;[39m
    [36m&lt;meta[39m
      [33mcontent[39m=[32m&quot;Explore conteúdos sagrados sobre Stress.&quot;[39m
      [33mdata-rh[39m=[32m&quot;true&quot;[39m
      [33mname[39m=[32m&quot;twitter:description&quot;[39m
    [36m/&gt;[39m
    [36m&lt;meta[39m
      [33mcontent[39m=[32m&quot;https://gpwrpmoniglarqwfyryp.supabase.co/storage/v1/object/public/public-assets/og-image.png&quot;[39m
      [33mdata-rh[39m=[32m&quot;true&quot;[39m
      [33mname[39m=[32m&quot;twitter:image&quot;[39m
    [36m/&gt;[39m
  [36m&lt;/head&gt;[39m
  [36m&lt;body&gt;[39m
    [36m&lt;div&gt;[39m
      [36m&lt;div[39m
        [33mclass[39m=[32m&quot;space-y-12 animate-in fade-in slide-in-from-bottom-4 duration-700 max-w-5xl mx-auto pb-24 px-4 relative&quot;[39m
      [36m&gt;[39m
        [36m&lt;div[39m
          [33mclass[39m=[32m&quot;fixed inset-0 bg-gradient-to-b from-blue-500/10 via-background to-background -z-10 pointer-events-none opacity-40&quot;[39m
        [36m/&gt;[39m
        [36m&lt;nav[39m
          [33mclass[39m=[32m&quot;flex items-center gap-3 text-[10px] font-black uppercase tracking-[0.2em] text-muted-foreground/50 mb-8 overflow-x-auto whitespace-nowrap pb-2 scrollbar-none&quot;[39m
        [36m&gt;[39m
          [36m&lt;button[39m
            [33mclass[39m=[32m&quot;hover:text-primary transition-colors flex items-center gap-1&quot;[39m
          [36m&gt;[39m
            [36m&lt;svg[39m
              [33mclass[39m=[32m&quot;lucide lucide-chevron-left w-3 h-3&quot;[39m
              [33mfill[39m=[32m&quot;none&quot;[39m
              [33mheight[39m=[32m&quot;24&quot;[39m
              [33mstroke[39m=[32m&quot;currentColor&quot;[39m
              [33mstroke-linecap[39m=[32m&quot;round&quot;[39m
              [33mstroke-linejoin[39m=[32m&quot;round&quot;[39m
              [33mstroke-width[39m=[32m&quot;2&quot;[39m
              [33mviewBox[39m=[32m&quot;0 0 24 24&quot;[39m
              [33mwidth[39m=[32m&quot;24&quot;[39m
              [33mxmlns[39m=[32m&quot;http://www.w3.org/2000/svg&quot;[39m
            [36m&gt;[39m
              [36m&lt;path[39m
                [33md[39m=[32m&quot;m15 18-6-6 6-6&quot;[39m
              [36m/&gt;[39m
            [36m&lt;/svg&gt;[39m
            [0m Início[0m
          [36m&lt;/button&gt;[39m
          [36m&lt;span[39m
            [33mclass[39m=[32m&quot;opacity-30&quot;[39m
          [36m&gt;[39m
            [0m/[0m
          [36m&lt;/span&gt;[39m
          [36m&lt;button[39m
            [33mclass[39m=[32m&quot;hover:text-primary transition-colors&quot;[39m
          [36m&gt;[39m
            [0mTemas[0m
          [36m&lt;/button&gt;[39m
          [36m&lt;span[39m
            [33mclass[39m=[32m&quot;opacity-30&quot;[39m
          [36m&gt;[39m
            [0m/[0m
          [36m&lt;/span&gt;[39m
          [36m&lt;button[39m
            [33mclass[39m=[32m&quot;hover:text-primary transition-colors&quot;[39m
          [36m&gt;[39m
            [0mfundamentos[0m
          [36m&lt;/button&gt;[39m
          [36m&lt;span[39m
            [33mclass[39m=[32m&quot;opacity-30&quot;[39m
          [36m&gt;[39m
            [0m/[0m
          [36m&lt;/span&gt;[39m
          [36m&lt;span[39m
            [33mclass[39m=[32m&quot;text-primary/80&quot;[39m
          [36m&gt;[39m
            [0mStress[0m
          [36m&lt;/span&gt;[39m
        [36m&lt;/nav&gt;[39m
        [36m&lt;header[39m
          [33mclass[39m=[32m&quot;space-y-6&quot;[39m
        [36m&gt;[39m
          [36m&lt;div[39m
            [33mclass[39m=[32m&quot;flex flex-col sm:flex-row sm:items-center justify-between gap-6&quot;[39m
          [36m&gt;[39m
            [36m&lt;div[39m
              [33mclass[39m=[32m&quot;flex items-center gap-4&quot;[39m
            [36m&gt;[39m
              [36m&lt;div[39m
                [33mclass[39m=[32m&quot;w-16 h-16 rounded-[2rem] bg-primary/10 flex items-center justify-center text-primary shadow-inner border border-primary/20&quot;[39m
              [36m&gt;[39m
                [36m&lt;svg[39m
                  [33mclass[39m=[32m&quot;lucide lucide-hash w-8 h-8&quot;[39m
                  [33mfill[39m=[32m&quot;none&quot;[39m
                  [33mheight[39m=[32m&quot;24&quot;[39m
                  [33mstroke[39m=[32m&quot;currentColor&quot;[39m
                  [33mstroke-linecap[39m=[32m&quot;round&quot;[39m
                  [33mstroke-linejoin[39m=[32m&quot;round&quot;[39m
                  [33mstroke-width[39m=[32m&quot;2&quot;[39m
                  [33mviewBox[39m=[32m&quot;0 0 24 24&quot;[39m
                  [33mwidth[39m=[32m&quot;24&quot;[39m
                  [33mxmlns[39m=[32m&quot;http://www.w3.org/2000/svg&quot;[39m
                [36m&gt;[39m
                  [36m&lt;line[39m
                    [33mx1[39m=[32m&quot;4&quot;[39m
                    [33mx2[39m=[32m&quot;20&quot;[39m
                    [33my1[39m=[32m&quot;9&quot;[39m
                    [33my2[39m=[32m&quot;9&quot;[39m
                  [36m/&gt;[39m
                  [36m&lt;line[39m
                    [33mx1[39m=[32m&quot;4&quot;[39m
                    [33mx2[39m=[32m&quot;20&quot;[39m
                    [33my1[39m=[32m&quot;15&quot;[39m
                    [33my2[39m=[32m&quot;15&quot;[39m
                  [36m/&gt;[39m
                  [36m&lt;line[39m
                    [33mx1[39m=[32m&quot;10&quot;[39m
                    [33mx2[39m=[32m&quot;8&quot;[39m
                    [33my1[39m=[32m&quot;3&quot;[39m
                    [33my2[39m=[32m&quot;..." type="AssertionError">
AssertionError: expected 0 to be greater than 0

Ignored nodes: comments, script, style
&lt;html&gt;
  &lt;head&gt;
    &lt;title&gt;
      Stress - Cathedra — Cathedra Digital
    &lt;/title&gt;
    &lt;link
      data-rh=&quot;true&quot;
      href=&quot;https://cathedradigital.lovable.app/temas/stress&quot;
      rel=&quot;canonical&quot;
    /&gt;
    &lt;meta
      content=&quot;Explore conteúdos sagrados sobre Stress.&quot;
      data-rh=&quot;true&quot;
      name=&quot;description&quot;
    /&gt;
    &lt;meta
      content=&quot;website&quot;
      data-rh=&quot;true&quot;
      property=&quot;og:type&quot;
    /&gt;
    &lt;meta
      content=&quot;https://cathedradigital.lovable.app/temas/stress&quot;
      data-rh=&quot;true&quot;
      property=&quot;og:url&quot;
    /&gt;
    &lt;meta
      content=&quot;Stress - Cathedra — Cathedra Digital&quot;
      data-rh=&quot;true&quot;
      property=&quot;og:title&quot;
    /&gt;
    &lt;meta
      content=&quot;Explore conteúdos sagrados sobre Stress.&quot;
      data-rh=&quot;true&quot;
      property=&quot;og:description&quot;
    /&gt;
    &lt;meta
      content=&quot;https://gpwrpmoniglarqwfyryp.supabase.co/storage/v1/object/public/public-assets/og-image.png&quot;
      data-rh=&quot;true&quot;
      property=&quot;og:image&quot;
    /&gt;
    &lt;meta
      content=&quot;summary_large_image&quot;
      data-rh=&quot;true&quot;
      name=&quot;twitter:card&quot;
    /&gt;
    &lt;meta
      content=&quot;Stress - Cathedra — Cathedra Digital&quot;
      data-rh=&quot;true&quot;
      name=&quot;twitter:title&quot;
    /&gt;
    &lt;meta
      content=&quot;Explore conteúdos sagrados sobre Stress.&quot;
      data-rh=&quot;true&quot;
      name=&quot;twitter:description&quot;
    /&gt;
    &lt;meta
      content=&quot;https://gpwrpmoniglarqwfyryp.supabase.co/storage/v1/object/public/public-assets/og-image.png&quot;
      data-rh=&quot;true&quot;
      name=&quot;twitter:image&quot;
    /&gt;
  &lt;/head&gt;
  &lt;body&gt;
    &lt;div&gt;
      &lt;div
        class=&quot;space-y-12 animate-in fade-in slide-in-from-bottom-4 duration-700 max-w-5xl mx-auto pb-24 px-4 relative&quot;
      &gt;
        &lt;div
          class=&quot;fixed inset-0 bg-gradient-to-b from-blue-500/10 via-background to-background -z-10 pointer-events-none opacity-40&quot;
        /&gt;
        &lt;nav
          class=&quot;flex items-center gap-3 text-[10px] font-black uppercase tracking-[0.2em] text-muted-foreground/50 mb-8 overflow-x-auto whitespace-nowrap pb-2 scrollbar-none&quot;
        &gt;
          &lt;button
            class=&quot;hover:text-primary transition-colors flex items-center gap-1&quot;
          &gt;
            &lt;svg
              class=&quot;lucide lucide-chevron-left w-3 h-3&quot;
              fill=&quot;none&quot;
              height=&quot;24&quot;
              stroke=&quot;currentColor&quot;
              stroke-linecap=&quot;round&quot;
              stroke-linejoin=&quot;round&quot;
              stroke-width=&quot;2&quot;
              viewBox=&quot;0 0 24 24&quot;
              width=&quot;24&quot;
              xmlns=&quot;http://www.w3.org/2000/svg&quot;
            &gt;
              &lt;path
                d=&quot;m15 18-6-6 6-6&quot;
              /&gt;
            &lt;/svg&gt;
             Início
          &lt;/button&gt;
          &lt;span
            class=&quot;opacity-30&quot;
          &gt;
            /
          &lt;/span&gt;
          &lt;button
            class=&quot;hover:text-primary transition-colors&quot;
          &gt;
            Temas
          &lt;/button&gt;
          &lt;span
            class=&quot;opacity-30&quot;
          &gt;
            /
          &lt;/span&gt;
          &lt;button
            class=&quot;hover:text-primary transition-colors&quot;
          &gt;
            fundamentos
          &lt;/button&gt;
          &lt;span
            class=&quot;opacity-30&quot;
          &gt;
            /
          &lt;/span&gt;
          &lt;span
            class=&quot;text-primary/80&quot;
          &gt;
            Stress
          &lt;/span&gt;
        &lt;/nav&gt;
        &lt;header
          class=&quot;space-y-6&quot;
        &gt;
          &lt;div
            class=&quot;flex flex-col sm:flex-row sm:items-center justify-between gap-6&quot;
          &gt;
            &lt;div
              class=&quot;flex items-center gap-4&quot;
            &gt;
              &lt;div
                class=&quot;w-16 h-16 rounded-[2rem] bg-primary/10 flex items-center justify-center text-primary shadow-inner border border-primary/20&quot;
              &gt;
                &lt;svg
                  class=&quot;lucide lucide-hash w-8 h-8&quot;
                  fill=&quot;none&quot;
                  height=&quot;24&quot;
                  stroke=&quot;currentColor&quot;
                  stroke-linecap=&quot;round&quot;
                  stroke-linejoin=&quot;round&quot;
                  stroke-width=&quot;2&quot;
                  viewBox=&quot;0 0 24 24&quot;
                  width=&quot;24&quot;
                  xmlns=&quot;http://www.w3.org/2000/svg&quot;
                &gt;
                  &lt;line
                    x1=&quot;4&quot;
                    x2=&quot;20&quot;
                    y1=&quot;9&quot;
                    y2=&quot;9&quot;
                  /&gt;
                  &lt;line
                    x1=&quot;4&quot;
                    x2=&quot;20&quot;
                    y1=&quot;15&quot;
                    y2=&quot;15&quot;
                  /&gt;
                  &lt;line
                    x1=&quot;10&quot;
                    x2=&quot;8&quot;
                    y1=&quot;3&quot;
                    y2=&quot;...
 ❯ src/components/cathedra/TemaDetailPage.test.tsx:605:66
 ❯ runWithExpensiveErrorDiagnosticsDisabled node_modules/.bun/@testing-library+dom@10.4.1/node_modules/@testing-library/dom/dist/config.js:47:12
 ❯ checkCallback node_modules/.bun/@testing-library+dom@10.4.1/node_modules/@testing-library/dom/dist/wait-for.js:124:77
 ❯ Timeout.checkRealTimersCallback node_modules/.bun/@testing-library+dom@10.4.1/node_modules/@testing-library/dom/dist/wait-for.js:118:16
            </failure>
        </testcase>
        <testcase classname="src/components/cathedra/TemaDetailPage.test.tsx" name="TemaDetailPage - Integration Tests &gt; verifies retry button accessibility states (aria-busy)" time="1.052345085">
            <system-out>
[STATS] {&quot;calls&quot;:0,&quot;tabs&quot;:{}}

            </system-out>
            <failure message="[2mexpect([22m[31melement[39m[2m).toHaveAttribute([22m[32m[32m&quot;aria-busy&quot;[32m[39m[2m, [22m[32m[32m&quot;true&quot;[32m[39m[2m) // element.getAttribute(&quot;aria-busy&quot;) === &quot;true&quot;[22m

Expected the element to have attribute:
[32m  aria-busy=&quot;true&quot;[39m
Received:
[31m  aria-busy=&quot;false&quot;[39m

Ignored nodes: comments, script, style
[36m&lt;html&gt;[39m
  [36m&lt;head&gt;[39m
    [36m&lt;title&gt;[39m
      [0mA11y - Cathedra — Cathedra Digital[0m
    [36m&lt;/title&gt;[39m
    [36m&lt;link[39m
      [33mdata-rh[39m=[32m&quot;true&quot;[39m
      [33mhref[39m=[32m&quot;https://cathedradigital.lovable.app/temas/a11y&quot;[39m
      [33mrel[39m=[32m&quot;canonical&quot;[39m
    [36m/&gt;[39m
    [36m&lt;meta[39m
      [33mcontent[39m=[32m&quot;Explore conteúdos sagrados sobre A11y.&quot;[39m
      [33mdata-rh[39m=[32m&quot;true&quot;[39m
      [33mname[39m=[32m&quot;description&quot;[39m
    [36m/&gt;[39m
    [36m&lt;meta[39m
      [33mcontent[39m=[32m&quot;website&quot;[39m
      [33mdata-rh[39m=[32m&quot;true&quot;[39m
      [33mproperty[39m=[32m&quot;og:type&quot;[39m
    [36m/&gt;[39m
    [36m&lt;meta[39m
      [33mcontent[39m=[32m&quot;https://cathedradigital.lovable.app/temas/a11y&quot;[39m
      [33mdata-rh[39m=[32m&quot;true&quot;[39m
      [33mproperty[39m=[32m&quot;og:url&quot;[39m
    [36m/&gt;[39m
    [36m&lt;meta[39m
      [33mcontent[39m=[32m&quot;A11y - Cathedra — Cathedra Digital&quot;[39m
      [33mdata-rh[39m=[32m&quot;true&quot;[39m
      [33mproperty[39m=[32m&quot;og:title&quot;[39m
    [36m/&gt;[39m
    [36m&lt;meta[39m
      [33mcontent[39m=[32m&quot;Explore conteúdos sagrados sobre A11y.&quot;[39m
      [33mdata-rh[39m=[32m&quot;true&quot;[39m
      [33mproperty[39m=[32m&quot;og:description&quot;[39m
    [36m/&gt;[39m
    [36m&lt;meta[39m
      [33mcontent[39m=[32m&quot;https://gpwrpmoniglarqwfyryp.supabase.co/storage/v1/object/public/public-assets/og-image.png&quot;[39m
      [33mdata-rh[39m=[32m&quot;true&quot;[39m
      [33mproperty[39m=[32m&quot;og:image&quot;[39m
    [36m/&gt;[39m
    [36m&lt;meta[39m
      [33mcontent[39m=[32m&quot;summary_large_image&quot;[39m
      [33mdata-rh[39m=[32m&quot;true&quot;[39m
      [33mname[39m=[32m&quot;twitter:card&quot;[39m
    [36m/&gt;[39m
    [36m&lt;meta[39m
      [33mcontent[39m=[32m&quot;A11y - Cathedra — Cathedra Digital&quot;[39m
      [33mdata-rh[39m=[32m&quot;true&quot;[39m
      [33mname[39m=[32m&quot;twitter:title&quot;[39m
    [36m/&gt;[39m
    [36m&lt;meta[39m
      [33mcontent[39m=[32m&quot;Explore conteúdos sagrados sobre A11y.&quot;[39m
      [33mdata-rh[39m=[32m&quot;true&quot;[39m
      [33mname[39m=[32m&quot;twitter:description&quot;[39m
    [36m/&gt;[39m
    [36m&lt;meta[39m
      [33mcontent[39m=[32m&quot;https://gpwrpmoniglarqwfyryp.supabase.co/storage/v1/object/public/public-assets/og-image.png&quot;[39m
      [33mdata-rh[39m=[32m&quot;true&quot;[39m
      [33mname[39m=[32m&quot;twitter:image&quot;[39m
    [36m/&gt;[39m
  [36m&lt;/head&gt;[39m
  [36m&lt;body&gt;[39m
    [36m&lt;div&gt;[39m
      [36m&lt;div[39m
        [33mclass[39m=[32m&quot;space-y-12 animate-in fade-in slide-in-from-bottom-4 duration-700 max-w-5xl mx-auto pb-24 px-4 relative&quot;[39m
      [36m&gt;[39m
        [36m&lt;div[39m
          [33mclass[39m=[32m&quot;fixed inset-0 bg-gradient-to-b from-blue-500/10 via-background to-background -z-10 pointer-events-none opacity-40&quot;[39m
        [36m/&gt;[39m
        [36m&lt;nav[39m
          [33mclass[39m=[32m&quot;flex items-center gap-3 text-[10px] font-black uppercase tracking-[0.2em] text-muted-foreground/50 mb-8 overflow-x-auto whitespace-nowrap pb-2 scrollbar-none&quot;[39m
        [36m&gt;[39m
          [36m&lt;button[39m
            [33mclass[39m=[32m&quot;hover:text-primary transition-colors flex items-center gap-1&quot;[39m
          [36m&gt;[39m
            [36m&lt;svg[39m
              [33mclass[39m=[32m&quot;lucide lucide-chevron-left w-3 h-3&quot;[39m
              [33mfill[39m=[32m&quot;none&quot;[39m
              [33mheight[39m=[32m&quot;24&quot;[39m
              [33mstroke[39m=[32m&quot;currentColor&quot;[39m
              [33mstroke-linecap[39m=[32m&quot;round&quot;[39m
              [33mstroke-linejoin[39m=[32m&quot;round&quot;[39m
              [33mstroke-width[39m=[32m&quot;2&quot;[39m
              [33mviewBox[39m=[32m&quot;0 0 24 24&quot;[39m
              [33mwidth[39m=[32m&quot;24&quot;[39m
              [33mxmlns[39m=[32m&quot;http://www.w3.org/2000/svg&quot;[39m
            [36m&gt;[39m
              [36m&lt;path[39m
                [33md[39m=[32m&quot;m15 18-6-6 6-6&quot;[39m
              [36m/&gt;[39m
            [36m&lt;/svg&gt;[39m
            [0m Início[0m
          [36m&lt;/button&gt;[39m
          [36m&lt;span[39m
            [33mclass[39m=[32m&quot;opacity-30&quot;[39m
          [36m&gt;[39m
            [0m/[0m
          [36m&lt;/span&gt;[39m
          [36m&lt;button[39m
            [33mclass[39m=[32m&quot;hover:text-primary transition-colors&quot;[39m
          [36m&gt;[39m
            [0mTemas[0m
          [36m&lt;/button&gt;[39m
          [36m&lt;span[39m
            [33mclass[39m=[32m&quot;opacity-30&quot;[39m
          [36m&gt;[39m
            [0m/[0m
          [36m&lt;/span&gt;[39m
          [36m&lt;button[39m
            [33mclass[39m=[32m&quot;hover:text-primary transition-colors&quot;[39m
          [36m&gt;[39m
            [0mfundamentos[0m
          [36m&lt;/button&gt;[39m
          [36m&lt;span[39m
            [33mclass[39m=[32m&quot;opacity-30&quot;[39m
          [36m&gt;[39m
            [0m/[0m
          [36m&lt;/span&gt;[39m
          [36m&lt;span[39m
            [33mclass[39m=[32m&quot;text-primary/80&quot;[39m
          [36m&gt;[39m
            [0mA11y[0m
          [36m&lt;/span&gt;[39m
        [36m&lt;/nav&gt;[39m
        [36m&lt;header[39m
          [33mclass[39m=[32m&quot;space-y-6&quot;[39m
        [36m&gt;[39m
          [36m&lt;div[39m
            [33mclass[39m=[32m&quot;flex flex-col sm:flex-row sm:items-center justify-between gap-6&quot;[39m
          [36m&gt;[39m
            [36m&lt;div[39m
              [33mclass[39m=[32m&quot;flex items-center gap-4&quot;[39m
            [36m&gt;[39m
              [36m&lt;div[39m
                [33mclass[39m=[32m&quot;w-16 h-16 rounded-[2rem] bg-primary/10 flex items-center justify-center text-primary shadow-inner border border-primary/20&quot;[39m
              [36m&gt;[39m
                [36m&lt;svg[39m
                  [33mclass[39m=[32m&quot;lucide lucide-hash w-8 h-8&quot;[39m
                  [33mfill[39m=[32m&quot;none&quot;[39m
                  [33mheight[39m=[32m&quot;24&quot;[39m
                  [33mstroke[39m=[32m&quot;currentColor&quot;[39m
                  [33mstroke-linecap[39m=[32m&quot;round&quot;[39m
                  [33mstroke-linejoin[39m=[32m&quot;round&quot;[39m
                  [33mstroke-width[39m=[32m&quot;2&quot;[39m
                  [33mviewBox[39m=[32m&quot;0 0 24 24&quot;[39m
                  [33mwidth[39m=[32m&quot;24&quot;[39m
                  [33mxmlns[39m=[32m&quot;http://www.w3.org/2000/svg&quot;[39m
                [36m&gt;[39m
                  [36m&lt;line[39m
                    [33mx1[39m=[32m&quot;4&quot;[39m
                    [33mx2[39m=[32m&quot;20&quot;[39m
                    [33my1[39m=[32m&quot;9&quot;[39m
                    [33my2[39m=[32m&quot;9&quot;[39m
                  [36m/&gt;[39m
                  [36m&lt;line[39m
                    [33mx1[39m=[32m&quot;4&quot;[39m
                    [33mx2[39m=[32m&quot;20&quot;[39m
                    [33my1[39m=[32m&quot;15&quot;[39m
                    [33my2[39m=[32m&quot;15&quot;[39m
                  [36m/&gt;[39m
                  [36m&lt;line[39m
                    [33mx1[39m=[32m&quot;10&quot;[39m
                    [33mx2[39m=[32m&quot;8&quot;[39m
                    [33my1[39m=[32m&quot;3&quot;[39m
                    [33my2[39m=[32m&quot;21&quot;[39m
         ..." type="Error">
Error: expect(element).toHaveAttribute(&quot;aria-busy&quot;, &quot;true&quot;) // element.getAttribute(&quot;aria-busy&quot;) === &quot;true&quot;

Expected the element to have attribute:
  aria-busy=&quot;true&quot;
Received:
  aria-busy=&quot;false&quot;

Ignored nodes: comments, script, style
&lt;html&gt;
  &lt;head&gt;
    &lt;title&gt;
      A11y - Cathedra — Cathedra Digital
    &lt;/title&gt;
    &lt;link
      data-rh=&quot;true&quot;
      href=&quot;https://cathedradigital.lovable.app/temas/a11y&quot;
      rel=&quot;canonical&quot;
    /&gt;
    &lt;meta
      content=&quot;Explore conteúdos sagrados sobre A11y.&quot;
      data-rh=&quot;true&quot;
      name=&quot;description&quot;
    /&gt;
    &lt;meta
      content=&quot;website&quot;
      data-rh=&quot;true&quot;
      property=&quot;og:type&quot;
    /&gt;
    &lt;meta
      content=&quot;https://cathedradigital.lovable.app/temas/a11y&quot;
      data-rh=&quot;true&quot;
      property=&quot;og:url&quot;
    /&gt;
    &lt;meta
      content=&quot;A11y - Cathedra — Cathedra Digital&quot;
      data-rh=&quot;true&quot;
      property=&quot;og:title&quot;
    /&gt;
    &lt;meta
      content=&quot;Explore conteúdos sagrados sobre A11y.&quot;
      data-rh=&quot;true&quot;
      property=&quot;og:description&quot;
    /&gt;
    &lt;meta
      content=&quot;https://gpwrpmoniglarqwfyryp.supabase.co/storage/v1/object/public/public-assets/og-image.png&quot;
      data-rh=&quot;true&quot;
      property=&quot;og:image&quot;
    /&gt;
    &lt;meta
      content=&quot;summary_large_image&quot;
      data-rh=&quot;true&quot;
      name=&quot;twitter:card&quot;
    /&gt;
    &lt;meta
      content=&quot;A11y - Cathedra — Cathedra Digital&quot;
      data-rh=&quot;true&quot;
      name=&quot;twitter:title&quot;
    /&gt;
    &lt;meta
      content=&quot;Explore conteúdos sagrados sobre A11y.&quot;
      data-rh=&quot;true&quot;
      name=&quot;twitter:description&quot;
    /&gt;
    &lt;meta
      content=&quot;https://gpwrpmoniglarqwfyryp.supabase.co/storage/v1/object/public/public-assets/og-image.png&quot;
      data-rh=&quot;true&quot;
      name=&quot;twitter:image&quot;
    /&gt;
  &lt;/head&gt;
  &lt;body&gt;
    &lt;div&gt;
      &lt;div
        class=&quot;space-y-12 animate-in fade-in slide-in-from-bottom-4 duration-700 max-w-5xl mx-auto pb-24 px-4 relative&quot;
      &gt;
        &lt;div
          class=&quot;fixed inset-0 bg-gradient-to-b from-blue-500/10 via-background to-background -z-10 pointer-events-none opacity-40&quot;
        /&gt;
        &lt;nav
          class=&quot;flex items-center gap-3 text-[10px] font-black uppercase tracking-[0.2em] text-muted-foreground/50 mb-8 overflow-x-auto whitespace-nowrap pb-2 scrollbar-none&quot;
        &gt;
          &lt;button
            class=&quot;hover:text-primary transition-colors flex items-center gap-1&quot;
          &gt;
            &lt;svg
              class=&quot;lucide lucide-chevron-left w-3 h-3&quot;
              fill=&quot;none&quot;
              height=&quot;24&quot;
              stroke=&quot;currentColor&quot;
              stroke-linecap=&quot;round&quot;
              stroke-linejoin=&quot;round&quot;
              stroke-width=&quot;2&quot;
              viewBox=&quot;0 0 24 24&quot;
              width=&quot;24&quot;
              xmlns=&quot;http://www.w3.org/2000/svg&quot;
            &gt;
              &lt;path
                d=&quot;m15 18-6-6 6-6&quot;
              /&gt;
            &lt;/svg&gt;
             Início
          &lt;/button&gt;
          &lt;span
            class=&quot;opacity-30&quot;
          &gt;
            /
          &lt;/span&gt;
          &lt;button
            class=&quot;hover:text-primary transition-colors&quot;
          &gt;
            Temas
          &lt;/button&gt;
          &lt;span
            class=&quot;opacity-30&quot;
          &gt;
            /
          &lt;/span&gt;
          &lt;button
            class=&quot;hover:text-primary transition-colors&quot;
          &gt;
            fundamentos
          &lt;/button&gt;
          &lt;span
            class=&quot;opacity-30&quot;
          &gt;
            /
          &lt;/span&gt;
          &lt;span
            class=&quot;text-primary/80&quot;
          &gt;
            A11y
          &lt;/span&gt;
        &lt;/nav&gt;
        &lt;header
          class=&quot;space-y-6&quot;
        &gt;
          &lt;div
            class=&quot;flex flex-col sm:flex-row sm:items-center justify-between gap-6&quot;
          &gt;
            &lt;div
              class=&quot;flex items-center gap-4&quot;
            &gt;
              &lt;div
                class=&quot;w-16 h-16 rounded-[2rem] bg-primary/10 flex items-center justify-center text-primary shadow-inner border border-primary/20&quot;
              &gt;
                &lt;svg
                  class=&quot;lucide lucide-hash w-8 h-8&quot;
                  fill=&quot;none&quot;
                  height=&quot;24&quot;
                  stroke=&quot;currentColor&quot;
                  stroke-linecap=&quot;round&quot;
                  stroke-linejoin=&quot;round&quot;
                  stroke-width=&quot;2&quot;
                  viewBox=&quot;0 0 24 24&quot;
                  width=&quot;24&quot;
                  xmlns=&quot;http://www.w3.org/2000/svg&quot;
                &gt;
                  &lt;line
                    x1=&quot;4&quot;
                    x2=&quot;20&quot;
                    y1=&quot;9&quot;
                    y2=&quot;9&quot;
                  /&gt;
                  &lt;line
                    x1=&quot;4&quot;
                    x2=&quot;20&quot;
                    y1=&quot;15&quot;
                    y2=&quot;15&quot;
                  /&gt;
                  &lt;line
                    x1=&quot;10&quot;
                    x2=&quot;8&quot;
                    y1=&quot;3&quot;
                    y2=&quot;21&quot;
         ...
 ❯ src/components/cathedra/TemaDetailPage.test.tsx:631:24
 ❯ runWithExpensiveErrorDiagnosticsDisabled node_modules/.bun/@testing-library+dom@10.4.1/node_modules/@testing-library/dom/dist/config.js:47:12
 ❯ checkCallback node_modules/.bun/@testing-library+dom@10.4.1/node_modules/@testing-library/dom/dist/wait-for.js:124:77
 ❯ Timeout.checkRealTimersCallback node_modules/.bun/@testing-library+dom@10.4.1/node_modules/@testing-library/dom/dist/wait-for.js:118:16
            </failure>
        </testcase>
        <testcase classname="src/components/cathedra/TemaDetailPage.test.tsx" name="TemaDetailPage - Integration Tests &gt; ensures stale responses from previous tabs are ignored (race condition)" time="1.834025216">
            <system-out>
[STATS] {&quot;calls&quot;:0,&quot;tabs&quot;:{}}

            </system-out>
            <failure message="Unable to find an element with the text: ACTIVE DATA. This could be because the text is broken up by multiple elements. In this case, you can provide a function for your text matcher to make your matcher more flexible.

Ignored nodes: comments, script, style
[36m&lt;body&gt;[39m
  [36m&lt;div&gt;[39m
    [36m&lt;div[39m
      [33mclass[39m=[32m&quot;space-y-12 animate-in fade-in slide-in-from-bottom-4 duration-700 max-w-5xl mx-auto pb-24 px-4 relative&quot;[39m
    [36m&gt;[39m
      [36m&lt;div[39m
        [33mclass[39m=[32m&quot;fixed inset-0 bg-gradient-to-b from-blue-500/10 via-background to-background -z-10 pointer-events-none opacity-40&quot;[39m
      [36m/&gt;[39m
      [36m&lt;nav[39m
        [33mclass[39m=[32m&quot;flex items-center gap-3 text-[10px] font-black uppercase tracking-[0.2em] text-muted-foreground/50 mb-8 overflow-x-auto whitespace-nowrap pb-2 scrollbar-none&quot;[39m
      [36m&gt;[39m
        [36m&lt;button[39m
          [33mclass[39m=[32m&quot;hover:text-primary transition-colors flex items-center gap-1&quot;[39m
        [36m&gt;[39m
          [36m&lt;svg[39m
            [33mclass[39m=[32m&quot;lucide lucide-chevron-left w-3 h-3&quot;[39m
            [33mfill[39m=[32m&quot;none&quot;[39m
            [33mheight[39m=[32m&quot;24&quot;[39m
            [33mstroke[39m=[32m&quot;currentColor&quot;[39m
            [33mstroke-linecap[39m=[32m&quot;round&quot;[39m
            [33mstroke-linejoin[39m=[32m&quot;round&quot;[39m
            [33mstroke-width[39m=[32m&quot;2&quot;[39m
            [33mviewBox[39m=[32m&quot;0 0 24 24&quot;[39m
            [33mwidth[39m=[32m&quot;24&quot;[39m
            [33mxmlns[39m=[32m&quot;http://www.w3.org/2000/svg&quot;[39m
          [36m&gt;[39m
            [36m&lt;path[39m
              [33md[39m=[32m&quot;m15 18-6-6 6-6&quot;[39m
            [36m/&gt;[39m
          [36m&lt;/svg&gt;[39m
          [0m Início[0m
        [36m&lt;/button&gt;[39m
        [36m&lt;span[39m
          [33mclass[39m=[32m&quot;opacity-30&quot;[39m
        [36m&gt;[39m
          [0m/[0m
        [36m&lt;/span&gt;[39m
        [36m&lt;button[39m
          [33mclass[39m=[32m&quot;hover:text-primary transition-colors&quot;[39m
        [36m&gt;[39m
          [0mTemas[0m
        [36m&lt;/button&gt;[39m
        [36m&lt;span[39m
          [33mclass[39m=[32m&quot;opacity-30&quot;[39m
        [36m&gt;[39m
          [0m/[0m
        [36m&lt;/span&gt;[39m
        [36m&lt;button[39m
          [33mclass[39m=[32m&quot;hover:text-primary transition-colors&quot;[39m
        [36m&gt;[39m
          [0mfundamentos[0m
        [36m&lt;/button&gt;[39m
        [36m&lt;span[39m
          [33mclass[39m=[32m&quot;opacity-30&quot;[39m
        [36m&gt;[39m
          [0m/[0m
        [36m&lt;/span&gt;[39m
        [36m&lt;span[39m
          [33mclass[39m=[32m&quot;text-primary/80&quot;[39m
        [36m&gt;[39m
          [0mStale[0m
        [36m&lt;/span&gt;[39m
      [36m&lt;/nav&gt;[39m
      [36m&lt;header[39m
        [33mclass[39m=[32m&quot;space-y-6&quot;[39m
      [36m&gt;[39m
        [36m&lt;div[39m
          [33mclass[39m=[32m&quot;flex flex-col sm:flex-row sm:items-center justify-between gap-6&quot;[39m
        [36m&gt;[39m
          [36m&lt;div[39m
            [33mclass[39m=[32m&quot;flex items-center gap-4&quot;[39m
          [36m&gt;[39m
            [36m&lt;div[39m
              [33mclass[39m=[32m&quot;w-16 h-16 rounded-[2rem] bg-primary/10 flex items-center justify-center text-primary shadow-inner border border-primary/20&quot;[39m
            [36m&gt;[39m
              [36m&lt;svg[39m
                [33mclass[39m=[32m&quot;lucide lucide-hash w-8 h-8&quot;[39m
                [33mfill[39m=[32m&quot;none&quot;[39m
                [33mheight[39m=[32m&quot;24&quot;[39m
                [33mstroke[39m=[32m&quot;currentColor&quot;[39m
                [33mstroke-linecap[39m=[32m&quot;round&quot;[39m
                [33mstroke-linejoin[39m=[32m&quot;round&quot;[39m
                [33mstroke-width[39m=[32m&quot;2&quot;[39m
                [33mviewBox[39m=[32m&quot;0 0 24 24&quot;[39m
                [33mwidth[39m=[32m&quot;24&quot;[39m
                [33mxmlns[39m=[32m&quot;http://www.w3.org/2000/svg&quot;[39m
              [36m&gt;[39m
                [36m&lt;line[39m
                  [33mx1[39m=[32m&quot;4&quot;[39m
                  [33mx2[39m=[32m&quot;20&quot;[39m
                  [33my1[39m=[32m&quot;9&quot;[39m
                  [33my2[39m=[32m&quot;9&quot;[39m
                [36m/&gt;[39m
                [36m&lt;line[39m
                  [33mx1[39m=[32m&quot;4&quot;[39m
                  [33mx2[39m=[32m&quot;20&quot;[39m
                  [33my1[39m=[32m&quot;15&quot;[39m
                  [33my2[39m=[32m&quot;15&quot;[39m
                [36m/&gt;[39m
                [36m&lt;line[39m
                  [33mx1[39m=[32m&quot;10&quot;[39m
                  [33mx2[39m=[32m&quot;8&quot;[39m
                  [33my1[39m=[32m&quot;3&quot;[39m
                  [33my2[39m=[32m&quot;21&quot;[39m
                [36m/&gt;[39m
                [36m&lt;line[39m
                  [33mx1[39m=[32m&quot;16&quot;[39m
                  [33mx2[39m=[32m&quot;14&quot;[39m
                  [33my1[39m=[32m&quot;3&quot;[39m
                  [33my2[39m=[32m&quot;21&quot;[39m
                [36m/&gt;[39m
              [36m&lt;/svg&gt;[39m
            [36m&lt;/div&gt;[39m
            [36m&lt;div&gt;[39m
              [36m&lt;div[39m
                [33mclass[39m=[32m&quot;flex items-center gap-2 mb-1&quot;[39m
              [36m&gt;[39m
                [36m&lt;span[39m
                  [33mclass[39m=[32m&quot;text-[10px] font-black uppercase tracking-[0.3em] text-primary/60&quot;[39m
                [36m&gt;[39m
                  [0mfundamentos[0m
                [36m&lt;/span&gt;[39m
                [36m&lt;div[39m
                  [33mclass[39m=[32m&quot;w-1 h-1 rounded-full bg-primary/30&quot;[39m
                [36m/&gt;[39m
                [36m&lt;div[39m
                  [33mclass[39m=[32m&quot;inline-flex items-center rounded-full border px-2.5 py-0.5 transition-colors focus:outline-none focus:ring-2 focus:ring-ring focus:ring-offset-2 text-[9px] font-black uppercase tracking-widest border-primary/20 text-primary/70&quot;[39m
                [36m&gt;[39m
                  [0mNexus[0m
                [36m&lt;/div&gt;[39m
              [36m&lt;/div&gt;[39m
              [36m&lt;h1[39m
                [33mclass[39m=[32m&quot;text-4xl sm:text-5xl font-black tracking-tight text-foreground&quot;[39m
              [36m&gt;[39m
                [0mStale[0m
              [36m&lt;/h1&gt;[39m
            [36m&lt;/div&gt;[39m
          [36m&lt;/div&gt;[39m
          [36m&lt;button[39m
            [33mclass[39m=[32m&quot;inline-flex items-center justify-center gap-2.5 whitespace-nowrap text-sm focus-visible:outline-none focus-visible:ring-2 focus-visible:ring-ring disabled:pointer-events-none disabled:opacity-50 [&amp;_svg]:pointer-events-none [&amp;_svg]:size-5 [&amp;_svg]:shrink-0 hover:shadow-md hover:bg-primary/90 py-3 rounded-2xl h-14 px-8 bg-primary text-primary-foreground font-black uppercase tracking-widest shadow-xl shadow-primary/20 hover:scale-[1.02] active:scale-[0.98] transition-all group overflow-hidden relative&quot;[39m
          [36m&gt;[39m
            [36m&lt;div[39m
              [33mclass[39m=[32m&quot;absolute inset-0 bg-gradient-to-r from-white/0 via-white/10 to-white/0 -translate-x-full group-hover:animate-shimmer&quot;[39m
            [36m/&gt;[39m
            [36m&lt;svg[39m
              [33mclass[39m=[32m&quot;lucide lucide-sparkles w-5 h-5 mr-2 group-hover:rotate-12 transition-transform&quot;[39m
              [33mfill[39m=[32m&quot;none&quot;[39m
              [33mheight[39m=[32m&quot;24&quot;[39m
  ...

Ignored nodes: comments, script, style
[36m&lt;body&gt;[39m
  [36m&lt;div&gt;[39m
    [36m&lt;div[39m
      [33mclass[39m=[32m&quot;space-y-12 animate-in fade-in slide-in-from-bottom-4 duration-700 max-w-5xl mx-auto pb-24 px-4 relative&quot;[39m
    [36m&gt;[39m
      [36m&lt;div[39m
        [33mclass[39m=[32m&quot;fixed inset-0 bg-gradient-to-b from-blue-500/10 via-background to-background -z-10 pointer-events-none opacity-40&quot;[39m
      [36m/&gt;[39m
      [36m&lt;nav[39m
        [33mclass[39m=[32m&quot;flex items-center gap-3 text-[10px] font-black uppercase tracking-[0.2em] text-muted-foreground/50 mb-8 overflow-x-auto whitespace-nowrap pb-2 scrollbar-none&quot;[39m
      [36m&gt;[39m
        [36m&lt;button[39m
          [33mclass[39m=[32m&quot;hover:text-primary transition-colors flex items-center gap-1&quot;[39m
        [36m&gt;[39m
          [36m&lt;svg[39m
            [33mclass[39m=[32m&quot;lucide lucide-chevron-left w-3 h-3&quot;[39m
            [33mfill[39m=[32m&quot;none&quot;[39m
            [33mheight[39m=[32m&quot;24&quot;[39m
            [33mstroke[39m=[32m&quot;currentColor&quot;[39m
            [33mstroke-linecap[39m=[32m&quot;round&quot;[39m
            [33mstroke-linejoin[39m=[32m&quot;round&quot;[39m
            [33mstroke-width[39m=[32m&quot;2&quot;[39m
            [33mviewBox[39m=[32m&quot;0 0 24 24&quot;[39m
            [33mwidth[39m=[32m&quot;24&quot;[39m
            [33mxmlns[39m=[32m&quot;http://www.w3.org/2000/svg&quot;[39m
          [36m&gt;[39m
            [36m&lt;path[39m
              [33md[39m=[32m&quot;m15 18-6-6 6-6&quot;[39m
            [36m/&gt;[39m
          [36m&lt;/svg&gt;[39m
          [0m Início[0m
        [36m&lt;/button&gt;[39m
        [36m&lt;span[39m
          [33mclass[39m=[32m&quot;opacity-30&quot;[39m
        [36m&gt;[39m
          [0m/[0m
        [36m&lt;/span&gt;[39m
        [36m&lt;button[39m
          [33mclass[39m=[32m&quot;hover:text-primary transition-colors&quot;[39m
        [36m&gt;[39m
          [0mTemas[0m
        [36m&lt;/button&gt;[39m
        [36m&lt;span[39m
          [33mclass[39m=[32m&quot;opacity-30&quot;[39m
        [36m&gt;[39m
          [0m/[0m
        [36m&lt;/span&gt;[39m
        [36m&lt;button[39m
          [33mclass[39m=[32m&quot;hover:text-primary transition-colors&quot;[39m
        [36m&gt;[39m
          [0mfundamentos[0m
        [36m&lt;/button&gt;[39m
        [36m&lt;span[39m
          [33mclass[39m=[32m&quot;opacity-30&quot;[39m
        [36m&gt;[39m
          [0m/[0m
        [36m&lt;/span&gt;[39m
        [36m&lt;span[39m
          [33mclass[39m=[32m&quot;text-primary/80&quot;[39m
        [36m&gt;[39m
          [0mStale[0m
        [36m&lt;/span&gt;[39m
      [36m&lt;/nav&gt;[39m
      [36m&lt;header[39m
        [33mclass[39m=[32m&quot;space-y-6&quot;[39m
      [36m&gt;[39m
        [36m&lt;div[39m
          [33mclass[39m=[32m&quot;flex flex-col sm:flex-row sm:items-center justify-between gap-6&quot;[39m
        [36m&gt;[39m
          [36m&lt;div[39m
            [33mclass[39m=[32m&quot;flex items-center gap-4&quot;[39m
          [36m&gt;[39m
            [36m&lt;div[39m
              [33mclass[39m=[32m&quot;w-16 h-16 rounded-[2rem] bg-primary/10 flex items-center justify-center text-primary shadow-inner border border-primary/20&quot;[39m
            [36m&gt;[39m
              [36m&lt;svg[39m
                [33mclass[39m=[32m&quot;lucide lucide-hash w-8 h-8&quot;[39m
                [33mfill[39m=[32m&quot;none&quot;[39m
                [33mheight[39m=[32m&quot;24&quot;[39m
                [33mstroke[39m=[32m&quot;currentColor&quot;[39m
                [33mstroke-linecap[39m=[32m&quot;round&quot;[39m
                [33mstroke-linejoin[39m=[32m&quot;round&quot;[39m
                [33mstroke-width[39m=[32m&quot;2&quot;[39m
                [33mviewBox[39m=[32m&quot;0 0 24 24&quot;[39m
                [33mwidth[39m=[32m&quot;24&quot;[39m
                [33mxmlns[39m=[32m&quot;http://www.w3.org/2000/svg&quot;[39m
              [36m&gt;[39m
                [36m&lt;line[39m
                  [33mx1[39m=[32m&quot;4&quot;[39m
                  [33mx2[39m=[32m&quot;20&quot;[39m
                  [33my1[39m=[32m&quot;9&quot;[39m
                  [33my2[39m=[32m&quot;9&quot;[39m
                [36m/&gt;[39m
                [36m&lt;line[39m
                  [33mx1[39m=[32m&quot;4&quot;[39m
                  [33mx2[39m=[32m&quot;20&quot;[39m
                  [33my1[39m=[32m&quot;15&quot;[39m
                  [33my2[39m=[32m&quot;15&quot;[39m
                [36m/&gt;[39m
                [36m&lt;line[39m
                  [33mx1[39m=[32m&quot;10&quot;[39m
                  [33mx2[39m=[32m&quot;8&quot;[39m
                  [33my1[39m=[32m&quot;3&quot;[39m
                  [33my2[39m=[32m&quot;21&quot;[39m
                [36m/&gt;[39m
                [36m&lt;line[39m
                  [33mx1[39m=[32m&quot;16&quot;[39m
                  [33mx2[39m=[32m&quot;14&quot;[39m
                  [33my1[39m=[32m&quot;3&quot;[39m
                  [33my2[39m=[32m&quot;21&quot;[39m
                [36m/&gt;[39m
              [36m&lt;/svg&gt;[39m
            [36m&lt;/div&gt;[39m
            [36m&lt;div&gt;[39m
              [36m&lt;div[39m
                [33mclass[39m=[32m&quot;flex items-center gap-2 mb-1&quot;[39m
              [36m&gt;[39m
                [36m&lt;span[39m
                  [33mclass[39m=[32m&quot;text-[10px] font-black uppercase tracking-[0.3em] text-primary/60&quot;[39m
                [36m&gt;[39m
                  [0mfundamentos[0m
                [36m&lt;/span&gt;[39m
                [36m&lt;div[39m
                  [33mclass[39m=[32m&quot;w-1 h-1 rounded-full bg-primary/30&quot;[39m
                [36m/&gt;[39m
                [36m&lt;div[39m
                  [33mclass[39m=[32m&quot;inline-flex items-center rounded-full border px-2.5 py-0.5 transition-colors focus:outline-none focus:ring-2 focus:ring-ring focus:ring-offset-2 text-[9px] font-black uppercase tracking-widest border-primary/20 text-primary/70&quot;[39m
                [36m&gt;[39m
                  [0mNexus[0m
                [36m&lt;/div&gt;[39m
              [36m&lt;/div&gt;[39m
              [36m&lt;h1[39m
                [33mclass[39m=[32m&quot;text-4xl sm:text-5xl font-black tracking-tight text-foreground&quot;[39m
              [36m&gt;[39m
                [0mStale[0m
              [36m&lt;/h1&gt;[39m
            [36m&lt;/div&gt;[39m
          [36m&lt;/div&gt;[39m
          [36m&lt;button[39m
            [33mclass[39m=[32m&quot;inline-flex items-center justify-center gap-2.5 whitespace-nowrap text-sm focus-visible:outline-none focus-visible:ring-2 focus-visible:ring-ring disabled:pointer-events-none disabled:opacity-50 [&amp;_svg]:pointer-events-none [&amp;_svg]:size-5 [&amp;_svg]:shrink-0 hover:shadow-md hover:bg-primary/90 py-3 rounded-2xl h-14 px-8 bg-primary text-primary-foreground font-black uppercase tracking-widest shadow-xl shadow-primary/20 hover:scale-[1.02] active:scale-[0.98] transition-all group overflow-hidden relative&quot;[39m
          [36m&gt;[39m
            [36m&lt;div[39m
              [33mclass[39m=[32m&quot;absolute inset-0 bg-gradient-to-r from-white/0 via-white/10 to-white/0 -translate-x-full group-hover:animate-shimmer&quot;[39m
            [36m/&gt;[39m
            [36m&lt;svg[39m
              [33mclass[39m=[32m&quot;lucide lucide-sparkles w-5 h-5 mr-2 group-hover:rotate-12 transition-transform&quot;[39m
              [33mfill[39m=[32m&quot;none&quot;[39m
              [33mheight[39m=[32m&quot;24&quot;[39m
  ..." type="TestingLibraryElementError">
TestingLibraryElementError: Unable to find an element with the text: ACTIVE DATA. This could be because the text is broken up by multiple elements. In this case, you can provide a function for your text matcher to make your matcher more flexible.

Ignored nodes: comments, script, style
&lt;body&gt;
  &lt;div&gt;
    &lt;div
      class=&quot;space-y-12 animate-in fade-in slide-in-from-bottom-4 duration-700 max-w-5xl mx-auto pb-24 px-4 relative&quot;
    &gt;
      &lt;div
        class=&quot;fixed inset-0 bg-gradient-to-b from-blue-500/10 via-background to-background -z-10 pointer-events-none opacity-40&quot;
      /&gt;
      &lt;nav
        class=&quot;flex items-center gap-3 text-[10px] font-black uppercase tracking-[0.2em] text-muted-foreground/50 mb-8 overflow-x-auto whitespace-nowrap pb-2 scrollbar-none&quot;
      &gt;
        &lt;button
          class=&quot;hover:text-primary transition-colors flex items-center gap-1&quot;
        &gt;
          &lt;svg
            class=&quot;lucide lucide-chevron-left w-3 h-3&quot;
            fill=&quot;none&quot;
            height=&quot;24&quot;
            stroke=&quot;currentColor&quot;
            stroke-linecap=&quot;round&quot;
            stroke-linejoin=&quot;round&quot;
            stroke-width=&quot;2&quot;
            viewBox=&quot;0 0 24 24&quot;
            width=&quot;24&quot;
            xmlns=&quot;http://www.w3.org/2000/svg&quot;
          &gt;
            &lt;path
              d=&quot;m15 18-6-6 6-6&quot;
            /&gt;
          &lt;/svg&gt;
           Início
        &lt;/button&gt;
        &lt;span
          class=&quot;opacity-30&quot;
        &gt;
          /
        &lt;/span&gt;
        &lt;button
          class=&quot;hover:text-primary transition-colors&quot;
        &gt;
          Temas
        &lt;/button&gt;
        &lt;span
          class=&quot;opacity-30&quot;
        &gt;
          /
        &lt;/span&gt;
        &lt;button
          class=&quot;hover:text-primary transition-colors&quot;
        &gt;
          fundamentos
        &lt;/button&gt;
        &lt;span
          class=&quot;opacity-30&quot;
        &gt;
          /
        &lt;/span&gt;
        &lt;span
          class=&quot;text-primary/80&quot;
        &gt;
          Stale
        &lt;/span&gt;
      &lt;/nav&gt;
      &lt;header
        class=&quot;space-y-6&quot;
      &gt;
        &lt;div
          class=&quot;flex flex-col sm:flex-row sm:items-center justify-between gap-6&quot;
        &gt;
          &lt;div
            class=&quot;flex items-center gap-4&quot;
          &gt;
            &lt;div
              class=&quot;w-16 h-16 rounded-[2rem] bg-primary/10 flex items-center justify-center text-primary shadow-inner border border-primary/20&quot;
            &gt;
              &lt;svg
                class=&quot;lucide lucide-hash w-8 h-8&quot;
                fill=&quot;none&quot;
                height=&quot;24&quot;
                stroke=&quot;currentColor&quot;
                stroke-linecap=&quot;round&quot;
                stroke-linejoin=&quot;round&quot;
                stroke-width=&quot;2&quot;
                viewBox=&quot;0 0 24 24&quot;
                width=&quot;24&quot;
                xmlns=&quot;http://www.w3.org/2000/svg&quot;
              &gt;
                &lt;line
                  x1=&quot;4&quot;
                  x2=&quot;20&quot;
                  y1=&quot;9&quot;
                  y2=&quot;9&quot;
                /&gt;
                &lt;line
                  x1=&quot;4&quot;
                  x2=&quot;20&quot;
                  y1=&quot;15&quot;
                  y2=&quot;15&quot;
                /&gt;
                &lt;line
                  x1=&quot;10&quot;
                  x2=&quot;8&quot;
                  y1=&quot;3&quot;
                  y2=&quot;21&quot;
                /&gt;
                &lt;line
                  x1=&quot;16&quot;
                  x2=&quot;14&quot;
                  y1=&quot;3&quot;
                  y2=&quot;21&quot;
                /&gt;
              &lt;/svg&gt;
            &lt;/div&gt;
            &lt;div&gt;
              &lt;div
                class=&quot;flex items-center gap-2 mb-1&quot;
              &gt;
                &lt;span
                  class=&quot;text-[10px] font-black uppercase tracking-[0.3em] text-primary/60&quot;
                &gt;
                  fundamentos
                &lt;/span&gt;
                &lt;div
                  class=&quot;w-1 h-1 rounded-full bg-primary/30&quot;
                /&gt;
                &lt;div
                  class=&quot;inline-flex items-center rounded-full border px-2.5 py-0.5 transition-colors focus:outline-none focus:ring-2 focus:ring-ring focus:ring-offset-2 text-[9px] font-black uppercase tracking-widest border-primary/20 text-primary/70&quot;
                &gt;
                  Nexus
                &lt;/div&gt;
              &lt;/div&gt;
              &lt;h1
                class=&quot;text-4xl sm:text-5xl font-black tracking-tight text-foreground&quot;
              &gt;
                Stale
              &lt;/h1&gt;
            &lt;/div&gt;
          &lt;/div&gt;
          &lt;button
            class=&quot;inline-flex items-center justify-center gap-2.5 whitespace-nowrap text-sm focus-visible:outline-none focus-visible:ring-2 focus-visible:ring-ring disabled:pointer-events-none disabled:opacity-50 [&amp;_svg]:pointer-events-none [&amp;_svg]:size-5 [&amp;_svg]:shrink-0 hover:shadow-md hover:bg-primary/90 py-3 rounded-2xl h-14 px-8 bg-primary text-primary-foreground font-black uppercase tracking-widest shadow-xl shadow-primary/20 hover:scale-[1.02] active:scale-[0.98] transition-all group overflow-hidden relative&quot;
          &gt;
            &lt;div
              class=&quot;absolute inset-0 bg-gradient-to-r from-white/0 via-white/10 to-white/0 -translate-x-full group-hover:animate-shimmer&quot;
            /&gt;
            &lt;svg
              class=&quot;lucide lucide-sparkles w-5 h-5 mr-2 group-hover:rotate-12 transition-transform&quot;
              fill=&quot;none&quot;
              height=&quot;24&quot;
  ...

Ignored nodes: comments, script, style
&lt;body&gt;
  &lt;div&gt;
    &lt;div
      class=&quot;space-y-12 animate-in fade-in slide-in-from-bottom-4 duration-700 max-w-5xl mx-auto pb-24 px-4 relative&quot;
    &gt;
      &lt;div
        class=&quot;fixed inset-0 bg-gradient-to-b from-blue-500/10 via-background to-background -z-10 pointer-events-none opacity-40&quot;
      /&gt;
      &lt;nav
        class=&quot;flex items-center gap-3 text-[10px] font-black uppercase tracking-[0.2em] text-muted-foreground/50 mb-8 overflow-x-auto whitespace-nowrap pb-2 scrollbar-none&quot;
      &gt;
        &lt;button
          class=&quot;hover:text-primary transition-colors flex items-center gap-1&quot;
        &gt;
          &lt;svg
            class=&quot;lucide lucide-chevron-left w-3 h-3&quot;
            fill=&quot;none&quot;
            height=&quot;24&quot;
            stroke=&quot;currentColor&quot;
            stroke-linecap=&quot;round&quot;
            stroke-linejoin=&quot;round&quot;
            stroke-width=&quot;2&quot;
            viewBox=&quot;0 0 24 24&quot;
            width=&quot;24&quot;
            xmlns=&quot;http://www.w3.org/2000/svg&quot;
          &gt;
            &lt;path
              d=&quot;m15 18-6-6 6-6&quot;
            /&gt;
          &lt;/svg&gt;
           Início
        &lt;/button&gt;
        &lt;span
          class=&quot;opacity-30&quot;
        &gt;
          /
        &lt;/span&gt;
        &lt;button
          class=&quot;hover:text-primary transition-colors&quot;
        &gt;
          Temas
        &lt;/button&gt;
        &lt;span
          class=&quot;opacity-30&quot;
        &gt;
          /
        &lt;/span&gt;
        &lt;button
          class=&quot;hover:text-primary transition-colors&quot;
        &gt;
          fundamentos
        &lt;/button&gt;
        &lt;span
          class=&quot;opacity-30&quot;
        &gt;
          /
        &lt;/span&gt;
        &lt;span
          class=&quot;text-primary/80&quot;
        &gt;
          Stale
        &lt;/span&gt;
      &lt;/nav&gt;
      &lt;header
        class=&quot;space-y-6&quot;
      &gt;
        &lt;div
          class=&quot;flex flex-col sm:flex-row sm:items-center justify-between gap-6&quot;
        &gt;
          &lt;div
            class=&quot;flex items-center gap-4&quot;
          &gt;
            &lt;div
              class=&quot;w-16 h-16 rounded-[2rem] bg-primary/10 flex items-center justify-center text-primary shadow-inner border border-primary/20&quot;
            &gt;
              &lt;svg
                class=&quot;lucide lucide-hash w-8 h-8&quot;
                fill=&quot;none&quot;
                height=&quot;24&quot;
                stroke=&quot;currentColor&quot;
                stroke-linecap=&quot;round&quot;
                stroke-linejoin=&quot;round&quot;
                stroke-width=&quot;2&quot;
                viewBox=&quot;0 0 24 24&quot;
                width=&quot;24&quot;
                xmlns=&quot;http://www.w3.org/2000/svg&quot;
              &gt;
                &lt;line
                  x1=&quot;4&quot;
                  x2=&quot;20&quot;
                  y1=&quot;9&quot;
                  y2=&quot;9&quot;
                /&gt;
                &lt;line
                  x1=&quot;4&quot;
                  x2=&quot;20&quot;
                  y1=&quot;15&quot;
                  y2=&quot;15&quot;
                /&gt;
                &lt;line
                  x1=&quot;10&quot;
                  x2=&quot;8&quot;
                  y1=&quot;3&quot;
                  y2=&quot;21&quot;
                /&gt;
                &lt;line
                  x1=&quot;16&quot;
                  x2=&quot;14&quot;
                  y1=&quot;3&quot;
                  y2=&quot;21&quot;
                /&gt;
              &lt;/svg&gt;
            &lt;/div&gt;
            &lt;div&gt;
              &lt;div
                class=&quot;flex items-center gap-2 mb-1&quot;
              &gt;
                &lt;span
                  class=&quot;text-[10px] font-black uppercase tracking-[0.3em] text-primary/60&quot;
                &gt;
                  fundamentos
                &lt;/span&gt;
                &lt;div
                  class=&quot;w-1 h-1 rounded-full bg-primary/30&quot;
                /&gt;
                &lt;div
                  class=&quot;inline-flex items-center rounded-full border px-2.5 py-0.5 transition-colors focus:outline-none focus:ring-2 focus:ring-ring focus:ring-offset-2 text-[9px] font-black uppercase tracking-widest border-primary/20 text-primary/70&quot;
                &gt;
                  Nexus
                &lt;/div&gt;
              &lt;/div&gt;
              &lt;h1
                class=&quot;text-4xl sm:text-5xl font-black tracking-tight text-foreground&quot;
              &gt;
                Stale
              &lt;/h1&gt;
            &lt;/div&gt;
          &lt;/div&gt;
          &lt;button
            class=&quot;inline-flex items-center justify-center gap-2.5 whitespace-nowrap text-sm focus-visible:outline-none focus-visible:ring-2 focus-visible:ring-ring disabled:pointer-events-none disabled:opacity-50 [&amp;_svg]:pointer-events-none [&amp;_svg]:size-5 [&amp;_svg]:shrink-0 hover:shadow-md hover:bg-primary/90 py-3 rounded-2xl h-14 px-8 bg-primary text-primary-foreground font-black uppercase tracking-widest shadow-xl shadow-primary/20 hover:scale-[1.02] active:scale-[0.98] transition-all group overflow-hidden relative&quot;
          &gt;
            &lt;div
              class=&quot;absolute inset-0 bg-gradient-to-r from-white/0 via-white/10 to-white/0 -translate-x-full group-hover:animate-shimmer&quot;
            /&gt;
            &lt;svg
              class=&quot;lucide lucide-sparkles w-5 h-5 mr-2 group-hover:rotate-12 transition-transform&quot;
              fill=&quot;none&quot;
              height=&quot;24&quot;
  ...
 ❯ waitForWrapper node_modules/.bun/@testing-library+dom@10.4.1/node_modules/@testing-library/dom/dist/wait-for.js:163:27
 ❯ findByText node_modules/.bun/@testing-library+dom@10.4.1/node_modules/@testing-library/dom/dist/query-helpers.js:86:33
 ❯ src/components/cathedra/TemaDetailPage.test.tsx:685:25
            </failure>
        </testcase>
        <testcase classname="src/components/cathedra/TemaDetailPage.test.tsx" name="TemaDetailPage - Integration Tests &gt; validates that fetch is debounced during rapid tab switching" time="0.431889853">
            <system-out>
[STATS] {&quot;calls&quot;:0,&quot;tabs&quot;:{}}

            </system-out>
            <failure message="expected &quot;spy&quot; to be called 1 times, but got 0 times" type="AssertionError">
AssertionError: expected &quot;spy&quot; to be called 1 times, but got 0 times
 ❯ src/components/cathedra/TemaDetailPage.test.tsx:712:41
            </failure>
        </testcase>
    </testsuite>
</testsuites>
